Archive member included because of file (symbol)

libc_pic.a(uuid_to_string.pico)
                              (--whole-archive)
libc_pic.a(uuid_stream.pico)  (--whole-archive)
libc_pic.a(uuid_hash.pico)    (--whole-archive)
libc_pic.a(uuid_from_string.pico)
                              (--whole-archive)
libc_pic.a(uuid_equal.pico)   (--whole-archive)
libc_pic.a(uuid_create_nil.pico)
                              (--whole-archive)
libc_pic.a(uuid_create.pico)  (--whole-archive)
libc_pic.a(uuid_compare.pico)
                              (--whole-archive)
libc_pic.a(_cpufeature.pico)  (--whole-archive)
libc_pic.a(getprocessor.pico)
                              (--whole-archive)
libc_pic.a(get_bp.pico)       (--whole-archive)
libc_pic.a(_cpuid.pico)       (--whole-archive)
libc_pic.a(sprofile.pico)     (--whole-archive)
libc_pic.a(setrlimit.pico)    (--whole-archive)
libc_pic.a(sizeup.pico)       (--whole-archive)
libc_pic.a(futimens.pico)     (--whole-archive)
libc_pic.a(truncate.pico)     (--whole-archive)
libc_pic.a(sync.pico)         (--whole-archive)
libc_pic.a(symlink.pico)      (--whole-archive)
libc_pic.a(svrctl.pico)       (--whole-archive)
libc_pic.a(statvfs.pico)      (--whole-archive)
libc_pic.a(sigpending.pico)   (--whole-archive)
libc_pic.a(shutdown.pico)     (--whole-archive)
libc_pic.a(stime.pico)        (--whole-archive)
libc_pic.a(shmget.pico)       (--whole-archive)
libc_pic.a(shmat.pico)        (--whole-archive)
libc_pic.a(sendmsg.pico)      (--whole-archive)
libc_pic.a(sem.pico)          (--whole-archive)
libc_pic.a(recvmsg.pico)      (--whole-archive)
libc_pic.a(reboot.pico)       (--whole-archive)
libc_pic.a(ptrace.pico)       (--whole-archive)
libc_pic.a(pathconf.pico)     (--whole-archive)
libc_pic.a(mount.pico)        (--whole-archive)
libc_pic.a(mkfifo.pico)       (--whole-archive)
libc_pic.a(link.pico)         (--whole-archive)
libc_pic.a(setsockopt.pico)   (--whole-archive)
libc_pic.a(getsockname.pico)  (--whole-archive)
libc_pic.a(getppid.pico)      (--whole-archive)
libc_pic.a(getpgrp.pico)      (--whole-archive)
libc_pic.a(getgroups.pico)    (--whole-archive)
libc_pic.a(gcov_flush_sys.pico)
                              (--whole-archive)
libc_pic.a(fstatfs.pico)      (--whole-archive)
libc_pic.a(fpathconf.pico)    (--whole-archive)
libc_pic.a(flock.pico)        (--whole-archive)
libc_pic.a(chroot.pico)       (--whole-archive)
libc_pic.a(fchown.pico)       (--whole-archive)
libc_pic.a(getsid.pico)       (--whole-archive)
libc_pic.a(m_closefrom.pico)  (--whole-archive)
libc_pic.a(strptime.pico)     (--whole-archive)
libc_pic.a(getdate.pico)      (--whole-archive)
libc_pic.a(difftime.pico)     (--whole-archive)
libc_pic.a(_daylight.pico)    (--whole-archive)
libc_pic.a(thread-stub-init.pico)
                              (--whole-archive)
libc_pic.a(thread-stub.pico)  (--whole-archive)
libc_pic.a(__isthreaded.pico)
                              (--whole-archive)
libc_pic.a(tcsetpgrp.pico)    (--whole-archive)
libc_pic.a(tcsendbreak.pico)  (--whole-archive)
libc_pic.a(tcgetpgrp.pico)    (--whole-archive)
libc_pic.a(tcflush.pico)      (--whole-archive)
libc_pic.a(tcflow.pico)       (--whole-archive)
libc_pic.a(tcdrain.pico)      (--whole-archive)
libc_pic.a(cfsetspeed.pico)   (--whole-archive)
libc_pic.a(cfsetospeed.pico)  (--whole-archive)
libc_pic.a(cfsetispeed.pico)  (--whole-archive)
libc_pic.a(cfmakeraw.pico)    (--whole-archive)
libc_pic.a(cfgetospeed.pico)  (--whole-archive)
libc_pic.a(cfgetispeed.pico)  (--whole-archive)
libc_pic.a(swab.pico)         (--whole-archive)
libc_pic.a(ffs.pico)          (--whole-archive)
libc_pic.a(bzero.pico)        (--whole-archive)
libc_pic.a(bcopy.pico)        (--whole-archive)
libc_pic.a(bcmp.pico)         (--whole-archive)
libc_pic.a(wmemset.pico)      (--whole-archive)
libc_pic.a(wmemmove.pico)     (--whole-archive)
libc_pic.a(wmemcmp.pico)      (--whole-archive)
libc_pic.a(wcswcs.pico)       (--whole-archive)
libc_pic.a(wcstok.pico)       (--whole-archive)
libc_pic.a(wcsstr.pico)       (--whole-archive)
libc_pic.a(wcsspn.pico)       (--whole-archive)
libc_pic.a(wcsrchr.pico)      (--whole-archive)
libc_pic.a(wcspbrk.pico)      (--whole-archive)
libc_pic.a(wcsncpy.pico)      (--whole-archive)
libc_pic.a(wcsncmp.pico)      (--whole-archive)
libc_pic.a(wcsncasecmp.pico)  (--whole-archive)
libc_pic.a(wcsdup.pico)       (--whole-archive)
libc_pic.a(wcscasecmp.pico)   (--whole-archive)
libc_pic.a(wcsncat.pico)      (--whole-archive)
libc_pic.a(wcslcpy.pico)      (--whole-archive)
libc_pic.a(wcslcat.pico)      (--whole-archive)
libc_pic.a(wcscspn.pico)      (--whole-archive)
libc_pic.a(wcscat.pico)       (--whole-archive)
libc_pic.a(popcount64.pico)   (--whole-archive)
libc_pic.a(popcount32.pico)   (--whole-archive)
libc_pic.a(memmem.pico)       (--whole-archive)
libc_pic.a(memccpy.pico)      (--whole-archive)
libc_pic.a(consttime_memequal.pico)
                              (--whole-archive)
libc_pic.a(explicit_memset.pico)
[...]
Memory Configuration

Name             Origin             Length             Attributes
*default*        0x00000000         0xffffffff

Linker script and memory map

LOAD /usr/lib/crti.o
LOAD /usr/lib/crtbeginS.o
LOAD libc_pic.a
LOAD /usr/lib/crtendS.o
LOAD /usr/lib/crtn.o
                0x000000f4                . = (0x0 + SIZEOF_HEADERS)

.note.gnu.build-id
 *(.note.gnu.build-id)

.hash           0x000000f4     0x4b24
 *(.hash)
 .hash          0x000000f4     0x4b24 /usr/lib/crti.o

.gnu.hash
 *(.gnu.hash)

.dynsym         0x00004c18     0xac20
 *(.dynsym)
 .dynsym        0x00004c18     0xac20 /usr/lib/crti.o

.dynstr         0x0000f838     0x5ec4
 *(.dynstr)
 .dynstr        0x0000f838     0x5ec4 /usr/lib/crti.o

.gnu.version    0x000156fc        0x0
 *(.gnu.version)
 .gnu.version   0x00000000        0x0 /usr/lib/crti.o

.gnu.version_d  0x000156fc        0x0
 *(.gnu.version_d)
 .gnu.version_d
                0x00000000        0x0 /usr/lib/crti.o

.gnu.version_r  0x000156fc        0x0
 *(.gnu.version_r)
 .gnu.version_r
                0x00000000        0x0 /usr/lib/crti.o

.rel.dyn        0x000156fc     0x3428
 *(.rel.init)
 *(.rel.text .rel.text.* .rel.gnu.linkonce.t.*)
 .rel.text      0x00000000        0x0 /usr/lib/crti.o
 .rel.text._ZN7_Unwind10CFI_ParserINS_17LocalAddressSpaceENS_13Registers_x86EE11findPCRangeERS1_jRjS5_
                0x00000000        0x0 /usr/lib/crti.o
 .rel.text._ZN7_Unwind12UnwindCursorINS_17LocalAddressSpaceENS_13Registers_x86EE24setInfoBasedOnIPRegisterEb
                0x00000000        0x0 /usr/lib/crti.o
 .rel.text._ZN7_Unwind17DwarfInstructionsINS_17LocalAddressSpaceENS_13Registers_x86EE13stepWithDwarfERS1_jjRS2_PNS_15unw_proc_info_tE
                0x00000000        0x0 /usr/lib/crti.o
 .rel.text._ZN7_Unwind10CFI_ParserINS_17LocalAddressSpaceENS_13Registers_x86EE9decodeFDEERS1_jPNS3_8FDE_InfoEPNS3_8CIE_InfoEPNS_15unw_proc_info_tE
                0x00000000        0x0 /usr/lib/crti.o
 .rel.text._ZN7_Unwind17DwarfInstructionsINS_17LocalAddressSpaceENS_13Registers_x86EE16getSavedRegisterERS1_RKS2_jRKNS_10CFI_ParserIS1_S2_E16RegisterLocationE
                0x00000000        0x0 /usr/lib/crti.o
 .rel.text._ZN7_Unwind17DwarfInstructionsINS_17LocalAddressSpaceENS_13Registers_x86EE18evaluateExpressionEjRS1_RKS2_j
                0x00000000        0x0 /usr/lib/crti.o
 .rel.text._ZN7_Unwind10CFI_ParserINS_17LocalAddressSpaceENS_13Registers_x86EE17parseInstructionsERS1_jjRKNS3_8CIE_InfoEjRPNS3_20PrologInfoStackEntryEPNS3_10PrologInfoEPNS_15unw_proc_info_tE
                0x00000000        0x0 /usr/lib/crti.o
 .rel.text._ZN7_Unwind17LocalAddressSpace11getEncodedPERjjhPKNS_15unw_proc_info_tE
                0x00000000        0x0 /usr/lib/crti.o
 .rel.text._ZN7_Unwind10CFI_ParserINS_17LocalAddressSpaceENS_13Registers_x86EE8parseCIEERS1_jPNS3_8CIE_InfoE
                0x00000000        0x0 /usr/lib/crti.o
 .rel.text._ZN7_Unwind17LocalAddressSpace6addDSOEjj
                0x00000000        0x0 /usr/lib/crti.o
 .rel.text._ZN7_Unwind12UnwindCursorINS_17LocalAddressSpaceENS_13Registers_x86EE6jumptoEv
                0x00000000        0x0 /usr/lib/crti.o
 *(.rel.fini)
 *(.rel.rodata .rel.rodata.* .rel.gnu.linkonce.r.*)
 *(.rel.data.rel.ro .rel.data.rel.ro.* .rel.gnu.linkonce.d.rel.ro.*)
 .rel.data.rel.ro.local
                0x000156fc     0x27c0 /usr/lib/crti.o
 .rel.data.rel.ro.local._ZZN7_Unwind17LocalAddressSpaceC1EPFvRS0_jRjS2_EE14segmentTreeOps
                0x00017ebc       0x10 /usr/lib/crti.o
 .rel.data.rel.ro.local._ZZN7_Unwind17LocalAddressSpaceC1EPFvRS0_jRjS2_EE10dsoTreeOps
                0x00017ecc       0x10 /usr/lib/crti.o
 .rel.data.rel.ro
                0x00017edc      0x288 /usr/lib/crti.o
 *(.rel.data .rel.data.* .rel.gnu.linkonce.d.*)
 .rel.data.rel  0x00018164      0x160 /usr/lib/crti.o
 .rel.data.rel.local
                0x000182c4      0x2c8 /usr/lib/crti.o
 .rel.data      0x0001858c        0x8 /usr/lib/crti.o
 *(.rel.tdata .rel.tdata.* .rel.gnu.linkonce.td.*)
 *(.rel.tbss .rel.tbss.* .rel.gnu.linkonce.tb.*)
 *(.rel.ctors)
 .rel.ctors     0x00018594       0x18 /usr/lib/crti.o
 *(.rel.dtors)
 *(.rel.got)
 .rel.got       0x000185ac      0x578 /usr/lib/crti.o
 *(.rel.bss .rel.bss.* .rel.gnu.linkonce.b.*)
 *(.rel.ifunc)
 .rel.ifunc     0x00000000        0x0 /usr/lib/crti.o

.rel.plt        0x00018b24     0x18e0
 *(.rel.plt)
 .rel.plt       0x00018b24     0x18e0 /usr/lib/crti.o
 *(.rel.iplt)

.init           0x0001a410        0xa
 *(SORT(.init))
 .init          0x0001a410        0x3 /usr/lib/crti.o
                0x0001a410                _init
 .init          0x0001a413        0x5 /usr/lib/crtbeginS.o
 .init          0x0001a418        0x2 /usr/lib/crtn.o

.plt            0x0001a420     0x31d0
 *(.plt)
 .plt           0x0001a420     0x31d0 /usr/lib/crti.o
 *(.iplt)

.text           0x0001d5f0    0xb61a8
                0x0001d5f0                PROVIDE (__eprol, .)
 *(.text.unlikely .text.*_unlikely)
 *(.text.exit .text.exit.*)
 *(.text.startup .text.startup.*)
 .text.startup  0x0001d5f0       0x56 libc_pic.a(initfini.pico)
                0x0001d5f0                _libc_init
 *fill*         0x0001d646        0xa 
 .text.startup  0x0001d650        0x5 libc_pic.a(atomic_init_cas.pico)
                0x0001d650                __libc_atomic_init
 *fill*         0x0001d655        0xb 
 .text.startup  0x0001d660       0x2b libc_pic.a(stack_protector.pico)
                0x0001d660                __guard_setup
 *fill*         0x0001d68b        0x5 
 .text.startup  0x0001d690        0x5 libc_pic.a(atexit.pico)
                0x0001d690                __libc_atexit_init
 *fill*         0x0001d695        0xb 
 .text.startup  0x0001d6a0       0x31 libc_pic.a(_env.pico)
                0x0001d6a0                __libc_env_init
 *(.text.hot .text.hot.*)
 *(.text .stub .text.* .gnu.linkonce.t.*)
 *fill*         0x0001d6d1        0x3 
 .text          0x0001d6d4        0x0 /usr/lib/crti.o
 .text          0x0001d6d4       0xef /usr/lib/crtbeginS.o
 *fill*         0x0001d7c3        0xd 
 .text          0x0001d7d0       0xe4 libc_pic.a(uuid_to_string.pico)
                0x0001d7d0                uuid_to_string
 *fill*         0x0001d8b4        0xc 
 .text          0x0001d8c0      0x159 libc_pic.a(uuid_stream.pico)
                0x0001d8c0                uuid_enc_le
                0x0001d910                uuid_dec_le
                0x0001d960                uuid_enc_be
                0x0001d9c0                uuid_dec_be
 *fill*         0x0001da19        0x7 
 .text          0x0001da20       0x23 libc_pic.a(uuid_hash.pico)
                0x0001da20                uuid_hash
 *fill*         0x0001da43        0xd 
 .text          0x0001da50      0x13e libc_pic.a(uuid_from_string.pico)
                0x0001da50                uuid_from_string
 *fill*         0x0001db8e        0x2 
 .text          0x0001db90       0x70 libc_pic.a(uuid_equal.pico)
                0x0001db90                uuid_equal
 .text          0x0001dc00       0x30 libc_pic.a(uuid_create_nil.pico)
                0x0001dc00                uuid_create_nil
                0x0001dc00                _uuid_create_nil
 .text          0x0001dc30      0x120 libc_pic.a(uuid_create.pico)
                0x0001dc30                uuidgen
                0x0001dcc0                uuid_create
 .text          0x0001dd50      0x105 libc_pic.a(uuid_compare.pico)
                0x0001dd50                uuid_compare
 *fill*         0x0001de55        0xb 
 .text          0x0001de60      0x276 libc_pic.a(_cpufeature.pico)
                0x0001de60                _cpufeature
 *fill*         0x0001e0d6        0xa 
 .text          0x0001e0e0       0x60 libc_pic.a(getprocessor.pico)
                0x0001e0e0                getprocessor
 .text          0x0001e140        0x3 libc_pic.a(get_bp.pico)
                0x0001e140                get_bp
 *fill*         0x0001e143        0xd 
 .text          0x0001e150       0x3f libc_pic.a(_cpuid.pico)
                0x0001e150                _cpuid
 *fill*         0x0001e18f        0x1 
 .text          0x0001e190       0xe5 libc_pic.a(sprofile.pico)
                0x0001e190                sprofile
                0x0001e190                _sprofile
 *fill*         0x0001e275        0xb 
 .text          0x0001e280       0x2b libc_pic.a(setrlimit.pico)
                0x0001e280                setrlimit
 *fill*         0x0001e2ab        0x5 
 .text          0x0001e2b0      0x101 libc_pic.a(sizeup.pico)
                0x0001e2b0                minix_sizeup
 *fill*         0x0001e3b1        0xf 
 .text          0x0001e3c0      0x108 libc_pic.a(futimens.pico)
                0x0001e3c0                futimens
 *fill*         0x0001e4c8        0x8 
 .text          0x0001e4d0       0xdd libc_pic.a(truncate.pico)
                0x0001e4d0                truncate
 *fill*         0x0001e5ad        0x3 
 .text          0x0001e5b0       0xbb libc_pic.a(sync.pico)
                0x0001e5b0                sync
 *fill*         0x0001e66b        0x5 
 .text          0x0001e670       0xe7 libc_pic.a(symlink.pico)
                0x0001e670                symlink
 *fill*         0x0001e757        0x9 
 .text          0x0001e760      0x10b libc_pic.a(svrctl.pico)
                0x0001e760                svrctl
 *fill*         0x0001e86b        0x5 
 .text          0x0001e870      0x1c2 libc_pic.a(statvfs.pico)
                0x0001e870                statvfs1
                0x0001e950                _statvfs
                0x0001e950                statvfs
 *fill*         0x0001ea32        0xe 
 .text          0x0001ea40       0xe6 libc_pic.a(sigpending.pico)
                0x0001ea40                sigpending
                0x0001ea40                __sigpending14
 *fill*         0x0001eb26        0xa 
 .text          0x0001eb30       0xff libc_pic.a(shutdown.pico)
                0x0001eb30                shutdown
 *fill*         0x0001ec2f        0x1 
 .text          0x0001ec30       0xcb libc_pic.a(stime.pico)
                0x0001ec30                stime
 *fill*         0x0001ecfb        0x5 
 .text          0x0001ed00      0x107 libc_pic.a(shmget.pico)
                0x0001ed00                shmget
 *fill*         0x0001ee07        0x9 
 .text          0x0001ee10      0x201 libc_pic.a(shmat.pico)
                0x0001ee10                shmat
                0x0001ef20                shmdt
 *fill*         0x0001f011        0xf 
 .text          0x0001f020      0x20b libc_pic.a(sendmsg.pico)
                0x0001f020                sendmsg
 *fill*         0x0001f22b        0x5 
 .text          0x0001f230      0x38f libc_pic.a(sem.pico)
                0x0001f230                semget
                0x0001f340                __semctl50
                0x0001f4c0                semop
 *fill*         0x0001f5bf        0x1 
 .text          0x0001f5c0      0x29c libc_pic.a(recvmsg.pico)
                0x0001f5c0                recvmsg
 *fill*         0x0001f85c        0x4 
 .text          0x0001f860       0xc2 libc_pic.a(reboot.pico)
                0x0001f860                reboot
 *fill*         0x0001f922        0xe 
 .text          0x0001f930       0xf8 libc_pic.a(ptrace.pico)
                0x0001f930                ptrace
 *fill*         0x0001fa28        0x8 
 .text          0x0001fa30       0x58 libc_pic.a(pathconf.pico)
                0x0001fa30                pathconf
 *fill*         0x0001fa88        0x8 
 .text          0x0001fa90      0x750 libc_pic.a(mount.pico)
                0x0001fa90                minix_mount
                0x0001fff0                find_rslabel
                0x000200b0                minix_umount
 .text          0x000201e0       0x40 libc_pic.a(mkfifo.pico)
                0x000201e0                mkfifo
 .text          0x00020220       0xe7 libc_pic.a(link.pico)
                0x00020220                link
 *fill*         0x00020307        0x9 
 .text          0x00020310      0x23e libc_pic.a(setsockopt.pico)
                0x00020310                setsockopt
 *fill*         0x0002054e        0x2 
 .text          0x00020550      0x203 libc_pic.a(getsockname.pico)
                0x00020550                getsockname
 *fill*         0x00020753        0xd 
 .text          0x00020760       0xc8 libc_pic.a(getppid.pico)
                0x00020760                getppid
 *fill*         0x00020828        0x8 
 .text          0x00020830       0xbb libc_pic.a(getpgrp.pico)
                0x00020830                getpgrp
 *fill*         0x000208eb        0x5 
 .text          0x000208f0       0xc9 libc_pic.a(getgroups.pico)
                0x000208f0                getgroups
 *fill*         0x000209b9        0x7 
 .text          0x000209c0       0xd0 libc_pic.a(gcov_flush_sys.pico)
                0x000209c0                gcov_flush_svr
 .text          0x00020a90       0x44 libc_pic.a(fstatfs.pico)
                0x00020a90                fstatfs
 *fill*         0x00020ad4        0xc 
 .text          0x00020ae0       0x9f libc_pic.a(fpathconf.pico)
                0x00020ae0                fpathconf
 *fill*         0x00020b7f        0x1 
 .text          0x00020b80       0xa6 libc_pic.a(flock.pico)
                0x00020b80                flock
 *fill*         0x00020c26        0xa 
 .text          0x00020c30       0xcc libc_pic.a(chroot.pico)
                0x00020c30                chroot
 *fill*         0x00020cfc        0x4 
 .text          0x00020d00       0xd0 libc_pic.a(fchown.pico)
                0x00020d00                fchown
                0x00020d00                __posix_fchown
 .text          0x00020dd0       0xc2 libc_pic.a(getsid.pico)
                0x00020dd0                getsid
 *fill*         0x00020e92        0xe 
 .text          0x00020ea0       0x75 libc_pic.a(m_closefrom.pico)
                0x00020ea0                closefrom
 *fill*         0x00020f15        0xb 
 .text          0x00020f20     0x10f5 libc_pic.a(strptime.pico)
                0x00020f20                strptime
                0x00020f20                _strptime
                0x00020f60                strptime_l
                0x00020f60                _strptime_l
 *fill*         0x00022015        0xb 
 .text          0x00022020      0x5f3 libc_pic.a(getdate.pico)
                0x00022020                getdate
 *fill*         0x00022613        0xd 
 .text          0x00022620       0xad libc_pic.a(difftime.pico)
                0x00022620                __difftime50
 *fill*         0x000226cd        0x3 
 .text          0x000226d0        0x0 libc_pic.a(_daylight.pico)
 .text          0x000226d0        0x0 libc_pic.a(thread-stub-init.pico)
 .text          0x000226d0        0x0 libc_pic.a(thread-stub.pico)
 .text          0x000226d0        0x0 libc_pic.a(__isthreaded.pico)
 .text          0x000226d0       0x39 libc_pic.a(tcsetpgrp.pico)
                0x000226d0                _tcsetpgrp
                0x000226d0                tcsetpgrp
 *fill*         0x00022709        0x7 
 .text          0x00022710       0x75 libc_pic.a(tcsendbreak.pico)
                0x00022710                tcsendbreak
                0x00022710                _tcsendbreak
 *fill*         0x00022785        0xb 
 .text          0x00022790       0x50 libc_pic.a(tcgetpgrp.pico)
                0x00022790                _tcgetpgrp
                0x00022790                tcgetpgrp
 .text          0x000227e0       0x70 libc_pic.a(tcflush.pico)
                0x000227e0                tcflush
                0x000227e0                _tcflush
 .text          0x00022850       0xda libc_pic.a(tcflow.pico)
                0x00022850                _tcflow
                0x00022850                tcflow
 *fill*         0x0002292a        0x6 
 .text          0x00022930       0x34 libc_pic.a(tcdrain.pico)
                0x00022930                tcdrain
                0x00022930                _tcdrain
 *fill*         0x00022964        0xc 
 .text          0x00022970       0x13 libc_pic.a(cfsetspeed.pico)
                0x00022970                _cfsetspeed
                0x00022970                cfsetspeed
 *fill*         0x00022983        0xd 
 .text          0x00022990       0x10 libc_pic.a(cfsetospeed.pico)
                0x00022990                cfsetospeed
                0x00022990                _cfsetospeed
 .text          0x000229a0       0x10 libc_pic.a(cfsetispeed.pico)
                0x000229a0                cfsetispeed
                0x000229a0                _cfsetispeed
 .text          0x000229b0       0x2a libc_pic.a(cfmakeraw.pico)
                0x000229b0                cfmakeraw
                0x000229b0                _cfmakeraw
 *fill*         0x000229da        0x6 
 .text          0x000229e0        0xb libc_pic.a(cfgetospeed.pico)
                0x000229e0                cfgetospeed
                0x000229e0                _cfgetospeed
 *fill*         0x000229eb        0x5 
 .text          0x000229f0        0xb libc_pic.a(cfgetispeed.pico)
                0x000229f0                cfgetispeed
                0x000229f0                _cfgetispeed
 *fill*         0x000229fb        0x5 
 .text          0x00022a00       0x86 libc_pic.a(swab.pico)
                0x00022a00                swab
 *fill*         0x00022a86        0xa 
 .text          0x00022a90       0x13 libc_pic.a(ffs.pico)
                0x00022a90                ffs
 *fill*         0x00022aa3        0xd 
 .text          0x00022ab0       0x33 libc_pic.a(bzero.pico)
                0x00022ab0                bzero
 *fill*         0x00022ae3        0xd 
 .text          0x00022af0       0x79 libc_pic.a(bcopy.pico)
                0x00022af0                bcopy
 *fill*         0x00022b69        0x7 
 .text          0x00022b70       0x26 libc_pic.a(bcmp.pico)
                0x00022b70                bcmp
 *fill*         0x00022b96        0xa 
 .text          0x00022ba0       0x2b libc_pic.a(wmemset.pico)
                0x00022ba0                wmemset
 *fill*         0x00022bcb        0x5 
 .text          0x00022bd0       0x39 libc_pic.a(wmemmove.pico)
                0x00022bd0                wmemmove
 *fill*         0x00022c09        0x7 
 .text          0x00022c10       0x40 libc_pic.a(wmemcmp.pico)
                0x00022c10                wmemcmp
 .text          0x00022c50       0x93 libc_pic.a(wcswcs.pico)
                0x00022c50                wcswcs
 *fill*         0x00022ce3        0xd 
 .text          0x00022cf0       0x89 libc_pic.a(wcstok.pico)
                0x00022cf0                wcstok
 *fill*         0x00022d79        0x7 
 .text          0x00022d80       0x93 libc_pic.a(wcsstr.pico)
                0x00022d80                wcsstr
 *fill*         0x00022e13        0xd 
 .text          0x00022e20       0x61 libc_pic.a(wcsspn.pico)
                0x00022e20                wcsspn
 *fill*         0x00022e81        0xf 
 .text          0x00022e90       0x49 libc_pic.a(wcsrchr.pico)
                0x00022e90                wcsrchr
 *fill*         0x00022ed9        0x7 
 .text          0x00022ee0      0x153 libc_pic.a(wcspbrk.pico)
                0x00022ee0                wcspbrk
 *fill*         0x00023033        0xd 
 .text          0x00023040       0x69 libc_pic.a(wcsncpy.pico)
                0x00023040                wcsncpy
 *fill*         0x000230a9        0x7 
 .text          0x000230b0       0x3b libc_pic.a(wcsncmp.pico)
                0x000230b0                wcsncmp
 *fill*         0x000230eb        0x5 
 .text          0x000230f0      0x119 libc_pic.a(wcsncasecmp.pico)
                0x000230f0                wcsncasecmp_l
                0x000230f0                _wcsncasecmp_l
                0x00023180                _wcsncasecmp
                0x00023180                wcsncasecmp
 *fill*         0x00023209        0x7 
 .text          0x00023210       0x52 libc_pic.a(wcsdup.pico)
                0x00023210                wcsdup
                0x00023210                _wcsdup
 *fill*         0x00023262        0xe 
 .text          0x00023270      0x14b libc_pic.a(wcscasecmp.pico)
                0x00023270                _wcscasecmp_l
                0x00023270                wcscasecmp_l
                0x00023310                _wcscasecmp
                0x00023310                wcscasecmp
 *fill*         0x000233bb        0x5 
 .text          0x000233c0       0x64 libc_pic.a(wcsncat.pico)
                0x000233c0                wcsncat
 *fill*         0x00023424        0xc 
 .text          0x00023430       0x73 libc_pic.a(wcslcpy.pico)
                0x00023430                wcslcpy
 *fill*         0x000234a3        0xd 
 .text          0x000234b0       0xb8 libc_pic.a(wcslcat.pico)
                0x000234b0                wcslcat
 *fill*         0x00023568        0x8 
 .text          0x00023570      0x180 libc_pic.a(wcscspn.pico)
                0x00023570                wcscspn
 .text          0x000236f0       0x4c libc_pic.a(wcscat.pico)
                0x000236f0                wcscat
 *fill*         0x0002373c        0x4 
 .text          0x00023740       0x35 libc_pic.a(popcount64.pico)
                0x00023740                popcountti2
                0x00023740                popcount64
                0x00023740                popcountll
 *fill*         0x00023775        0xb 
 .text          0x00023780       0x3c libc_pic.a(popcount32.pico)
                0x00023780                popcount32
                0x00023780                popcountl
                0x00023780                popcount
 *fill*         0x000237bc        0x4 
 .text          0x000237c0       0x72 libc_pic.a(memmem.pico)
                0x000237c0                memmem
 *fill*         0x00023832        0xe 
 .text          0x00023840       0x37 libc_pic.a(memccpy.pico)
                0x00023840                memccpy
 *fill*         0x00023877        0x9 
 .text          0x00023880       0x3d libc_pic.a(consttime_memequal.pico)
                0x00023880                _consttime_memequal
                0x00023880                consttime_memequal
 *fill*         0x000238bd        0x3 
 .text          0x000238c0       0x1a libc_pic.a(explicit_memset.pico)
                0x000238c0                _explicit_memset
                0x000238c0                explicit_memset
 *fill*         0x000238da        0x6 
 .text          0x000238e0       0xe6 libc_pic.a(strspn.pico)
                0x000238e0                strspn
 *fill*         0x000239c6        0xa 
 .text          0x000239d0       0x32 libc_pic.a(memrchr.pico)
                0x000239d0                memrchr
 *fill*         0x00023a02        0xe 
 .text          0x00023a10       0xbb libc_pic.a(strxfrm.pico)
                0x00023a10                _strxfrm_l
                0x00023a10                strxfrm_l
                0x00023a70                strxfrm
 *fill*         0x00023acb        0x5 
 .text          0x00023ad0       0x35 libc_pic.a(strtok.pico)
                0x00023ad0                strtok
 *fill*         0x00023b05        0xb 
 .text          0x00023b10       0x36 libc_pic.a(strsignal.pico)
                0x00023b10                _strsignal
                0x00023b10                strsignal
 *fill*         0x00023b46        0xa 
 .text          0x00023b50      0x1e2 libc_pic.a(strmode.pico)
                0x00023b50                strmode
 *fill*         0x00023d32        0xe 
 .text          0x00023d40       0x1d libc_pic.a(strnlen.pico)
                0x00023d40                strnlen
 *fill*         0x00023d5d        0x3 
 .text          0x00023d60       0x98 libc_pic.a(strcasestr.pico)
                0x00023d60                strcasestr
 *fill*         0x00023df8        0x8 
 .text          0x00023e00       0x6f libc_pic.a(stpncpy.pico)
                0x00023e00                stpncpy
 *fill*         0x00023e6f        0x1 
 .text          0x00023e70       0x2f libc_pic.a(stpcpy.pico)
                0x00023e70                stpcpy
 *fill*         0x00023e9f        0x1 
 .text          0x00023ea0      0x32f libc_pic.a(bm.pico)
                0x00023ea0                _bm_comp
                0x00023ea0                bm_comp
                0x00024050                _bm_free
                0x00024050                bm_free
                0x00024090                bm_exec
                0x00024090                _bm_exec
 *fill*         0x000241cf        0x1 
 .text          0x000241d0       0x14 libc_pic.a(llabs.pico)
                0x000241d0                imaxabs
                0x000241d0                _llabs
                0x000241d0                llabs
 *fill*         0x000241e4        0xc 
 .text          0x000241f0       0x1b libc_pic.a(ldiv.pico)
                0x000241f0                ldiv
 *fill*         0x0002420b        0x5 
 .text          0x00024210        0xb libc_pic.a(labs.pico)
                0x00024210                labs
 *fill*         0x0002421b        0x5 
 .text          0x00024220       0x1b libc_pic.a(div.pico)
                0x00024220                div
 *fill*         0x0002423b        0x5 
 .text          0x00024240        0xb libc_pic.a(abs.pico)
                0x00024240                abs
 *fill*         0x0002424b        0x5 
 .text          0x00024250      0x17d libc_pic.a(mtab.pico)
                0x00024250                load_mtab
                0x00024340                get_mtab_entry
 *fill*         0x000243cd        0x3 
 .text          0x000243d0      0xe63 libc_pic.a(configfile.pico)
                0x000243d0                config_delete
                0x00024480                config_read
                0x00024860                config_renewed
                0x00024880                config_length
 *fill*         0x00025233        0xd 
 .text          0x00025240      0xd04 libc_pic.a(strfmon.pico)
                0x00025240                strfmon
 *fill*         0x00025f44        0xc 
 .text          0x00025f50      0x129 libc_pic.a(unsetenv.pico)
                0x00025f50                __unsetenv13
 *fill*         0x00026079        0x7 
 .text          0x00026080       0xea libc_pic.a(twalk.pico)
                0x00026080                twalk
 *fill*         0x0002616a        0x6 
 .text          0x00026170       0x93 libc_pic.a(tsearch.pico)
                0x00026170                tsearch
 *fill*         0x00026203        0xd 
 .text          0x00026210       0x67 libc_pic.a(tfind.pico)
                0x00026210                tfind
 *fill*         0x00026277        0x9 
 .text          0x00026280       0xcc libc_pic.a(tdelete.pico)
                0x00026280                tdelete
 *fill*         0x0002634c        0x4 
 .text          0x00026350      0x32f libc_pic.a(system.pico)
                0x00026350                system
 *fill*         0x0002667f        0x1 
 .text          0x00026680      0x2d3 libc_pic.a(strtouq.pico)
                0x00026680                strtouq
                0x00026920                strtouq_l
 *fill*         0x00026953        0xd 
 .text          0x00026960      0x2d3 libc_pic.a(strtoull.pico)
                0x00026960                _strtoull
                0x00026960                strtoull
                0x00026c00                strtoull_l
                0x00026c00                _strtoull_l
 *fill*         0x00026c33        0xd 
 .text          0x00026c40      0x353 libc_pic.a(strtoq.pico)
                0x00026c40                strtoq
                0x00026f60                strtoq_l
 *fill*         0x00026f93        0xd 
 .text          0x00026fa0      0x3ca libc_pic.a(strsuftoll.pico)
                0x00026fa0                strsuftoll
                0x00026fa0                _strsuftoll
                0x00027020                _strsuftollx
                0x00027020                strsuftollx
 *fill*         0x0002736a        0x6 
 .text          0x00027370       0x4c libc_pic.a(srand48.pico)
                0x00027370                srand48
                0x00027370                _srand48
 *fill*         0x000273bc        0x4 
 .text          0x000273c0       0x7c libc_pic.a(seed48.pico)
                0x000273c0                seed48
                0x000273c0                _seed48
 *fill*         0x0002743c        0x4 
 .text          0x00027440       0x1d libc_pic.a(remque.pico)
                0x00027440                remque
 *fill*         0x0002745d        0x3 
 .text          0x00027460      0x4f0 libc_pic.a(random.pico)
                0x00027460                _srandom
                0x00027460                srandom
                0x00027590                _initstate
                0x00027590                initstate
                0x00027800                _setstate
                0x00027800                setstate
                0x000278d0                random
                0x000278d0                _random
 .text          0x00027950       0x1a libc_pic.a(rand_r.pico)
                0x00027950                rand_r
 *fill*         0x0002796a        0x6 
 .text          0x00027970       0x4a libc_pic.a(rand.pico)
                0x00027970                rand
                0x000279a0                srand
 *fill*         0x000279ba        0x6 
 .text          0x000279c0      0xb09 libc_pic.a(radixsort.pico)
                0x000279c0                _radixsort
                0x000279c0                radixsort
                0x00027ea0                _sradixsort
                0x00027ea0                sradixsort
 *fill*         0x000284c9        0x7 
 .text          0x000284d0       0x84 libc_pic.a(quick_exit.pico)
                0x000284d0                at_quick_exit
                0x00028520                quick_exit
 *fill*         0x00028554        0xc 
 .text          0x00028560       0x2e libc_pic.a(posix_openpt.pico)
                0x00028560                posix_openpt
 *fill*         0x0002858e        0x2 
 .text          0x00028590       0x93 libc_pic.a(qdiv.pico)
                0x00028590                _qdiv
                0x00028590                qdiv
 *fill*         0x00028623        0xd 
 .text          0x00028630       0x18 libc_pic.a(qabs.pico)
                0x00028630                qabs
                0x00028630                _qabs
 *fill*         0x00028648        0x8 
 .text          0x00028650       0x87 libc_pic.a(putenv.pico)
                0x00028650                __putenv50
 *fill*         0x000286d7        0x9 
 .text          0x000286e0       0x33 libc_pic.a(nrand48.pico)
                0x000286e0                nrand48
                0x000286e0                _nrand48
 *fill*         0x00028713        0xd 
 .text          0x00028720       0x34 libc_pic.a(mrand48.pico)
                0x00028720                _mrand48
                0x00028720                mrand48
 *fill*         0x00028754        0xc 
 .text          0x00028760       0xd6 libc_pic.a(lsearch.pico)
                0x00028760                lsearch
                0x000287e0                lfind
 *fill*         0x00028836        0xa 
 .text          0x00028840       0x36 libc_pic.a(lrand48.pico)
                0x00028840                _lrand48
                0x00028840                lrand48
 *fill*         0x00028876        0xa 
 .text          0x00028880       0x5c libc_pic.a(lcong48.pico)
                0x00028880                lcong48
                0x00028880                _lcong48
 *fill*         0x000288dc        0x4 
 .text          0x000288e0       0x93 libc_pic.a(lldiv.pico)
                0x000288e0                _lldiv
                0x000288e0                lldiv
 *fill*         0x00028973        0xd 
 .text          0x00028980       0xea libc_pic.a(l64a.pico)
                0x00028980                l64a
                0x00028980                _l64a
                0x00028a00                _l64a_r
                0x00028a00                l64a_r
 *fill*         0x00028a6a        0x6 
 .text          0x00028a70       0x31 libc_pic.a(jrand48.pico)
                0x00028a70                _jrand48
                0x00028a70                jrand48
 *fill*         0x00028aa1        0xf 
 .text          0x00028ab0       0x29 libc_pic.a(insque.pico)
                0x00028ab0                insque
 *fill*         0x00028ad9        0x7 
 .text          0x00028ae0       0x93 libc_pic.a(imaxdiv.pico)
                0x00028ae0                _imaxdiv
                0x00028ae0                imaxdiv
 *fill*         0x00028b73        0xd 
 .text          0x00028b80      0x2f6 libc_pic.a(heapsort.pico)
                0x00028b80                heapsort
                0x00028b80                _heapsort
 *fill*         0x00028e76        0xa 
 .text          0x00028e80      0x3d6 libc_pic.a(hcreate.pico)
                0x00028e80                hcreate
                0x00028f50                hcreate_r
                0x00029000                hdestroy
                0x000290a0                hdestroy_r
                0x00029130                hsearch
                0x00029180                hsearch_r
 *fill*         0x00029256        0xa 
 .text          0x00029260      0x15d libc_pic.a(getsubopt.pico)
                0x00029260                _getsubopt
                0x00029260                getsubopt
 *fill*         0x000293bd        0x3 
 .text          0x000293c0      0x960 libc_pic.a(getopt_long.pico)
                0x000293c0                getopt_long
                0x000293c0                _getopt_long
 .text          0x00029d20      0x244 libc_pic.a(getopt.pico)
                0x00029d20                getopt
                0x00029d20                _getopt
 *fill*         0x00029f64        0xc 
 .text          0x00029f70       0x25 libc_pic.a(drand48.pico)
                0x00029f70                _drand48
                0x00029f70                drand48
 *fill*         0x00029f95        0xb 
 .text          0x00029fa0       0x34 libc_pic.a(atoll.pico)
                0x00029fa0                _atoll
                0x00029fa0                atoll
 *fill*         0x00029fd4        0xc 
 .text          0x00029fe0       0x34 libc_pic.a(atol.pico)
                0x00029fe0                atol
 *fill*         0x0002a014        0xc 
 .text          0x0002a020       0x2c libc_pic.a(atof.pico)
                0x0002a020                atof
 *fill*         0x0002a04c        0x4 
 .text          0x0002a050       0x6f libc_pic.a(a64l.pico)
                0x0002a050                _a64l
                0x0002a050                a64l
 *fill*         0x0002a0bf        0x1 
 .text          0x0002a0c0        0x0 libc_pic.a(_ftello.pico)
 .text          0x0002a0c0        0x0 libc_pic.a(_fseeko.pico)
 .text          0x0002a0c0        0x0 libc_pic.a(_fileno.pico)
 .text          0x0002a0c0       0x64 libc_pic.a(tmpnam.pico)
                0x0002a0c0                tmpnam
 *fill*         0x0002a124        0xc 
 .text          0x0002a130      0x1c8 libc_pic.a(tempnam.pico)
                0x0002a130                tempnam
 *fill*         0x0002a2f8        0x8 
 .text          0x0002a300      0x330 libc_pic.a(fmemopen.pico)
                0x0002a300                fmemopen
 .text          0x0002a630       0x7f libc_pic.a(wscanf.pico)
                0x0002a630                wscanf
                0x0002a670                wscanf_l
                0x0002a670                _wscanf_l
 *fill*         0x0002a6af        0x1 
 .text          0x0002a6b0       0x82 libc_pic.a(wprintf.pico)
                0x0002a6b0                wprintf
                0x0002a6f0                wprintf_l
                0x0002a6f0                _wprintf_l
 *fill*         0x0002a732        0xe 
 .text          0x0002a740       0x7c libc_pic.a(vwscanf.pico)
                0x0002a740                vwscanf
                0x0002a780                _vwscanf_l
                0x0002a780                vwscanf_l
 *fill*         0x0002a7bc        0x4 
 .text          0x0002a7c0       0x78 libc_pic.a(vwprintf.pico)
                0x0002a7c0                _vwprintf_l
                0x0002a7c0                vwprintf_l
                0x0002a800                vwprintf
 *fill*         0x0002a838        0x8 
 .text          0x0002a840       0x7c libc_pic.a(vscanf.pico)
                0x0002a840                vscanf
                0x0002a880                _vscanf_l
                0x0002a880                vscanf_l
 *fill*         0x0002a8bc        0x4 
 .text          0x0002a8c0       0x7f libc_pic.a(vprintf.pico)
                0x0002a8c0                vprintf
                0x0002a900                _vprintf_l
                0x0002a900                vprintf_l
 *fill*         0x0002a93f        0x1 
 .text          0x0002a940      0x113 libc_pic.a(tmpfile.pico)
                0x0002a940                tmpfile
 *fill*         0x0002aa53        0xd 
 .text          0x0002aa60       0x7e libc_pic.a(swscanf.pico)
                0x0002aa60                swscanf
                0x0002aaa0                swscanf_l
                0x0002aaa0                _swscanf_l
 *fill*         0x0002aade        0x2 
 .text          0x0002aae0       0x87 libc_pic.a(swprintf.pico)
                0x0002aae0                swprintf
                0x0002ab20                swprintf_l
                0x0002ab20                _swprintf_l
 *fill*         0x0002ab67        0x9 
 .text          0x0002ab70       0x7c libc_pic.a(setbuffer.pico)
                0x0002ab70                setbuffer
                0x0002abb0                setlinebuf
 *fill*         0x0002abec        0x4 
 .text          0x0002abf0       0x41 libc_pic.a(setbuf.pico)
                0x0002abf0                setbuf
 *fill*         0x0002ac31        0xf 
 .text          0x0002ac40       0x7f libc_pic.a(scanf.pico)
                0x0002ac40                scanf
                0x0002ac80                _scanf_l
                0x0002ac80                scanf_l
 *fill*         0x0002acbf        0x1 
 .text          0x0002acc0       0x62 libc_pic.a(remove.pico)
                0x0002acc0                remove
 *fill*         0x0002ad22        0xe 
 .text          0x0002ad30       0x31 libc_pic.a(putwchar.pico)
                0x0002ad30                putwchar
 *fill*         0x0002ad61        0xf 
 .text          0x0002ad70       0x18 libc_pic.a(putwc.pico)
                0x0002ad70                putwc
 *fill*         0x0002ad88        0x8 
 .text          0x0002ad90       0x61 libc_pic.a(putw.pico)
                0x0002ad90                putw
 *fill*         0x0002adf1        0xf 
 .text          0x0002ae00       0x9c libc_pic.a(putc.pico)
                0x0002ae00                putc
                0x0002ae50                putc_unlocked
 *fill*         0x0002ae9c        0x4 
 .text          0x0002aea0       0x3c libc_pic.a(mkdtemp.pico)
                0x0002aea0                mkdtemp
 *fill*         0x0002aedc        0x4 
 .text          0x0002aee0       0x25 libc_pic.a(getwchar.pico)
                0x0002aee0                getwchar
 *fill*         0x0002af05        0xb 
 .text          0x0002af10       0x18 libc_pic.a(getwc.pico)
                0x0002af10                getwc
 *fill*         0x0002af28        0x8 
 .text          0x0002af30       0x4a libc_pic.a(getw.pico)
                0x0002af30                getw
 *fill*         0x0002af7a        0x6 
 .text          0x0002af80       0x3a libc_pic.a(getline.pico)
                0x0002af80                _getline
                0x0002af80                getline
 *fill*         0x0002afba        0x6 
 .text          0x0002afc0       0x7e libc_pic.a(getchar.pico)
                0x0002afc0                getchar
                0x0002b000                getchar_unlocked
 *fill*         0x0002b03e        0x2 
 .text          0x0002b040       0x74 libc_pic.a(getc.pico)
                0x0002b040                getc
                0x0002b080                getc_unlocked
 *fill*         0x0002b0b4        0xc 
 .text          0x0002b0c0       0x7e libc_pic.a(fwscanf.pico)
                0x0002b0c0                fwscanf
                0x0002b100                fwscanf_l
                0x0002b100                _fwscanf_l
 *fill*         0x0002b13e        0x2 
 .text          0x0002b140       0x7e libc_pic.a(fwprintf.pico)
                0x0002b140                fwprintf
                0x0002b180                _fwprintf_l
                0x0002b180                fwprintf_l
 *fill*         0x0002b1be        0x2 
 .text          0x0002b1c0       0x39 libc_pic.a(fwide.pico)
                0x0002b1c0                fwide
 *fill*         0x0002b1f9        0x7 
 .text          0x0002b200      0x2c0 libc_pic.a(funopen.pico)
                0x0002b200                funopen2
                0x0002b290                funopen
 .text          0x0002b4c0       0xf3 libc_pic.a(ftell.pico)
                0x0002b4c0                ftell
 *fill*         0x0002b5b3        0xd 
 .text          0x0002b5c0       0x88 libc_pic.a(fsetpos.pico)
                0x0002b5c0                __fsetpos50
 *fill*         0x0002b648        0x8 
 .text          0x0002b650      0x330 libc_pic.a(freopen.pico)
                0x0002b650                freopen
 .text          0x0002b980       0x69 libc_pic.a(fputws.pico)
                0x0002b980                fputws
 *fill*         0x0002b9e9        0x7 
 .text          0x0002b9f0       0x90 libc_pic.a(fpurge.pico)
                0x0002b9f0                fpurge
 .text          0x0002ba80       0x25 libc_pic.a(flockfile.pico)
                0x0002ba80                _flockfile
                0x0002ba80                flockfile
                0x0002ba90                _ftrylockfile
                0x0002ba90                ftrylockfile
                0x0002baa0                _funlockfile
                0x0002baa0                funlockfile
 *fill*         0x0002baa5        0xb 
 .text          0x0002bab0       0x1b libc_pic.a(fileno.pico)
                0x0002bab0                _fileno
                0x0002bab0                fileno
 *fill*         0x0002bacb        0x5 
 .text          0x0002bad0       0xa9 libc_pic.a(fgetws.pico)
                0x0002bad0                fgetws
 *fill*         0x0002bb79        0x7 
 .text          0x0002bb80       0xfd libc_pic.a(fgetwln.pico)
                0x0002bb80                fgetwln
                0x0002bb80                _fgetwln
 *fill*         0x0002bc7d        0x3 
 .text          0x0002bc80       0x80 libc_pic.a(fgetpos.pico)
                0x0002bc80                __fgetpos50
 .text          0x0002bd00       0x34 libc_pic.a(fgetc.pico)
                0x0002bd00                fgetc
 *fill*         0x0002bd34        0xc 
 .text          0x0002bd40       0x12 libc_pic.a(ferror.pico)
                0x0002bd40                ferror
 *fill*         0x0002bd52        0xe 
 .text          0x0002bd60       0x12 libc_pic.a(feof.pico)
                0x0002bd60                feof
 *fill*         0x0002bd72        0xe 
 .text          0x0002bd80       0x7e libc_pic.a(dprintf.pico)
                0x0002bd80                dprintf
                0x0002bdc0                _dprintf_l
                0x0002bdc0                dprintf_l
 *fill*         0x0002bdfe        0x2 
 .text          0x0002be00        0xc libc_pic.a(clrerr.pico)
                0x0002be00                clearerr
 *fill*         0x0002be0c        0x4 
 .text          0x0002be10       0x5c libc_pic.a(vsprintf_chk.pico)
                0x0002be10                __vsprintf_chk
 *fill*         0x0002be6c        0x4 
 .text          0x0002be70       0x45 libc_pic.a(vsnprintf_chk.pico)
                0x0002be70                __vsnprintf_chk
 *fill*         0x0002beb5        0xb 
 .text          0x0002bec0       0x29 libc_pic.a(strncpy_chk.pico)
                0x0002bec0                __strncpy_chk
 *fill*         0x0002bee9        0x7 
 .text          0x0002bef0       0x91 libc_pic.a(strncat_chk.pico)
                0x0002bef0                __strncat_chk
 *fill*         0x0002bf81        0xf 
 .text          0x0002bf90       0x48 libc_pic.a(strcpy_chk.pico)
                0x0002bf90                __strcpy_chk
 *fill*         0x0002bfd8        0x8 
 .text          0x0002bfe0       0x82 libc_pic.a(strcat_chk.pico)
                0x0002bfe0                __strcat_chk
 *fill*         0x0002c062        0xe 
 .text          0x0002c070       0x4f libc_pic.a(stpcpy_chk.pico)
                0x0002c070                __stpcpy_chk
 *fill*         0x0002c0bf        0x1 
 .text          0x0002c0c0       0x5f libc_pic.a(sprintf_chk.pico)
                0x0002c0c0                __sprintf_chk
 *fill*         0x0002c11f        0x1 
 .text          0x0002c120       0x48 libc_pic.a(snprintf_chk.pico)
                0x0002c120                __snprintf_chk
 *fill*         0x0002c168        0x8 
 .text          0x0002c170       0x43 libc_pic.a(memset_chk.pico)
                0x0002c170                __memset_chk
 *fill*         0x0002c1b3        0xd 
 .text          0x0002c1c0       0x40 libc_pic.a(memmove_chk.pico)
                0x0002c1c0                __memmove_chk
 .text          0x0002c200       0x40 libc_pic.a(memcpy_chk.pico)
                0x0002c200                __memcpy_chk
 .text          0x0002c240       0x4c libc_pic.a(fgets_chk.pico)
                0x0002c240                __fgets_chk
 *fill*         0x0002c28c        0x4 
 .text          0x0002c290       0xb6 libc_pic.a(gets_chk.pico)
                0x0002c290                __gets_chk
 *fill*         0x0002c346        0xa 
 .text          0x0002c350       0x55 libc_pic.a(res_state.pico)
                0x0002c350                __res_get_state_nothread
                0x0002c350                __res_get_state
                0x0002c350                __res_state
                0x0002c3a0                __res_put_state_nothread
                0x0002c3a0                __res_put_state
 *fill*         0x0002c3a5        0xb 
 .text          0x0002c3b0      0x17b libc_pic.a(herror.pico)
                0x0002c3b0                _herror
                0x0002c3b0                herror
                0x0002c4f0                hstrerror
 *fill*         0x0002c52b        0x1 
 .text          0x0002c52c        0x0 libc_pic.a(__res_send.pico)
 .text          0x0002c52c        0x0 libc_pic.a(__res_close.pico)
 .text          0x0002c52c        0x0 libc_pic.a(__dn_comp.pico)
 *fill*         0x0002c52c        0x4 
 .text          0x0002c530     0x36b6 libc_pic.a(regexec.pico)
                0x0002c530                _regexec
                0x0002c530                regexec
 *fill*         0x0002fbe6        0xa 
 .text          0x0002fbf0      0x111 libc_pic.a(regerror.pico)
                0x0002fbf0                regerror
                0x0002fbf0                _regerror
 *fill*         0x0002fd01        0xf 
 .text          0x0002fd10     0x4ba1 libc_pic.a(regcomp.pico)
                0x0002fd10                _regcomp
                0x0002fd10                regcomp
 *fill*         0x000348b1        0xf 
 .text          0x000348c0       0x11 libc_pic.a(xordi3.pico)
                0x000348c0                __xordi3
 *fill*         0x000348d1        0xf 
 .text          0x000348e0       0x20 libc_pic.a(subdi3.pico)
                0x000348e0                __subdi3
 .text          0x00034900        0xf libc_pic.a(notdi2.pico)
                0x00034900                __one_cmpldi2
 *fill*         0x0003490f        0x1 
 .text          0x00034910       0x11 libc_pic.a(iordi3.pico)
                0x00034910                __iordi3
 *fill*         0x00034921        0xf 
 .text          0x00034930       0x11 libc_pic.a(anddi3.pico)
                0x00034930                __anddi3
 *fill*         0x00034941        0xf 
 .text          0x00034950       0x14 libc_pic.a(adddi3.pico)
                0x00034950                __adddi3
 *fill*         0x00034964        0xc 
 .text          0x00034970       0x49 libc_pic.a(recv.pico)
                0x00034970                recv
 *fill*         0x000349b9        0x7 
 .text          0x000349c0     0x1c7e libc_pic.a(rcmd.pico)
                0x000349c0                rcmd
                0x00034a10                rcmd_af
                0x000355a0                orcmd
                0x00035600                orcmd_af
                0x00035760                rresvport
                0x000357a0                rresvport_af
                0x000357e0                rresvport_af_addr
                0x000358e0                ruserok
                0x000359e0                iruserok_sa
                0x00035c80                iruserok
                0x00035d00                __ivaliduser_sa
                0x000361f0                __ivaliduser
 *fill*         0x0003663e        0x2 
 .text          0x00036640       0x8e libc_pic.a(getservent.pico)
                0x00036640                setservent
                0x00036640                _setservent
                0x00036670                _endservent
                0x00036670                endservent
                0x000366a0                getservent
                0x000366a0                _getservent
 *fill*         0x000366ce        0x2 
 .text          0x000366d0       0x3c libc_pic.a(getservbyport.pico)
                0x000366d0                _getservbyport
                0x000366d0                getservbyport
 *fill*         0x0003670c        0x4 
 .text          0x00036710       0x3c libc_pic.a(getservbyname.pico)
                0x00036710                _getservbyname
                0x00036710                getservbyname
 *fill*         0x0003674c        0x4 
 .text          0x00036750       0x8e libc_pic.a(getprotoent.pico)
                0x00036750                setprotoent
                0x00036750                _setprotoent
                0x00036780                endprotoent
                0x00036780                _endprotoent
                0x000367b0                getprotoent
                0x000367b0                _getprotoent
 *fill*         0x000367de        0x2 
 .text          0x000367e0       0x35 libc_pic.a(getprotobynumber.pico)
                0x000367e0                getprotobynumber
                0x000367e0                _getprotobynumber
 *fill*         0x00036815        0xb 
 .text          0x00036820       0x35 libc_pic.a(getprotobyname.pico)
                0x00036820                getprotobyname
                0x00036820                _getprotobyname
 *fill*         0x00036855        0xb 
 .text          0x00036860       0x98 libc_pic.a(getpeereid.pico)
                0x00036860                getpeereid
 *fill*         0x000368f8        0x8 
 .text          0x00036900      0x934 libc_pic.a(getnetnamadr.pico)
                0x00036900                _getnetbyaddr
                0x00036900                getnetbyaddr
                0x00036c40                _getnetbyname
                0x00036c40                getnetbyname
 *fill*         0x00037234        0xc 
 .text          0x00037240      0x4b9 libc_pic.a(ethers.pico)
                0x00037240                _ether_ntoa
                0x00037240                ether_ntoa
                0x000372c0                _ether_aton
                0x000372c0                ether_aton
                0x00037370                _ether_ntohost
                0x00037370                ether_ntohost
                0x000374d0                ether_line
                0x000374d0                _ether_line
                0x00037580                _ether_hostton
                0x00037580                ether_hostton
 *fill*         0x000376f9        0x7 
 .text          0x00037700       0x17 libc_pic.a(initfini.pico)
                0x00037700                _dlauxinfo
                0x00037700                ___dlauxinfo
 *fill*         0x00037717        0x9 
 .text          0x00037720      0x286 libc_pic.a(md5hl.pico)
                0x00037720                MD5End
                0x00037720                _MD5End
                0x000377b0                _MD5File
                0x000377b0                MD5File
                0x00037900                MD5Data
                0x00037900                _MD5Data
 *fill*         0x000379a6        0xa 
 .text          0x000379b0      0x286 libc_pic.a(md4hl.pico)
                0x000379b0                MD4End
                0x000379b0                _MD4End
                0x00037a40                MD4File
                0x00037a40                _MD4File
                0x00037b90                _MD4Data
                0x00037b90                MD4Data
 *fill*         0x00037c36        0xa 
 .text          0x00037c40      0x7f4 libc_pic.a(md4c.pico)
                0x00037c40                MD4Init
                0x00037c40                _MD4Init
                0x00037c80                MD4Update
                0x00037c80                _MD4Update
                0x00037d60                MD4Transform
                0x00038280                _MD4Final
                0x00038280                MD4Final
 *fill*         0x00038434        0xc 
 .text          0x00038440      0x1b6 libc_pic.a(wcsftime.pico)
                0x00038440                wcsftime
                0x00038490                wcsftime_l
                0x00038490                _wcsftime_l
 *fill*         0x000385f6        0xa 
 .text          0x00038600       0x80 libc_pic.a(wcsxfrm.pico)
                0x00038600                wcsxfrm_l
                0x00038640                wcsxfrm
 .text          0x00038680       0x38 libc_pic.a(wcscoll.pico)
                0x00038680                wcscoll_l
                0x000386a0                wcscoll
 *fill*         0x000386b8        0x8 
 .text          0x000386c0      0x2d3 libc_pic.a(wcstoull.pico)
                0x000386c0                wcstoull
                0x00038960                wcstoull_l
 *fill*         0x00038993        0xd 
 .text          0x000389a0      0x1f3 libc_pic.a(wcstoul.pico)
                0x000389a0                wcstoul
                0x00038b60                wcstoul_l
 *fill*         0x00038b93        0xd 
 .text          0x00038ba0      0x353 libc_pic.a(wcstoll.pico)
                0x00038ba0                wcstoll
                0x00038ec0                wcstoll_l
 *fill*         0x00038ef3        0xd 
 .text          0x00038f00      0x223 libc_pic.a(wcstol.pico)
                0x00038f00                wcstol
                0x000390f0                wcstol_l
 *fill*         0x00039123        0xd 
 .text          0x00039130       0x9c libc_pic.a(nl_langinfo.pico)
                0x00039130                nl_langinfo
                0x00039180                _nl_langinfo_l
                0x00039180                nl_langinfo_l
 *fill*         0x000391cc        0x4 
 .text          0x000391d0      0x2eb libc_pic.a(newlocale.pico)
                0x000391d0                _newlocale
                0x000391d0                newlocale
 *fill*         0x000394bb        0x5 
 .text          0x000394c0       0x18 libc_pic.a(freelocale.pico)
                0x000394c0                _freelocale
                0x000394c0                freelocale
 *fill*         0x000394d8        0x8 
 .text          0x000394e0       0x46 libc_pic.a(duplocale.pico)
                0x000394e0                duplocale
                0x000394e0                _duplocale
 *fill*         0x00039526        0xa 
 .text          0x00039530       0xf4 libc_pic.a(assertions.pico)
                0x000395d0                set_assertion_failure_callback
                0x00039600                assertion_type_to_text
 *fill*         0x00039624        0xc 
 .text          0x00039630       0x6a libc_pic.a(inet_ntoa.pico)
                0x00039630                _inet_ntoa
                0x00039630                inet_ntoa
 *fill*         0x0003969a        0x6 
 .text          0x000396a0       0x2b libc_pic.a(inet_netof.pico)
                0x000396a0                _inet_netof
                0x000396a0                inet_netof
 *fill*         0x000396cb        0x5 
 .text          0x000396d0       0xf4 libc_pic.a(inet_neta.pico)
                0x000396d0                _inet_neta
                0x000396d0                inet_neta
 *fill*         0x000397c4        0xc 
 .text          0x000397d0      0x86d libc_pic.a(inet_net_pton.pico)
                0x000397d0                inet_net_pton
                0x000397d0                _inet_net_pton
 *fill*         0x0003a03d        0x3 
 .text          0x0003a040      0x52d libc_pic.a(inet_net_ntop.pico)
                0x0003a040                _inet_net_ntop
                0x0003a040                inet_net_ntop
 *fill*         0x0003a56d        0x3 
 .text          0x0003a570       0x4b libc_pic.a(inet_makeaddr.pico)
                0x0003a570                inet_makeaddr
                0x0003a570                _inet_makeaddr
 *fill*         0x0003a5bb        0x5 
 .text          0x0003a5c0       0x2d libc_pic.a(inet_lnaof.pico)
                0x0003a5c0                _inet_lnaof
                0x0003a5c0                inet_lnaof
 *fill*         0x0003a5ed        0x3 
 .text          0x0003a5f0      0x517 libc_pic.a(inet_cidr_pton.pico)
                0x0003a5f0                inet_cidr_pton
                0x0003a5f0                _inet_cidr_pton
 *fill*         0x0003ab07        0x9 
 .text          0x0003ab10      0x49d libc_pic.a(inet_cidr_ntop.pico)
                0x0003ab10                _inet_cidr_ntop
                0x0003ab10                inet_cidr_ntop
 *fill*         0x0003afad        0x3 
 .text          0x0003afb0        0x0 libc_pic.a(_inet_pton.pico)
 .text          0x0003afb0        0x0 libc_pic.a(_inet_aton.pico)
 .text          0x0003afb0      0x238 libc_pic.a(iconv.pico)
                0x0003afb0                _iconv_open
                0x0003afb0                iconv_open
                0x0003b010                _iconv_close
                0x0003b010                iconv_close
                0x0003b050                _iconv
                0x0003b050                iconv
                0x0003b0e0                __iconv
                0x0003b180                __iconv_get_list
                0x0003b1d0                __iconv_free_list
 *fill*         0x0003b1e8        0x8 
 .text          0x0003b1f0       0xab libc_pic.a(murmurhash.pico)
                0x0003b1f0                _murmurhash2
                0x0003b1f0                murmurhash2
 *fill*         0x0003b29b        0x5 
 .text          0x0003b2a0      0x3bc libc_pic.a(sha512hl.pico)
                0x0003b2a0                SHA512_End
                0x0003b2a0                _SHA512_End
                0x0003b330                _SHA512_FileChunk
                0x0003b330                SHA512_FileChunk
                0x0003b560                _SHA512_File
                0x0003b560                SHA512_File
                0x0003b5b0                SHA512_Data
                0x0003b5b0                _SHA512_Data
 *fill*         0x0003b65c        0x4 
 .text          0x0003b660      0x3b9 libc_pic.a(sha384hl.pico)
                0x0003b660                SHA384_End
                0x0003b660                _SHA384_End
                0x0003b6f0                _SHA384_FileChunk
                0x0003b6f0                SHA384_FileChunk
                0x0003b920                _SHA384_File
                0x0003b920                SHA384_File
                0x0003b970                SHA384_Data
                0x0003b970                _SHA384_Data
 *fill*         0x0003ba19        0x7 
 .text          0x0003ba20      0x3b6 libc_pic.a(sha256hl.pico)
                0x0003ba20                SHA256_End
                0x0003ba20                _SHA256_End
                0x0003bab0                _SHA256_FileChunk
                0x0003bab0                SHA256_FileChunk
                0x0003bce0                SHA256_File
                0x0003bce0                _SHA256_File
                0x0003bd30                SHA256_Data
                0x0003bd30                _SHA256_Data
 *fill*         0x0003bdd6        0xa 
 .text          0x0003bde0      0x3b6 libc_pic.a(sha224hl.pico)
                0x0003bde0                SHA224_End
                0x0003bde0                _SHA224_End
                0x0003be70                SHA224_FileChunk
                0x0003be70                _SHA224_FileChunk
                0x0003c0a0                SHA224_File
                0x0003c0a0                _SHA224_File
                0x0003c0f0                SHA224_Data
                0x0003c0f0                _SHA224_Data
 *fill*         0x0003c196        0xa 
 .text          0x0003c1a0     0x13bd libc_pic.a(sha2.pico)
                0x0003c1a0                _SHA256_Init
                0x0003c1a0                SHA256_Init
                0x0003c220                SHA256_Transform
                0x0003c220                _SHA256_Transform
                0x0003c470                SHA256_Update
                0x0003c470                _SHA256_Update
                0x0003c660                SHA256_Final
                0x0003c660                _SHA256_Final
                0x0003c860                SHA224_Init
                0x0003c860                _SHA224_Init
                0x0003c8e0                _SHA224_Update
                0x0003c8e0                SHA224_Update
                0x0003c920                _SHA224_Transform
                0x0003c920                SHA224_Transform
                0x0003c940                SHA224_Final
                0x0003c940                _SHA224_Final
                0x0003c970                _SHA512_Init
                0x0003c970                SHA512_Init
                0x0003c9d0                _SHA512_Transform
                0x0003c9d0                SHA512_Transform
                0x0003cef0                SHA512_Update
                0x0003cef0                _SHA512_Update
                0x0003d190                _SHA512_Final
                0x0003d190                SHA512_Final
                0x0003d3c0                _SHA384_Init
                0x0003d3c0                SHA384_Init
                0x0003d420                SHA384_Update
                0x0003d420                _SHA384_Update
                0x0003d460                SHA384_Transform
                0x0003d460                _SHA384_Transform
                0x0003d480                _SHA384_Final
                0x0003d480                SHA384_Final
 *fill*         0x0003d55d        0x3 
 .text          0x0003d560      0x3b6 libc_pic.a(sha1hl.pico)
                0x0003d560                _SHA1End
                0x0003d560                SHA1End
                0x0003d5f0                _SHA1FileChunk
                0x0003d5f0                SHA1FileChunk
                0x0003d820                _SHA1File
                0x0003d820                SHA1File
                0x0003d870                _SHA1Data
                0x0003d870                SHA1Data
 *fill*         0x0003d916        0xa 
 .text          0x0003d920     0x13b5 libc_pic.a(sha1.pico)
                0x0003d920                _SHA1Transform
                0x0003d920                SHA1Transform
                0x0003e900                _SHA1Init
                0x0003e900                SHA1Init
                0x0003e940                SHA1Update
                0x0003e940                _SHA1Update
                0x0003ea40                SHA1Final
                0x0003ea40                _SHA1Final
 *fill*         0x0003ecd5        0xb 
 .text          0x0003ece0      0x3b6 libc_pic.a(rmd160hl.pico)
                0x0003ece0                RMD160End
                0x0003ece0                _RMD160End
                0x0003ed70                RMD160FileChunk
                0x0003ed70                _RMD160FileChunk
                0x0003efa0                _RMD160File
                0x0003efa0                RMD160File
                0x0003eff0                RMD160Data
                0x0003eff0                _RMD160Data
 *fill*         0x0003f096        0xa 
 .text          0x0003f0a0     0x1741 libc_pic.a(rmd160.pico)
                0x0003f0a0                RMD160Init
                0x0003f0a0                _RMD160Init
                0x0003f0e0                RMD160Update
                0x0003f0e0                _RMD160Update
                0x0003f1d0                RMD160Transform
                0x0003f1d0                _RMD160Transform
                0x00040520                RMD160Final
                0x00040520                _RMD160Final
 *fill*         0x000407e1        0xf 
 .text          0x000407f0      0x3b6 libc_pic.a(md2hl.pico)
                0x000407f0                MD2End
                0x000407f0                _MD2End
                0x00040880                _MD2FileChunk
                0x00040880                MD2FileChunk
                0x00040ab0                MD2File
                0x00040ab0                _MD2File
                0x00040b00                _MD2Data
                0x00040b00                MD2Data
 *fill*         0x00040ba6        0xa 
 .text          0x00040bb0      0x305 libc_pic.a(md2.pico)
                0x00040bb0                _MD2Init
                0x00040bb0                MD2Init
                0x00040c30                MD2Update
                0x00040c30                _MD2Update
                0x00040d40                _MD2Transform
                0x00040d40                MD2Transform
                0x00040dd0                _MD2Final
                0x00040dd0                MD2Final
 *fill*         0x00040eb5        0xb 
 .text          0x00040ec0       0x57 libc_pic.a(fixunsdfsi.pico)
                0x00040ec0                __fixunsdfsi
 *fill*         0x00040f17        0x9 
 .text          0x00040f20        0xd libc_pic.a(fixdfsi.pico)
                0x00040f20                __fixdfsi
 *fill*         0x00040f2d        0x3 
 .text          0x00040f30        0xc libc_pic.a(signbitl.pico)
                0x00040f30                __signbitl
 *fill*         0x00040f3c        0x4 
 .text          0x00040f40       0x39 libc_pic.a(isnanl.pico)
                0x00040f40                __isnanl
 *fill*         0x00040f79        0x7 
 .text          0x00040f80       0x31 libc_pic.a(isinfl.pico)
                0x00040f80                __isinfl
 *fill*         0x00040fb1        0xf 
 .text          0x00040fc0       0x15 libc_pic.a(isfinitel.pico)
                0x00040fc0                __isfinitel
 *fill*         0x00040fd5        0x3 
 .text          0x00040fd8        0x0 libc_pic.a(infinityl.pico)
 .text          0x00040fd8        0x0 libc_pic.a(nanf.pico)
 *fill*         0x00040fd8        0x8 
 .text          0x00040fe0        0xb libc_pic.a(signbitd_ieee754.pico)
                0x00040fe0                __signbitd
 *fill*         0x00040feb        0x5 
 .text          0x00040ff0        0xb libc_pic.a(signbitf_ieee754.pico)
                0x00040ff0                __signbitf
 *fill*         0x00040ffb        0x5 
 .text          0x00041000       0x15 libc_pic.a(isfinited_ieee754.pico)
                0x00041000                __isfinited
 *fill*         0x00041015        0xb 
 .text          0x00041020       0x18 libc_pic.a(isfinitef_ieee754.pico)
                0x00041020                __isfinitef
 *fill*         0x00041038        0x8 
 .text          0x00041040       0x2c libc_pic.a(isnand_ieee754.pico)
                0x00041040                isnan
                0x00041040                __isnand
 *fill*         0x0004106c        0x4 
 .text          0x00041070       0x27 libc_pic.a(isnanf_ieee754.pico)
                0x00041070                __isnanf
 *fill*         0x00041097        0x9 
 .text          0x000410a0       0x23 libc_pic.a(isinfd_ieee754.pico)
                0x000410a0                isinf
                0x000410a0                __isinfd
 *fill*         0x000410c3        0xd 
 .text          0x000410d0       0x27 libc_pic.a(isinff_ieee754.pico)
                0x000410d0                __isinff
 *fill*         0x000410f7        0x9 
 .text          0x00041100       0x42 libc_pic.a(fpclassifyf_ieee754.pico)
                0x00041100                __fpclassifyf
 *fill*         0x00041142        0x2 
 .text          0x00041144        0x0 libc_pic.a(infinity_ieee754.pico)
 .text          0x00041144        0x0 libc_pic.a(infinityf_ieee754.pico)
 *fill*         0x00041144        0xc 
 .text          0x00041150        0xf libc_pic.a(bswap64.pico)
                0x00041150                bswap64
 *fill*         0x0004115f        0x1 
 .text          0x00041160       0x9a libc_pic.a(sigsetjmp.pico)
                0x00041160                __sigsetjmp14
                0x000411b0                __siglongjmp14
 *fill*         0x000411fa        0x6 
 .text          0x00041200       0x42 libc_pic.a(_setjmp.pico)
                0x00041200                _setjmp
                0x00041220                _longjmp
 *fill*         0x00041242        0xe 
 .text          0x00041250       0x84 libc_pic.a(setjmp.pico)
                0x00041250                __setjmp14
                0x00041290                __longjmp14
 *fill*         0x000412d4        0xc 
 .text          0x000412e0       0x29 libc_pic.a(fpsetprec.pico)
                0x000412e0                fpsetprec
                0x000412e0                _fpsetprec
 *fill*         0x00041309        0x7 
 .text          0x00041310       0x13 libc_pic.a(fpgetprec.pico)
                0x00041310                fpgetprec
                0x00041310                _fpgetprec
 *fill*         0x00041323        0xd 
 .text          0x00041330       0x25 libc_pic.a(fpsetsticky.pico)
                0x00041330                fpsetsticky
                0x00041330                _fpsetsticky
 *fill*         0x00041355        0xb 
 .text          0x00041360       0x24 libc_pic.a(fpsetround.pico)
                0x00041360                fpsetround
                0x00041360                _fpsetround
 *fill*         0x00041384        0xc 
 .text          0x00041390       0x25 libc_pic.a(fpsetmask.pico)
                0x00041390                _fpsetmask
                0x00041390                fpsetmask
 *fill*         0x000413b5        0xb 
 .text          0x000413c0       0x10 libc_pic.a(fpgetsticky.pico)
                0x000413c0                _fpgetsticky
                0x000413c0                fpgetsticky
 .text          0x000413d0        0xe libc_pic.a(fpgetround.pico)
                0x000413d0                fpgetround
                0x000413d0                _fpgetround
 *fill*         0x000413de        0x2 
 .text          0x000413e0       0x12 libc_pic.a(fpgetmask.pico)
                0x000413e0                fpgetmask
                0x000413e0                _fpgetmask
 *fill*         0x000413f2        0xe 
 .text          0x00041400       0x19 libc_pic.a(flt_rounds.pico)
                0x00041400                __flt_rounds
 *fill*         0x00041419        0x7 
 .text          0x00041420        0x7 libc_pic.a(byte_swap_4.pico)
                0x00041420                ntohl
                0x00041420                htonl
                0x00041420                __bswap32
 *fill*         0x00041427        0x9 
 .text          0x00041430        0x8 libc_pic.a(byte_swap_2.pico)
                0x00041430                ntohs
                0x00041430                htons
                0x00041430                __bswap16
 *fill*         0x00041438        0x8 
 .text          0x00041440       0x19 libc_pic.a(alloca.pico)
                0x00041440                alloca
 *fill*         0x00041459        0x3 
 .text          0x0004145c        0x0 libc_pic.a(_warnx.pico)
 .text          0x0004145c        0x0 libc_pic.a(_warn.pico)
 .text          0x0004145c        0x0 libc_pic.a(_vwarnx.pico)
 .text          0x0004145c        0x0 libc_pic.a(_vwarn.pico)
 .text          0x0004145c        0x0 libc_pic.a(_verrx.pico)
 .text          0x0004145c        0x0 libc_pic.a(_verr.pico)
 .text          0x0004145c        0x0 libc_pic.a(_sysconf.pico)
 .text          0x0004145c        0x0 libc_pic.a(_errx.pico)
 .text          0x0004145c        0x0 libc_pic.a(_err.pico)
 *fill*         0x0004145c        0x4 
 .text          0x00041460      0x8ad libc_pic.a(wordexp.pico)
                0x00041460                wordexp
                0x00041cc0                wordfree
 *fill*         0x00041d0d        0x3 
 .text          0x00041d10       0xe5 libc_pic.a(wait.pico)
                0x00041d10                wait
                0x00041d10                _wait
 *fill*         0x00041df5        0xb 
 .text          0x00041e00       0x38 libc_pic.a(valloc.pico)
                0x00041e00                valloc
                0x00041e00                _valloc
 *fill*         0x00041e38        0x8 
 .text          0x00041e40       0x7b libc_pic.a(utimens.pico)
                0x00041e40                utimens
                0x00041e80                lutimens
 *fill*         0x00041ebb        0x5 
 .text          0x00041ec0       0x6a libc_pic.a(utime.pico)
                0x00041ec0                __utime50
 *fill*         0x00041f2a        0x6 
 .text          0x00041f30      0x20a libc_pic.a(uname.pico)
                0x00041f30                uname
                0x00041f30                _uname
 *fill*         0x0004213a        0x6 
 .text          0x00042140       0x67 libc_pic.a(ulimit.pico)
                0x00042140                ulimit
 *fill*         0x000421a7        0x9 
 .text          0x000421b0       0x9b libc_pic.a(ualarm.pico)
                0x000421b0                ualarm
                0x000421b0                _ualarm
 *fill*         0x0004224b        0x5 
 .text          0x00042250       0xb4 libc_pic.a(ttyslot.pico)
                0x00042250                _ttyslot
                0x00042250                ttyslot
 *fill*         0x00042304        0xc 
 .text          0x00042310       0xfb libc_pic.a(ttyname.pico)
                0x00042310                _ttyname_r
                0x00042310                ttyname_r
                0x000423c0                _ttyname
                0x000423c0                ttyname
 *fill*         0x0004240b        0x5 
 .text          0x00042410        0xb libc_pic.a(toascii.pico)
                0x00042410                toascii
 *fill*         0x0004241b        0x5 
 .text          0x00042420       0x56 libc_pic.a(time.pico)
                0x00042420                __time50
 *fill*         0x00042476        0xa 
 .text          0x00042480      0x135 libc_pic.a(sigsetops.pico)
                0x00042480                __sigaddset14
                0x000424c0                __sigdelset14
                0x00042510                __sigismember14
                0x00042560                __sigemptyset14
                0x00042590                __sigfillset14
 *fill*         0x000425b5        0xb 
 .text          0x000425c0      0x1a4 libc_pic.a(sigset.pico)
                0x000425c0                sigset
 *fill*         0x00042764        0xc 
 .text          0x00042770       0x84 libc_pic.a(sigrelse.pico)
                0x00042770                sigrelse
 .text          0x000427f4        0x0 libc_pic.a(signame.pico)
 *fill*         0x000427f4        0xc 
 .text          0x00042800       0xbd libc_pic.a(siginterrupt.pico)
                0x00042800                siginterrupt
                0x00042800                _siginterrupt
 *fill*         0x000428bd        0x3 
 .text          0x000428c0       0x6a libc_pic.a(sigignore.pico)
                0x000428c0                sigignore
 *fill*         0x0004292a        0x6 
 .text          0x00042930       0x84 libc_pic.a(sighold.pico)
                0x00042930                sighold
 *fill*         0x000429b4        0xc 
 .text          0x000429c0       0xb1 libc_pic.a(shquotev.pico)
                0x000429c0                shquotev
 *fill*         0x00042a71        0xf 
 .text          0x00042a80      0x229 libc_pic.a(shquote.pico)
                0x00042a80                _shquote
                0x00042a80                shquote
 *fill*         0x00042ca9        0x7 
 .text          0x00042cb0        0x5 libc_pic.a(setprogname.pico)
                0x00042cb0                setprogname
 *fill*         0x00042cb5        0xb 
 .text          0x00042cc0       0xc6 libc_pic.a(setproctitle.pico)
                0x00042cc0                _setproctitle
                0x00042cc0                setproctitle
 *fill*         0x00042d86        0xa 
 .text          0x00042d90      0xb63 libc_pic.a(setmode.pico)
                0x00042d90                _getmode
                0x00042d90                getmode
                0x00042ec0                _setmode
                0x00042ec0                setmode
 *fill*         0x000438f3        0xd 
 .text          0x00043900       0x37 libc_pic.a(setjmperr.pico)
                0x00043900                longjmperror
 *fill*         0x00043937        0x9 
 .text          0x00043940      0x13c libc_pic.a(sethostname.pico)
                0x00043940                _sethostname
                0x00043940                sethostname
 *fill*         0x00043a7c        0x4 
 .text          0x00043a80       0x18 libc_pic.a(seekdir.pico)
                0x00043a80                seekdir
                0x00043a80                _seekdir
 *fill*         0x00043a98        0x8 
 .text          0x00043aa0      0x262 libc_pic.a(scandir.pico)
                0x00043aa0                __scandir30
 *fill*         0x00043d02        0xe 
 .text          0x00043d10      0x6a8 libc_pic.a(randomid.pico)
                0x00043d10                _randomid_new
                0x00043d10                randomid_new
                0x00043df0                _randomid_delete
                0x00043df0                randomid_delete
                0x00043e10                _randomid
                0x00043e10                randomid
 *fill*         0x000443b8        0x8 
 .text          0x000443c0      0x58b libc_pic.a(pw_scan.pico)
                0x000443c0                __pw_scan
 *fill*         0x0004494b        0x5 
 .text          0x00044950      0xefa libc_pic.a(ptree.pico)
                0x00044950                ptree_init
                0x000449c0                ptree_insert_node
                0x00044ce0                ptree_insert_mask_node
                0x00044d90                ptree_find_filtered_node
                0x00044fb0                ptree_iterate
                0x000451d0                ptree_remove_node
                0x00045440                ptree_check
                0x00045450                ptree_mask_node_p
 *fill*         0x0004584a        0x6 
 .text          0x00045850       0xfd libc_pic.a(psignal.pico)
                0x00045850                _psignal
                0x00045850                psignal
                0x00045920                psiginfo
 *fill*         0x0004594d        0x3 
 .text          0x00045950      0x36c libc_pic.a(popen.pico)
                0x00045950                popen
                0x00045950                _popen
                0x00045c10                pclose
                0x00045c10                _pclose
 *fill*         0x00045cbc        0x4 
 .text          0x00045cc0       0x4f libc_pic.a(pause.pico)
                0x00045cc0                pause
                0x00045cc0                _pause
 *fill*         0x00045d0f        0x1 
 .text          0x00045d10       0x9b libc_pic.a(nice.pico)
                0x00045d10                _nice
                0x00045d10                nice
 *fill*         0x00045dab        0x5 
 .text          0x00045db0      0x17e libc_pic.a(nftw.pico)
                0x00045db0                nftw
 *fill*         0x00045f2e        0x2 
 .text          0x00045f30       0x11 libc_pic.a(isascii.pico)
                0x00045f30                isascii
 *fill*         0x00045f41        0xf 
 .text          0x00045f50       0xeb libc_pic.a(initgroups.pico)
                0x00045f50                _initgroups
                0x00045f50                initgroups
 *fill*         0x0004603b        0x5 
 .text          0x00046040      0x474 libc_pic.a(humanize_number.pico)
                0x00046040                humanize_number
 *fill*         0x000464b4        0xc 
 .text          0x000464c0     0x150b libc_pic.a(glob.pico)
                0x000464c0                __glob30
                0x00046ce0                __globfree30
                0x00046d50                glob_pattern_p
 *fill*         0x000479cb        0x5 
 .text          0x000479d0      0x339 libc_pic.a(getusershell.pico)
                0x000479d0                _endusershell
                0x000479d0                endusershell
                0x00047a80                getusershell
                0x00047a80                _getusershell
                0x00047c40                _setusershell
                0x00047c40                setusershell
 *fill*         0x00047d09        0x7 
 .text          0x00047d10      0x94e libc_pic.a(getttyent.pico)
                0x00047d10                getttynam
                0x00047d10                _getttynam
                0x00047d90                setttyent
                0x00047d90                _setttyent
                0x00047dc0                _getttyent
                0x00047dc0                getttyent
                0x00048510                endttyent
                0x00048510                _endttyent
                0x00048560                _setttyentpath
                0x00048560                setttyentpath
 *fill*         0x0004865e        0x2 
 .text          0x00048660      0x218 libc_pic.a(getpass.pico)
                0x00048660                _getpass
                0x00048660                getpass
 *fill*         0x00048878        0x8 
 .text          0x00048880       0xee libc_pic.a(getmntinfo.pico)
                0x00048880                __getmntinfo13
 *fill*         0x0004896e        0x2 
 .text          0x00048970       0xe3 libc_pic.a(getlogin.pico)
                0x00048970                getlogin
                0x00048970                _getlogin
                0x000489d0                _getlogin_r
                0x000489d0                getlogin_r
 *fill*         0x00048a53        0xd 
 .text          0x00048a60       0xba libc_pic.a(getloadavg.pico)
                0x00048a60                getloadavg
                0x00048a60                _getloadavg
 *fill*         0x00048b1a        0x6 
 .text          0x00048b20       0x50 libc_pic.a(getgrouplist.pico)
                0x00048b20                getgrouplist
                0x00048b20                _getgrouplist
 .text          0x00048b70       0x88 libc_pic.a(getdomainname.pico)
                0x00048b70                _getdomainname
                0x00048b70                getdomainname
 *fill*         0x00048bf8        0x8 
 .text          0x00048c00     0x1490 libc_pic.a(getcap.pico)
                0x00048c00                cgetset
                0x00048c00                _cgetset
                0x00048d10                _cgetcap
                0x00048d10                cgetcap
                0x00048dc0                cgetent
                0x00048dc0                _cgetent
                0x00049730                csetexpandtc
                0x00049730                _csetexpandtc
                0x00049750                cgetmatch
                0x00049750                _cgetmatch
                0x000497c0                _cgetfirst
                0x000497c0                cgetfirst
                0x00049820                _cgetclose
                0x00049820                cgetclose
                0x00049870                cgetnext
                0x00049870                _cgetnext
                0x00049bc0                cgetstr
                0x00049bc0                _cgetstr
                0x00049e40                cgetustr
                0x00049e40                _cgetustr
                0x00049fa0                _cgetnum
                0x00049fa0                cgetnum
 .text          0x0004a090      0x1e2 libc_pic.a(getbsize.pico)
                0x0004a090                getbsize
                0x0004a090                _getbsize
 *fill*         0x0004a272        0xe 
 .text          0x0004a280      0x12c libc_pic.a(ftw.pico)
                0x0004a280                ftw
 *fill*         0x0004a3ac        0x4 
 .text          0x0004a3b0       0x5a libc_pic.a(ftok.pico)
                0x0004a3b0                _ftok
                0x0004a3b0                ftok
 *fill*         0x0004a40a        0x6 
 .text          0x0004a410      0x773 libc_pic.a(fstab.pico)
                0x0004a410                getfsent
                0x0004a410                _getfsent
                0x0004a490                setfsent
                0x0004a490                _setfsent
                0x0004a9f0                getfsspec
                0x0004a9f0                _getfsspec
                0x0004aaa0                getfsfile
                0x0004aaa0                _getfsfile
                0x0004ab50                _endfsent
                0x0004ab50                endfsent
 *fill*         0x0004ab83        0xd 
 .text          0x0004ab90      0x580 libc_pic.a(fnmatch.pico)
                0x0004ab90                _fnmatch
                0x0004ab90                fnmatch
 .text          0x0004b110      0x49f libc_pic.a(fmtmsg.pico)
                0x0004b110                fmtmsg
 *fill*         0x0004b5af        0x1 
 .text          0x0004b5b0      0x456 libc_pic.a(fmtcheck.pico)
                0x0004b5b0                __fmtcheck
                0x0004b5b0                fmtcheck
 *fill*         0x0004ba06        0xa 
 .text          0x0004ba10       0x37 libc_pic.a(execv.pico)
                0x0004ba10                _execv
                0x0004ba10                execv
 *fill*         0x0004ba47        0x9 
 .text          0x0004ba50       0x7c libc_pic.a(execlp.pico)
                0x0004ba50                _execlp
                0x0004ba50                execlp
 *fill*         0x0004bacc        0x4 
 .text          0x0004bad0       0x86 libc_pic.a(execle.pico)
                0x0004bad0                execle
                0x0004bad0                _execle
 *fill*         0x0004bb56        0x2 
 .text          0x0004bb58        0x0 libc_pic.a(errno.pico)
 *fill*         0x0004bb58        0x8 
 .text          0x0004bb60       0x2f libc_pic.a(errx.pico)
                0x0004bb60                errx
                0x0004bb60                _errx
 *fill*         0x0004bb8f        0x1 
 .text          0x0004bb90       0x2f libc_pic.a(err.pico)
                0x0004bb90                _err
                0x0004bb90                err
 *fill*         0x0004bbbf        0x1 
 .text          0x0004bbc0       0xc3 libc_pic.a(dirname.pico)
                0x0004bbc0                _dirname
                0x0004bbc0                dirname
 *fill*         0x0004bc83        0xd 
 .text          0x0004bc90      0x15f libc_pic.a(dehumanize_number.pico)
                0x0004bc90                dehumanize_number
 *fill*         0x0004bdef        0x1 
 .text          0x0004bdf0       0xd4 libc_pic.a(daemon.pico)
                0x0004bdf0                _daemon
                0x0004bdf0                daemon
 *fill*         0x0004bec4        0xc 
 .text          0x0004bed0       0x46 libc_pic.a(ctermid.pico)
                0x0004bed0                _ctermid
                0x0004bed0                ctermid
 *fill*         0x0004bf16        0xa 
 .text          0x0004bf20       0x2f libc_pic.a(clock.pico)
                0x0004bf20                clock
 *fill*         0x0004bf4f        0x1 
 .text          0x0004bf50       0xae libc_pic.a(basename.pico)
                0x0004bf50                _basename
                0x0004bf50                basename
 *fill*         0x0004bffe        0x2 
 .text          0x0004c000       0x91 libc_pic.a(alarm.pico)
                0x0004c000                alarm
                0x0004c000                _alarm
 *fill*         0x0004c091        0xf 
 .text          0x0004c0a0       0x21 libc_pic.a(fslib.pico)
                0x0004c0a0                bitmapsize
 *fill*         0x0004c0c1        0xf 
 .text          0x0004c0d0      0x780 libc_pic.a(servxcheck.pico)
                0x0004c0d0                servxcheck
                0x0004c830                servxfile
 .text          0x0004c850       0x39 libc_pic.a(read_tsc_64.pico)
                0x0004c850                read_tsc_64
 *fill*         0x0004c889        0x7 
 .text          0x0004c890       0xc2 libc_pic.a(paramvalue.pico)
                0x0004c890                paramvalue
 *fill*         0x0004c952        0xe 
 .text          0x0004c960      0x101 libc_pic.a(oneC_sum.pico)
                0x0004c960                oneC_sum
 *fill*         0x0004ca61        0xf 
 .text          0x0004ca70      0x1a3 libc_pic.a(itoa.pico)
                0x0004ca70                itoa
 *fill*         0x0004cc13        0xd 
 .text          0x0004cc20        0x5 libc_pic.a(gcov_flush.pico)
                0x0004cc20                __gcov_flush
 *fill*         0x0004cc25        0xb 
 .text          0x0004cc30       0xb8 libc_pic.a(gcov.pico)
                0x0004cc30                _gcov_fopen
                0x0004cc50                _gcov_fread
                0x0004cc70                _gcov_fwrite
                0x0004cc90                _gcov_fclose
                0x0004ccb0                _gcov_fseek
                0x0004ccd0                _gcov_getenv
 *fill*         0x0004cce8        0x8 
 .text          0x0004ccf0      0x139 libc_pic.a(fsversion.pico)
                0x0004ccf0                fsversion
 *fill*         0x0004ce29        0x7 
 .text          0x0004ce30      0x142 libc_pic.a(dhcp_settag.pico)
                0x0004ce30                dhcp_init
                0x0004ce90                dhcp_settag
 *fill*         0x0004cf72        0xe 
 .text          0x0004cf80       0xf6 libc_pic.a(dhcp_gettag.pico)
                0x0004cf80                dhcp_gettag
 *fill*         0x0004d076        0x2 
 .text          0x0004d078        0x0 libc_pic.a(_strtold.pico)
 .text          0x0004d078        0x0 libc_pic.a(_strtof.pico)
 *fill*         0x0004d078        0x8 
 .text          0x0004d080      0x1b5 libc_pic.a(dlfcn_elf.pico)
                0x0004d080                ___dlopen
                0x0004d080                dlopen
                0x0004d080                __dlopen
                0x0004d090                __dlclose
                0x0004d090                ___dlclose
                0x0004d090                dlclose
                0x0004d0a0                dlsym
                0x0004d0a0                ___dlsym
                0x0004d0a0                __dlsym
                0x0004d0b0                ___dlvsym
                0x0004d0b0                __dlvsym
                0x0004d0b0                dlvsym
                0x0004d0c0                __dlerror
                0x0004d0c0                dlerror
                0x0004d0c0                ___dlerror
                0x0004d0e0                ___dladdr
                0x0004d0e0                dladdr
                0x0004d0e0                __dladdr
                0x0004d0f0                ___dlinfo
                0x0004d0f0                dlinfo
                0x0004d0f0                __dlinfo
                0x0004d100                ___dl_iterate_phdr
                0x0004d100                __dl_iterate_phdr
                0x0004d100                dl_iterate_phdr
 *fill*         0x0004d235        0x3 
 .text          0x0004d238        0x0 libc_pic.a(umodti3.pico)
 *fill*         0x0004d238        0x8 
 .text          0x0004d240       0x36 libc_pic.a(umodsi3.pico)
                0x0004d240                __umodsi3
 *fill*         0x0004d276        0x2 
 .text          0x0004d278        0x0 libc_pic.a(udivti3.pico)
 .text          0x0004d278        0x0 libc_pic.a(udivmodti4.pico)
 *fill*         0x0004d278        0x8 
 .text          0x0004d280       0x39 libc_pic.a(udivmodsi4.pico)
                0x0004d280                __udivmodsi4
 *fill*         0x0004d2b9        0x7 
 .text          0x0004d2c0      0x35b libc_pic.a(udivmoddi4.pico)
                0x0004d2c0                __udivmoddi4
 *fill*         0x0004d61b        0x1 
 .text          0x0004d61c        0x0 libc_pic.a(ucmpti2.pico)
 *fill*         0x0004d61c        0x4 
 .text          0x0004d620       0x2f libc_pic.a(ucmpdi2.pico)
                0x0004d620                __ucmpdi2
 *fill*         0x0004d64f        0x1 
 .text          0x0004d650      0x151 libc_pic.a(truncdfsf2.pico)
                0x0004d650                __truncdfsf2
 *fill*         0x0004d7a1        0x3 
 .text          0x0004d7a4        0x0 libc_pic.a(subvti3.pico)
 *fill*         0x0004d7a4        0xc 
 .text          0x0004d7b0        0xb libc_pic.a(subvsi3.pico)
                0x0004d7b0                __subvsi3
 *fill*         0x0004d7bb        0x5 
 .text          0x0004d7c0       0x11 libc_pic.a(subvdi3.pico)
                0x0004d7c0                __subvdi3
 *fill*         0x0004d7d1        0xf 
 .text          0x0004d7e0       0x30 libc_pic.a(subsf3.pico)
                0x0004d7e0                __subsf3
 .text          0x0004d810       0x37 libc_pic.a(subdf3.pico)
                0x0004d810                __subdf3
 *fill*         0x0004d847        0x9 
 .text          0x0004d850       0x38 libc_pic.a(powixf2.pico)
                0x0004d850                __powixf2
 .text          0x0004d888        0x0 libc_pic.a(powitf2.pico)
 *fill*         0x0004d888        0x8 
 .text          0x0004d890       0x38 libc_pic.a(powisf2.pico)
                0x0004d890                __powisf2
 *fill*         0x0004d8c8        0x8 
 .text          0x0004d8d0       0x38 libc_pic.a(powidf2.pico)
                0x0004d8d0                __powidf2
 .text          0x0004d908        0x0 libc_pic.a(popcountti2.pico)
 *fill*         0x0004d908        0x8 
 .text          0x0004d910       0x44 libc_pic.a(popcountsi2.pico)