Archive member included because of file (symbol)

libpuffs_pic.a(null.pico)     (--whole-archive)
libpuffs_pic.a(creds.pico)    (--whole-archive)
libpuffs_pic.a(subr.pico)     (--whole-archive)
libpuffs_pic.a(callcontext.pico)
                              (--whole-archive)
libpuffs_pic.a(puffs.pico)    (--whole-archive)
libpuffs_pic.a(table.pico)    (--whole-archive)
libpuffs_pic.a(time.pico)     (--whole-archive)
libpuffs_pic.a(stadir.pico)   (--whole-archive)
libpuffs_pic.a(read.pico)     (--whole-archive)
libpuffs_pic.a(protect.pico)  (--whole-archive)
libpuffs_pic.a(open.pico)     (--whole-archive)
libpuffs_pic.a(mount.pico)    (--whole-archive)
libpuffs_pic.a(misc.pico)     (--whole-archive)
libpuffs_pic.a(link.pico)     (--whole-archive)
libpuffs_pic.a(inode.pico)    (--whole-archive)
libpuffs_pic.a(path.pico)     (--whole-archive)
libpuffs_pic.a(pnode.pico)    (--whole-archive)
libpuffs_pic.a(utility.pico)  (--whole-archive)
libpuffs_pic.a(path_puffs.pico)
                              (--whole-archive)

Allocating common symbols
Common symbol       size              file

global_kcred        0x54              libpuffs_pic.a(table.pico)
mounted             0x4               libpuffs_pic.a(table.pico)
buildpath           0x4               libpuffs_pic.a(table.pico)
fs_name             0x401             libpuffs_pic.a(table.pico)
global_pu           0x4               libpuffs_pic.a(table.pico)
err_code            0x4               libpuffs_pic.a(table.pico)
exitsignaled        0x4               libpuffs_pic.a(table.pico)
puffs_fakecc        0x4               libpuffs_pic.a(callcontext.pico)
is_readonly_fs      0x4               libpuffs_pic.a(table.pico)

Discarded input sections

 .note.GNU-stack
                0x00000000        0x0 libpuffs_pic.a(null.pico)
 .note.GNU-stack
                0x00000000        0x0 libpuffs_pic.a(creds.pico)
 .note.GNU-stack
                0x00000000        0x0 libpuffs_pic.a(subr.pico)
 .note.GNU-stack
                0x00000000        0x0 libpuffs_pic.a(callcontext.pico)
 .note.GNU-stack
                0x00000000        0x0 libpuffs_pic.a(puffs.pico)
 .note.GNU-stack
                0x00000000        0x0 libpuffs_pic.a(table.pico)
 .note.GNU-stack
                0x00000000        0x0 libpuffs_pic.a(time.pico)
 .note.GNU-stack
                0x00000000        0x0 libpuffs_pic.a(stadir.pico)
 .note.GNU-stack
                0x00000000        0x0 libpuffs_pic.a(read.pico)
 .note.GNU-stack
                0x00000000        0x0 libpuffs_pic.a(protect.pico)
 .note.GNU-stack
                0x00000000        0x0 libpuffs_pic.a(open.pico)
 .note.GNU-stack
                0x00000000        0x0 libpuffs_pic.a(mount.pico)
 .note.GNU-stack
                0x00000000        0x0 libpuffs_pic.a(misc.pico)
 .note.GNU-stack
                0x00000000        0x0 libpuffs_pic.a(link.pico)
 .note.GNU-stack
                0x00000000        0x0 libpuffs_pic.a(inode.pico)
 .note.GNU-stack
                0x00000000        0x0 libpuffs_pic.a(path.pico)
 .note.GNU-stack
                0x00000000        0x0 libpuffs_pic.a(pnode.pico)
 .note.GNU-stack
                0x00000000        0x0 libpuffs_pic.a(utility.pico)
 .note.GNU-stack
                0x00000000        0x0 libpuffs_pic.a(path_puffs.pico)

Memory Configuration

Name             Origin             Length             Attributes
*default*        0x00000000         0xffffffff

Linker script and memory map

LOAD /usr/lib/crti.o
LOAD /usr/lib/crtbeginS.o
LOAD libpuffs_pic.a
LOAD /usr/lib/libc.so
LOAD /usr/lib/crtendS.o
LOAD /usr/lib/crtn.o
                0x000000f4                . = (0x0 + SIZEOF_HEADERS)

.note.gnu.build-id
 *(.note.gnu.build-id)

.hash           0x000000f4      0x6b8
 *(.hash)
 .hash          0x000000f4      0x6b8 /usr/lib/crti.o

.gnu.hash
 *(.gnu.hash)

.dynsym         0x000007ac      0xe70
 *(.dynsym)
 .dynsym        0x000007ac      0xe70 /usr/lib/crti.o

.dynstr         0x0000161c      0xc91
 *(.dynstr)
 .dynstr        0x0000161c      0xc91 /usr/lib/crti.o

.gnu.version    0x000022ae        0x0
 *(.gnu.version)
 .gnu.version   0x00000000        0x0 /usr/lib/crti.o

.gnu.version_d  0x000022b0        0x0
 *(.gnu.version_d)
 .gnu.version_d
                0x00000000        0x0 /usr/lib/crti.o

.gnu.version_r  0x000022b0        0x0
 *(.gnu.version_r)
 .gnu.version_r
                0x00000000        0x0 /usr/lib/crti.o

.rel.dyn        0x000022b0      0x2c8
 *(.rel.init)
 *(.rel.text .rel.text.* .rel.gnu.linkonce.t.*)
 *(.rel.fini)
 *(.rel.rodata .rel.rodata.* .rel.gnu.linkonce.r.*)
 *(.rel.data.rel.ro .rel.data.rel.ro.* .rel.gnu.linkonce.d.rel.ro.*)
 .rel.data.rel.ro.local
                0x000022b0       0xa0 /usr/lib/crti.o
 *(.rel.data .rel.data.* .rel.gnu.linkonce.d.*)
 .rel.data.rel  0x00002350       0xc8 /usr/lib/crti.o
 *(.rel.tdata .rel.tdata.* .rel.gnu.linkonce.td.*)
 *(.rel.tbss .rel.tbss.* .rel.gnu.linkonce.tb.*)
 *(.rel.ctors)
 *(.rel.dtors)
 *(.rel.got)
 .rel.got       0x00002418      0x160 /usr/lib/crti.o
 *(.rel.bss .rel.bss.* .rel.gnu.linkonce.b.*)
 *(.rel.ifunc)
 .rel.ifunc     0x00000000        0x0 /usr/lib/crti.o

.rel.plt        0x00002578      0x308
 *(.rel.plt)
 .rel.plt       0x00002578      0x308 /usr/lib/crti.o
 *(.rel.iplt)

.init           0x00002880        0xa
 *(SORT(.init))
 .init          0x00002880        0x3 /usr/lib/crti.o
                0x00002880                _init
 .init          0x00002883        0x5 /usr/lib/crtbeginS.o
 .init          0x00002888        0x2 /usr/lib/crtn.o

.plt            0x00002890      0x620
 *(.plt)
 .plt           0x00002890      0x620 /usr/lib/crti.o
 *(.iplt)

.text           0x00002eb0     0x6fe4
                0x00002eb0                PROVIDE (__eprol, .)
 *(.text.unlikely .text.*_unlikely)
 *(.text.exit .text.exit.*)
 *(.text.startup .text.startup.*)
 *(.text.hot .text.hot.*)
 *(.text .stub .text.* .gnu.linkonce.t.*)
 .text          0x00002eb0        0x0 /usr/lib/crti.o
 .text          0x00002eb0       0xef /usr/lib/crtbeginS.o
 *fill*         0x00002f9f        0x1 
 .text          0x00002fa0      0xf8c libpuffs_pic.a(null.pico)
                0x00002fa0                puffs_null_setops
                0x00003080                puffs_null_fs_statvfs
                0x000030d0                puffs_null_fs_fhtonode
                0x00003160                puffs_null_fs_nodetofh
                0x00003250                puffs_null_node_lookup
                0x00003370                puffs_null_node_create
                0x000033f0                puffs_null_node_mknod
                0x00003490                puffs_null_node_getattr
                0x000034f0                puffs_null_node_setattr
                0x00003550                puffs_null_node_fsync
                0x00003650                puffs_null_node_remove
                0x000036a0                puffs_null_node_link
                0x000036f0                puffs_null_node_rename
                0x00003750                puffs_null_node_mkdir
                0x000037d0                puffs_null_node_rmdir
                0x00003820                puffs_null_node_symlink
                0x000038a0                puffs_null_node_readlink
                0x000038f0                puffs_null_node_readdir
                0x00003a90                puffs_null_node_read
                0x00003b30                puffs_null_node_write
 *fill*         0x00003f2c        0x4 
 .text          0x00003f30      0x4b9 libpuffs_pic.a(creds.pico)
                0x00003f30                puffs_cred_getuid
                0x00003f70                puffs_cred_getgid
                0x00003fb0                puffs_cred_getgroups
                0x00004020                puffs_cred_isuid
                0x00004040                puffs_cred_hasgroup
                0x00004080                puffs_cred_isregular
                0x000040a0                puffs_cred_iskernel
                0x000040c0                puffs_cred_isfs
                0x000040e0                puffs_cred_isjuggernaut
                0x00004120                puffs_access
                0x000041d0                puffs_access_chown
                0x00004270                puffs_access_chmod
                0x00004320                puffs_access_times
 *fill*         0x000043e9        0x7 
 .text          0x000043f0      0x885 libpuffs_pic.a(subr.pico)
                0x000043f0                puffs_gendotdent
                0x000044e0                puffs_nextdent
                0x00004590                puffs_fsnop_unmount
                0x000045a0                puffs_fsnop_sync
                0x000045b0                puffs_fsnop_statvfs
                0x00004650                puffs_genfs_node_getattr
                0x000046a0                puffs_genfs_node_reclaim
                0x000046e0                puffs_zerostatvfs
                0x00004780                puffs_setvattr
                0x000048d0                puffs_vattr_null
                0x000049d0                puffs_vtype2dt
                0x00004a00                puffs_mode2vt
                0x00004aa0                puffs_stat2vattr
                0x00004c20                puffs_addvtype2mode
 *fill*         0x00004c75        0xb 
 .text          0x00004c80      0x988 libpuffs_pic.a(callcontext.pico)
                0x00004c80                puffs_cc_yield
                0x00004e10                puffs__cc_destroy
                0x00004f10                puffs__cc_create
                0x00005040                puffs__cc_cont
                0x00005150                puffs_cc_getcc
                0x00005190                puffs_cc_continue
                0x000051e0                puffs__goto
                0x00005220                puffs_cc_schedule
                0x000052a0                puffs_cc_getcaller
                0x000053e0                puffs__cc_setcaller
                0x00005410                puffs__cc_exit
                0x000054c0                puffs__cc_savemain
                0x00005500                puffs__cc_restoremain
 *fill*         0x00005608        0x8 
 .text          0x00005610      0xea4 libpuffs_pic.a(puffs.pico)
                0x00005610                __wrap_main
                0x000057c0                puffs_getstate
                0x000057d0                puffs_setstacksize
                0x000058c0                puffs_getrootpathobj
                0x00005900                puffs_setroot
                0x00005920                puffs_getroot
                0x00005930                puffs_setrootinfo
                0x000059a0                puffs_getspecific
                0x000059b0                puffs_setspecific
                0x000059d0                puffs_setmntinfo
                0x00005a30                puffs_getmaxreqlen
                0x00005a40                puffs_setmaxreqlen
                0x00005a90                puffs_setfhsize
                0x00005af0                puffs_setncookiehash
                0x00005b40                puffs_set_pathbuild
                0x00005b60                puffs_set_pathtransform
                0x00005b80                puffs_set_pathcmp
                0x00005ba0                puffs_set_pathfree
                0x00005bc0                puffs_set_namemod
                0x00005be0                puffs_set_errnotify
                0x00005c00                puffs_set_cmap
                0x00005c20                puffs_ml_setloopfn
                0x00005c40                puffs_ml_settimeout
                0x00005c90                puffs_set_prepost
                0x00005cb0                puffs_mount
                0x00005d50                puffs_init
                0x00006120                puffs_cancel
                0x00006180                puffs_exit
                0x00006220                puffs__theloop
                0x000063b0                puffs_mainloop
 .text          0x000064b4        0x0 libpuffs_pic.a(table.pico)
 *fill*         0x000064b4        0xc 
 .text          0x000064c0       0xe9 libpuffs_pic.a(time.pico)
                0x000064c0                fs_utime
 *fill*         0x000065a9        0x7 
 .text          0x000065b0      0x22f libpuffs_pic.a(stadir.pico)
                0x000065b0                fs_stat
                0x00006790                fs_statvfs
 *fill*         0x000067df        0x1 
 .text          0x000067e0      0x4eb libpuffs_pic.a(read.pico)
                0x000067e0                fs_read
                0x00006920                fs_write
                0x00006b30                fs_getdents
 *fill*         0x00006ccb        0x5 
 .text          0x00006cd0      0x1ab libpuffs_pic.a(protect.pico)
                0x00006cd0                fs_chmod
                0x00006db0                fs_chown
 *fill*         0x00006e7b        0x5 
 .text          0x00006e80      0xc93 libpuffs_pic.a(open.pico)
                0x00006e80                fs_create
                0x000071e0                fs_mknod
                0x00007500                fs_mkdir
                0x00007810                fs_slink
 *fill*         0x00007b13        0xd 
 .text          0x00007b20      0x188 libpuffs_pic.a(mount.pico)
                0x00007b20                fs_mount
                0x00007bb0                fs_mountpt
                0x00007c40                fs_unmount
 *fill*         0x00007ca8        0x8 
 .text          0x00007cb0       0x56 libpuffs_pic.a(misc.pico)
                0x00007cb0                fs_sync
 *fill*         0x00007d06        0xa 
 .text          0x00007d10      0xe31 libpuffs_pic.a(link.pico)
                0x00007d10                fs_trunc
                0x00007ed0                fs_link
                0x00008140                fs_rdlink
                0x00008250                fs_rename
                0x00008720                fs_unlink
 *fill*         0x00008b41        0xf 
 .text          0x00008b50      0x2d3 libpuffs_pic.a(inode.pico)
                0x00008b50                release_node
                0x00008be0                fs_putnode
 *fill*         0x00008e23        0xd 
 .text          0x00008e30      0x37e libpuffs_pic.a(path.pico)
                0x00008e30                fs_lookup
                0x00008f20                advance
 *fill*         0x000091ae        0x2 
 .text          0x000091b0      0x390 libpuffs_pic.a(pnode.pico)
                0x000091b0                puffs_pn_new
                0x00009240                puffs_pn_remove
                0x000092f0                puffs_pn_put
                0x00009360                puffs_pn_nodewalk
                0x000093e0                puffs_pn_getvap
                0x000093f0                puffs_pn_getpriv
                0x00009400                puffs_pn_setpriv
                0x00009420                puffs_pn_getpo
                0x00009430                puffs_pn_getmnt
                0x00009440                puffs_pn_getmntspecific
                0x00009460                puffs_newinfo_setcookie
                0x00009470                puffs_newinfo_setvtype
                0x00009480                puffs_newinfo_setsize
                0x000094a0                puffs_newinfo_setrdev
                0x000094c0                puffs_newinfo_setva
                0x00009500                puffs_newinfo_setvattl
                0x00009520                puffs_newinfo_setcnttl
 .text          0x00009540      0x18f libpuffs_pic.a(utility.pico)
                0x00009540                update_timens
                0x00009670                lpuffs_debug
 *fill*         0x000096cf        0x1 
 .text          0x000096d0      0x7c4 libpuffs_pic.a(path_puffs.pico)
                0x000096d0                puffs_path_pcnbuild
                0x00009940                puffs_path_buildhash
                0x000099e0                puffs_path_prefixadj
                0x00009ba0                puffs_path_walkcmp
                0x00009c30                puffs_stdpath_buildpath
                0x00009e00                puffs_stdpath_cmppath
                0x00009e70                puffs_stdpath_freepath
 .text          0x00009e94        0x0 /usr/lib/crtendS.o
 .text          0x00009e94        0x0 /usr/lib/crtn.o
 *(.gnu.warning)

.fini           0x00009ea0        0xa
 *(SORT(.fini))
 .fini          0x00009ea0        0x3 /usr/lib/crti.o
                0x00009ea0                _fini
 .fini          0x00009ea3        0x5 /usr/lib/crtbeginS.o
 .fini          0x00009ea8        0x2 /usr/lib/crtn.o
                0x00009eaa                PROVIDE (__etext, .)
                0x00009eaa                PROVIDE (_etext, .)
                0x00009eaa                PROVIDE (etext, .)

.rodata         0x00009eac      0x9c5
 *(.rodata .rodata.* .gnu.linkonce.r.*)
 .rodata.str1.1
                0x00009eac       0x38 libpuffs_pic.a(null.pico)
 .rodata        0x00009ee4       0x40 libpuffs_pic.a(subr.pico)
 .rodata.str1.1
                0x00009f24       0x36 libpuffs_pic.a(subr.pico)
                                 0x38 (size before relaxing)
 .rodata.str1.1
                0x00009f5a       0xc5 libpuffs_pic.a(callcontext.pico)
 .rodata.str1.1
                0x0000a01f      0x39b libpuffs_pic.a(puffs.pico)
                                0x3ae (size before relaxing)
 .rodata.str1.1
                0x0000a3ba       0x48 libpuffs_pic.a(stadir.pico)
 .rodata.str1.1
                0x0000a402       0x80 libpuffs_pic.a(read.pico)
                                 0x90 (size before relaxing)
 .rodata.str1.1
                0x0000a482       0x8d libpuffs_pic.a(open.pico)
 .rodata.str1.1
                0x0000a50f       0x3c libpuffs_pic.a(mount.pico)
 .rodata.str1.1
                0x0000a54b       0x17 libpuffs_pic.a(misc.pico)
 .rodata.str1.1
                0x0000a562       0xa2 libpuffs_pic.a(link.pico)
                                 0xbe (size before relaxing)
 .rodata.str1.1
                0x0000a604      0x121 libpuffs_pic.a(inode.pico)
 .rodata.str1.1
                0x0000a725       0x4d libpuffs_pic.a(path.pico)
                                 0x6b (size before relaxing)
 .rodata.str1.1
                0x0000a772       0x23 libpuffs_pic.a(pnode.pico)
 .rodata.str1.1
                0x0000a795        0x7 libpuffs_pic.a(utility.pico)
 .rodata.str1.1
                0x0000a79c       0xd5 libpuffs_pic.a(path_puffs.pico)
                                 0xd8 (size before relaxing)

.rodata1
 *(.rodata1)

.eh_frame_hdr   0x0000a874      0x4c4
 *(.eh_frame_hdr)
 .eh_frame_hdr  0x0000a874      0x4c4 libpuffs_pic.a(null.pico)

.eh_frame       0x0000ad38     0x120c
 *(.eh_frame)
 .eh_frame      0x0000ad38       0x3c /usr/lib/crti.o
                                 0x40 (size before relaxing)
 .eh_frame      0x0000ad74        0x0 /usr/lib/crtbeginS.o
 .eh_frame      0x0000ad74      0x318 libpuffs_pic.a(null.pico)
                                0x330 (size before relaxing)
 .eh_frame      0x0000b08c      0x180 libpuffs_pic.a(creds.pico)
                                0x198 (size before relaxing)
 .eh_frame      0x0000b20c      0x1a0 libpuffs_pic.a(subr.pico)
                                0x1b8 (size before relaxing)
 .eh_frame      0x0000b3ac      0x1a8 libpuffs_pic.a(callcontext.pico)
                                0x1c0 (size before relaxing)
 .eh_frame      0x0000b554      0x3d0 libpuffs_pic.a(puffs.pico)
                                0x3e8 (size before relaxing)
 .eh_frame      0x0000b924       0x20 libpuffs_pic.a(time.pico)
                                 0x38 (size before relaxing)
 .eh_frame      0x0000b944       0x40 libpuffs_pic.a(stadir.pico)
                                 0x58 (size before relaxing)
 .eh_frame      0x0000b984       0x60 libpuffs_pic.a(read.pico)
                                 0x78 (size before relaxing)
 .eh_frame      0x0000b9e4       0x40 libpuffs_pic.a(protect.pico)
                                 0x58 (size before relaxing)
 .eh_frame      0x0000ba24       0x80 libpuffs_pic.a(open.pico)
                                 0x98 (size before relaxing)
 .eh_frame      0x0000baa4       0x5c libpuffs_pic.a(mount.pico)
                                 0x74 (size before relaxing)
 .eh_frame      0x0000bb00       0x1c libpuffs_pic.a(misc.pico)
                                 0x34 (size before relaxing)
 .eh_frame      0x0000bb1c       0xa0 libpuffs_pic.a(link.pico)
                                 0xb8 (size before relaxing)
 .eh_frame      0x0000bbbc       0x3c libpuffs_pic.a(inode.pico)
                                 0x54 (size before relaxing)
 .eh_frame      0x0000bbf8       0x40 libpuffs_pic.a(path.pico)
                                 0x58 (size before relaxing)
 .eh_frame      0x0000bc38      0x1ec libpuffs_pic.a(pnode.pico)
                                0x204 (size before relaxing)
 .eh_frame      0x0000be24       0x40 libpuffs_pic.a(utility.pico)
                                 0x58 (size before relaxing)
 .eh_frame      0x0000be64       0xdc libpuffs_pic.a(path_puffs.pico)
                                 0xf4 (size before relaxing)
 .eh_frame      0x0000bf40        0x4 /usr/lib/crtendS.o

.note.minix.ident
                0x0000bf44       0x18
 .note.minix.ident
                0x0000bf44       0x18 /usr/lib/crti.o

.note.netbsd.pax
                0x0000bf5c       0x14
 .note.netbsd.pax
                0x0000bf5c       0x14 /usr/lib/crti.o

.gcc_except_table
 *(.gcc_except_table .gcc_except_table.*)

.exception_ranges
 *(.exception_ranges .exception_ranges*)
                0x0000bf70                . = (ALIGN (0x1000) - ((0x1000 - .) & 0xfff))
                0x0000cf70                . = DATA_SEGMENT_ALIGN (0x1000, 0x1000)

.eh_frame
 *(.eh_frame)

.gcc_except_table
 *(.gcc_except_table .gcc_except_table.*)

.exception_ranges
 *(.exception_ranges .exception_ranges*)

.tdata
 *(.tdata .tdata.* .gnu.linkonce.td.*)

.tbss
 *(.tbss .tbss.* .gnu.linkonce.tb.*)
 *(.tcommon)

.preinit_array
 *(.preinit_array)

.init_array
 *(SORT(.init_array.*))
 *(.init_array)

.fini_array
 *(SORT(.fini_array.*))
 *(.fini_array)

.ctors          0x0000cf70        0x8
 *crtbegin.o(.ctors)
 *crtbegin?.o(.ctors)
 .ctors         0x0000cf70        0x4 /usr/lib/crtbeginS.o
 *(EXCLUDE_FILE(*crtend?.o *crtend.o) .ctors)
 *(SORT(.ctors.*))
 *(.ctors)
 .ctors         0x0000cf74        0x4 /usr/lib/crtendS.o
                0x0000cf74                __CTOR_LIST_END__

.dtors          0x0000cf78        0x8
 *crtbegin.o(.dtors)
 *crtbegin?.o(.dtors)
 .dtors         0x0000cf78        0x4 /usr/lib/crtbeginS.o
 *(EXCLUDE_FILE(*crtend?.o *crtend.o) .dtors)
 *(SORT(.dtors.*))
 *(.dtors)
 .dtors         0x0000cf7c        0x4 /usr/lib/crtendS.o

.jcr            0x0000cf80        0x4
 *(.jcr)
 .jcr           0x0000cf80        0x0 /usr/lib/crtbeginS.o
 .jcr           0x0000cf80        0x4 /usr/lib/crtendS.o

.data.rel.ro    0x0000cf84      0x150
 *(.data.rel.ro.local* .gnu.linkonce.d.rel.ro.local.*)
 .data.rel.ro.local
                0x0000cf84      0x150 libpuffs_pic.a(puffs.pico)
                0x0000cf84                puffsmopts
 *(.data.rel.ro .data.rel.ro.* .gnu.linkonce.d.rel.ro.*)

.dynamic        0x0000d0d4       0xb0
 *(.dynamic)
 .dynamic       0x0000d0d4       0xb0 /usr/lib/crti.o
                0x0000d0d4                _DYNAMIC

.got            0x0000d184       0xb0
 *(.got)
 .got           0x0000d184       0xb0 /usr/lib/crti.o
 *(.igot)
                0x0000d234                . = DATA_SEGMENT_RELRO_END (., (SIZEOF (.got.plt) >= 0xc)?0xc:0x0)

.got.plt        0x0000d234      0x190
 *(.got.plt)
 .got.plt       0x0000d234      0x190 /usr/lib/crti.o
                0x0000d234                _GLOBAL_OFFSET_TABLE_
 *(.igot.plt)

.data           0x0000d3c4       0xb0
 *(.data .data.* .gnu.linkonce.d.*)
 .data          0x0000d3c4        0x0 /usr/lib/crti.o
 .data          0x0000d3c4        0x0 /usr/lib/crtbeginS.o
 .data.rel      0x0000d3c4       0x26 /usr/lib/crtbeginS.o
                0x0000d3c4                __dso_handle
 *fill*         0x0000d3ea        0x2 
 .data          0x0000d3ec        0x0 libpuffs_pic.a(null.pico)
 .data          0x0000d3ec        0x0 libpuffs_pic.a(creds.pico)
 .data          0x0000d3ec        0x0 libpuffs_pic.a(subr.pico)
 .data          0x0000d3ec        0x0 libpuffs_pic.a(callcontext.pico)
 .data          0x0000d3ec        0x0 libpuffs_pic.a(puffs.pico)
 .data          0x0000d3ec        0x0 libpuffs_pic.a(table.pico)
 .data.rel      0x0000d3ec       0x88 libpuffs_pic.a(table.pico)
                0x0000d3ec                puffs_table
 .data          0x0000d474        0x0 libpuffs_pic.a(time.pico)
 .data          0x0000d474        0x0 libpuffs_pic.a(stadir.pico)
 .data          0x0000d474        0x0 libpuffs_pic.a(read.pico)
 .data          0x0000d474        0x0 libpuffs_pic.a(protect.pico)
 .data          0x0000d474        0x0 libpuffs_pic.a(open.pico)
 .data          0x0000d474        0x0 libpuffs_pic.a(mount.pico)
 .data          0x0000d474        0x0 libpuffs_pic.a(misc.pico)
 .data          0x0000d474        0x0 libpuffs_pic.a(link.pico)
 .data          0x0000d474        0x0 libpuffs_pic.a(inode.pico)
 .data          0x0000d474        0x0 libpuffs_pic.a(path.pico)
 .data          0x0000d474        0x0 libpuffs_pic.a(pnode.pico)
 .data          0x0000d474        0x0 libpuffs_pic.a(utility.pico)
 .data          0x0000d474        0x0 libpuffs_pic.a(path_puffs.pico)
 .data          0x0000d474        0x0 /usr/lib/crtendS.o
 .data          0x0000d474        0x0 /usr/lib/crtn.o

.data1
 *(.data1)
                0x0000d474                _edata = .
                0x0000d474                PROVIDE (edata, .)
                0x0000d474                . = .
                0x0000d474                __bss_start = .

.bss            0x0000d480    0x21b58
 *(.dynbss)
 .dynbss        0x00000000        0x0 /usr/lib/crti.o
 *(.bss .bss.* .gnu.linkonce.b.*)
 .bss           0x0000d480        0x0 /usr/lib/crti.o
 .bss           0x0000d480        0x0 /usr/lib/crtbeginS.o
 .bss           0x0000d480        0x0 libpuffs_pic.a(null.pico)
 .bss           0x0000d480        0x0 libpuffs_pic.a(creds.pico)
 .bss           0x0000d480        0x0 libpuffs_pic.a(subr.pico)
 .bss           0x0000d480      0x644 libpuffs_pic.a(callcontext.pico)
 *fill*         0x0000dac4        0xc 
 .bss           0x0000dad0       0x94 libpuffs_pic.a(puffs.pico)
 .bss           0x0000db64        0x0 libpuffs_pic.a(table.pico)
 .bss           0x0000db64        0x0 libpuffs_pic.a(time.pico)
 .bss           0x0000db64        0x0 libpuffs_pic.a(stadir.pico)
 .bss           0x0000db64    0x21000 libpuffs_pic.a(read.pico)
 .bss           0x0002eb64        0x0 libpuffs_pic.a(protect.pico)
 .bss           0x0002eb64        0x0 libpuffs_pic.a(open.pico)
 .bss           0x0002eb64        0x0 libpuffs_pic.a(mount.pico)
 .bss           0x0002eb64        0x0 libpuffs_pic.a(misc.pico)
 .bss           0x0002eb64        0x0 libpuffs_pic.a(link.pico)
 .bss           0x0002eb64        0x0 libpuffs_pic.a(inode.pico)
 .bss           0x0002eb64        0x0 libpuffs_pic.a(path.pico)
 .bss           0x0002eb64        0x0 libpuffs_pic.a(pnode.pico)
 .bss           0x0002eb64        0x0 libpuffs_pic.a(utility.pico)
 .bss           0x0002eb64        0x0 libpuffs_pic.a(path_puffs.pico)
 .bss           0x0002eb64        0x0 /usr/lib/crtendS.o
 .bss           0x0002eb64        0x0 /usr/lib/crtn.o
 *(COMMON)
 COMMON         0x0002eb64        0x4 libpuffs_pic.a(callcontext.pico)
                0x0002eb64                puffs_fakecc
 COMMON         0x0002eb68      0x470 libpuffs_pic.a(table.pico)
                0x0002eb68                global_kcred
                0x0002ebbc                mounted
                0x0002ebc0                buildpath
                0x0002ebc4                fs_name
                0x0002efc8                global_pu
                0x0002efcc                err_code
                0x0002efd0                exitsignaled
                0x0002efd4                is_readonly_fs
                0x0002efd8                . = ALIGN ((. != 0x0)?0x4:0x1)
                0x0002efd8                . = ALIGN (0x4)
                0x0002efd8                . = ALIGN (0x4)
                0x0002efd8                _end = .
                0x0002efd8                PROVIDE (end, .)
                0x0002efd8                . = DATA_SEGMENT_END (.)

.stab
 *(.stab)

.stabstr
 *(.stabstr)

.stab.excl
 *(.stab.excl)

.stab.exclstr
 *(.stab.exclstr)

.stab.index
 *(.stab.index)

.stab.indexstr
 *(.stab.indexstr)

.comment        0x00000000       0x28
 *(.comment)
 .comment       0x00000000       0x28 libpuffs_pic.a(null.pico)
                                 0x29 (size before relaxing)
 .comment       0x00000000       0x29 libpuffs_pic.a(creds.pico)
 .comment       0x00000000       0x29 libpuffs_pic.a(subr.pico)
 .comment       0x00000000       0x29 libpuffs_pic.a(callcontext.pico)
 .comment       0x00000000       0x29 libpuffs_pic.a(puffs.pico)
 .comment       0x00000000       0x29 libpuffs_pic.a(table.pico)
 .comment       0x00000000       0x29 libpuffs_pic.a(time.pico)
 .comment       0x00000000       0x29 libpuffs_pic.a(stadir.pico)
 .comment       0x00000000       0x29 libpuffs_pic.a(read.pico)
 .comment       0x00000000       0x29 libpuffs_pic.a(protect.pico)
 .comment       0x00000000       0x29 libpuffs_pic.a(open.pico)
 .comment       0x00000000       0x29 libpuffs_pic.a(mount.pico)
 .comment       0x00000000       0x29 libpuffs_pic.a(misc.pico)
 .comment       0x00000000       0x29 libpuffs_pic.a(link.pico)
 .comment       0x00000000       0x29 libpuffs_pic.a(inode.pico)
 .comment       0x00000000       0x29 libpuffs_pic.a(path.pico)
 .comment       0x00000000       0x29 libpuffs_pic.a(pnode.pico)
 .comment       0x00000000       0x29 libpuffs_pic.a(utility.pico)
 .comment       0x00000000       0x29 libpuffs_pic.a(path_puffs.pico)

.ident          0x00000000      0x22f
 .ident         0x00000000       0x36 /usr/lib/crti.o
 .ident         0x00000036       0x3a /usr/lib/crtbeginS.o
 .ident         0x00000070       0x36 libpuffs_pic.a(null.pico)
 .ident         0x000000a6       0x38 libpuffs_pic.a(creds.pico)
 .ident         0x000000de       0x37 libpuffs_pic.a(subr.pico)
 .ident         0x00000115       0x3e libpuffs_pic.a(callcontext.pico)
 .ident         0x00000153       0x37 libpuffs_pic.a(puffs.pico)
 .ident         0x0000018a       0x37 libpuffs_pic.a(pnode.pico)
 .ident         0x000001c1       0x38 /usr/lib/crtendS.o
 .ident         0x000001f9       0x36 /usr/lib/crtn.o

.debug
 *(.debug)

.line
 *(.line)

.debug_srcinfo
 *(.debug_srcinfo)

.debug_sfnames
 *(.debug_sfnames)

.debug_aranges
 *(.debug_aranges)

.debug_pubnames
 *(.debug_pubnames)

.debug_info
 *(.debug_info .gnu.linkonce.wi.*)

.debug_abbrev
 *(.debug_abbrev)

.debug_line
 *(.debug_line)

.debug_frame
 *(.debug_frame)

.debug_str
 *(.debug_str)

.debug_loc
 *(.debug_loc)

.debug_macinfo
 *(.debug_macinfo)

.debug_weaknames
 *(.debug_weaknames)

.debug_funcnames
 *(.debug_funcnames)

.debug_typenames
 *(.debug_typenames)

.debug_varnames
 *(.debug_varnames)

.debug_pubtypes
 *(.debug_pubtypes)

.debug_ranges
 *(.debug_ranges)

.debug_macro
 *(.debug_macro)

.gnu.attributes
 *(.gnu.attributes)

/DISCARD/
 *(.note.GNU-stack)
 *(.gnu_debuglink)
 *(.gnu.lto_*)
OUTPUT(libpuffs.so.2.0 elf32-i386-minix)
