Archive member included because of file (symbol)

libsys_pic.a(pci_slot_name.pico)
                              (--whole-archive)
libsys_pic.a(pci_set_acl.pico)
                              (--whole-archive)
libsys_pic.a(pci_reserve.pico)
                              (--whole-archive)
libsys_pic.a(pci_rescan_bus.pico)
                              (--whole-archive)
libsys_pic.a(pci_next_dev.pico)
                              (--whole-archive)
libsys_pic.a(pci_ids.pico)    (--whole-archive)
libsys_pic.a(pci_get_bar.pico)
                              (--whole-archive)
libsys_pic.a(pci_first_dev.pico)
                              (--whole-archive)
libsys_pic.a(pci_find_dev.pico)
                              (--whole-archive)
libsys_pic.a(pci_dev_name.pico)
                              (--whole-archive)
libsys_pic.a(pci_del_acl.pico)
                              (--whole-archive)
libsys_pic.a(pci_attr_w8.pico)
                              (--whole-archive)
libsys_pic.a(pci_attr_w32.pico)
                              (--whole-archive)
libsys_pic.a(pci_attr_w16.pico)
                              (--whole-archive)
libsys_pic.a(pci_attr_r8.pico)
                              (--whole-archive)
libsys_pic.a(pci_attr_r32.pico)
                              (--whole-archive)
libsys_pic.a(pci_attr_r16.pico)
                              (--whole-archive)
libsys_pic.a(vm_set_priv.pico)
                              (--whole-archive)
libsys_pic.a(vm_query_exit.pico)
                              (--whole-archive)
libsys_pic.a(vm_procctl.pico)
                              (--whole-archive)
libsys_pic.a(vm_notify_sig.pico)
                              (--whole-archive)
libsys_pic.a(vm_memctl.pico)  (--whole-archive)
libsys_pic.a(vm_map_phys.pico)
                              (--whole-archive)
libsys_pic.a(vm_info.pico)    (--whole-archive)
libsys_pic.a(vm_fork.pico)    (--whole-archive)
libsys_pic.a(vm_exit.pico)    (--whole-archive)
libsys_pic.a(vm_cache.pico)   (--whole-archive)
libsys_pic.a(timers.pico)     (--whole-archive)
libsys_pic.a(sys_vumap.pico)  (--whole-archive)
libsys_pic.a(sys_vtimer.pico)
                              (--whole-archive)
libsys_pic.a(sys_vsafecopy.pico)
                              (--whole-archive)
libsys_pic.a(sys_vmctl.pico)  (--whole-archive)
libsys_pic.a(sys_vircopy.pico)
                              (--whole-archive)
libsys_pic.a(sys_update.pico)
                              (--whole-archive)
libsys_pic.a(sys_trace.pico)  (--whole-archive)
libsys_pic.a(sys_stime.pico)  (--whole-archive)
libsys_pic.a(sys_statectl.pico)
                              (--whole-archive)
libsys_pic.a(sys_sprof.pico)  (--whole-archive)
libsys_pic.a(sys_sigsend.pico)
                              (--whole-archive)
libsys_pic.a(sys_sigreturn.pico)
                              (--whole-archive)
libsys_pic.a(sys_settime.pico)
                              (--whole-archive)
libsys_pic.a(sys_setalarm.pico)
                              (--whole-archive)
libsys_pic.a(sys_schedule.pico)
                              (--whole-archive)
libsys_pic.a(sys_safememset.pico)
                              (--whole-archive)
libsys_pic.a(sys_safecopy.pico)
                              (--whole-archive)
libsys_pic.a(sys_runctl.pico)
                              (--whole-archive)
libsys_pic.a(sys_privctl.pico)
                              (--whole-archive)
libsys_pic.a(sys_physcopy.pico)
                              (--whole-archive)
libsys_pic.a(sys_padconf.pico)
                              (--whole-archive)
libsys_pic.a(sys_memset.pico)
                              (--whole-archive)
libsys_pic.a(sys_mcontext.pico)
                              (--whole-archive)
libsys_pic.a(sys_kill.pico)   (--whole-archive)
libsys_pic.a(sys_irqctl.pico)
                              (--whole-archive)
libsys_pic.a(sys_fork.pico)   (--whole-archive)
libsys_pic.a(sys_exec.pico)   (--whole-archive)
libsys_pic.a(sys_clear.pico)  (--whole-archive)
libsys_pic.a(sys_abort.pico)  (--whole-archive)
libsys_pic.a(srv_kill.pico)   (--whole-archive)
libsys_pic.a(srv_fork.pico)   (--whole-archive)
libsys_pic.a(sqrt_approx.pico)
                              (--whole-archive)
libsys_pic.a(sched_stop.pico)
                              (--whole-archive)
libsys_pic.a(sched_start.pico)
                              (--whole-archive)
libsys_pic.a(optset.pico)     (--whole-archive)
libsys_pic.a(mapdriver.pico)  (--whole-archive)
libsys_pic.a(kputs.pico)      (--whole-archive)
libsys_pic.a(kputc.pico)      (--whole-archive)
libsys_pic.a(getsysinfo.pico)
                              (--whole-archive)
libsys_pic.a(getprocnr.pico)  (--whole-archive)
libsys_pic.a(getepinfo.pico)  (--whole-archive)
libsys_pic.a(fkey_ctl.pico)   (--whole-archive)
libsys_pic.a(env_prefix.pico)
                              (--whole-archive)
libsys_pic.a(env_parse.pico)  (--whole-archive)
libsys_pic.a(env_panic.pico)  (--whole-archive)
[...]
Memory Configuration

Name             Origin             Length             Attributes
*default*        0x00000000         0xffffffff

Linker script and memory map

LOAD /usr/lib/crti.o
LOAD /usr/lib/crtbeginS.o
LOAD libsys_pic.a
LOAD /usr/lib/crtendS.o
LOAD /usr/lib/crtn.o
                0x000000f4                . = (0x0 + SIZEOF_HEADERS)

.note.gnu.build-id
 *(.note.gnu.build-id)

.hash           0x000000f4      0x8b0
 *(.hash)
 .hash          0x000000f4      0x8b0 /usr/lib/crti.o

.gnu.hash
 *(.gnu.hash)

.dynsym         0x000009a4     0x1230
 *(.dynsym)
 .dynsym        0x000009a4     0x1230 /usr/lib/crti.o

.dynstr         0x00001bd4      0xfd0
 *(.dynstr)
 .dynstr        0x00001bd4      0xfd0 /usr/lib/crti.o

.gnu.version    0x00002ba4        0x0
 *(.gnu.version)
 .gnu.version   0x00000000        0x0 /usr/lib/crti.o

.gnu.version_d  0x00002ba4        0x0
 *(.gnu.version_d)
 .gnu.version_d
                0x00000000        0x0 /usr/lib/crti.o

.gnu.version_r  0x00002ba4        0x0
 *(.gnu.version_r)
 .gnu.version_r
                0x00000000        0x0 /usr/lib/crti.o

.rel.dyn        0x00002ba4       0xf0
 *(.rel.init)
 *(.rel.text .rel.text.* .rel.gnu.linkonce.t.*)
 *(.rel.fini)
 *(.rel.rodata .rel.rodata.* .rel.gnu.linkonce.r.*)
 *(.rel.data.rel.ro .rel.data.rel.ro.* .rel.gnu.linkonce.d.rel.ro.*)
 *(.rel.data .rel.data.* .rel.gnu.linkonce.d.*)
 .rel.data.rel  0x00002ba4       0x70 /usr/lib/crti.o
 *(.rel.tdata .rel.tdata.* .rel.gnu.linkonce.td.*)
 *(.rel.tbss .rel.tbss.* .rel.gnu.linkonce.tb.*)
 *(.rel.ctors)
 *(.rel.dtors)
 *(.rel.got)
 .rel.got       0x00002c14       0x80 /usr/lib/crti.o
 *(.rel.bss .rel.bss.* .rel.gnu.linkonce.b.*)
 *(.rel.ifunc)
 .rel.ifunc     0x00000000        0x0 /usr/lib/crti.o

.rel.plt        0x00002c94      0x250
 *(.rel.plt)
 .rel.plt       0x00002c94      0x250 /usr/lib/crti.o
 *(.rel.iplt)

.init           0x00002ef0        0xa
 *(SORT(.init))
 .init          0x00002ef0        0x3 /usr/lib/crti.o
                0x00002ef0                _init
 .init          0x00002ef3        0x5 /usr/lib/crtbeginS.o
 .init          0x00002ef8        0x2 /usr/lib/crtn.o

.plt            0x00002f00      0x4b0
 *(.plt)
 .plt           0x00002f00      0x4b0 /usr/lib/crti.o
 *(.iplt)

.text           0x000033b0     0x8264
                0x000033b0                PROVIDE (__eprol, .)
 *(.text.unlikely .text.*_unlikely)
 *(.text.exit .text.exit.*)
 *(.text.startup .text.startup.*)
 *(.text.hot .text.hot.*)
 *(.text .stub .text.* .gnu.linkonce.t.*)
 .text          0x000033b0        0x0 /usr/lib/crti.o
 .text          0x000033b0       0xef /usr/lib/crtbeginS.o
 *fill*         0x0000349f        0x1 
 .text          0x000034a0       0xeb libsys_pic.a(pci_slot_name.pico)
                0x000034a0                pci_slot_name
 *fill*         0x0000358b        0x5 
 .text          0x00003590       0xf4 libsys_pic.a(pci_set_acl.pico)
                0x00003590                pci_set_acl
 *fill*         0x00003684        0xc 
 .text          0x00003690       0xc6 libsys_pic.a(pci_reserve.pico)
                0x00003690                pci_reserve
                0x00003710                pci_reserve_ok
 *fill*         0x00003756        0xa 
 .text          0x00003760       0x7b libsys_pic.a(pci_rescan_bus.pico)
                0x00003760                pci_rescan_bus
 *fill*         0x000037db        0x5 
 .text          0x000037e0       0xa6 libsys_pic.a(pci_next_dev.pico)
                0x000037e0                pci_next_dev
 *fill*         0x00003886        0xa 
 .text          0x00003890       0xab libsys_pic.a(pci_ids.pico)
                0x00003890                pci_ids
 *fill*         0x0000393b        0x5 
 .text          0x00003940       0x8e libsys_pic.a(pci_get_bar.pico)
                0x00003940                pci_get_bar
 *fill*         0x000039ce        0x2 
 .text          0x000039d0       0xa0 libsys_pic.a(pci_first_dev.pico)
                0x000039d0                pci_first_dev
 .text          0x00003a70       0xda libsys_pic.a(pci_find_dev.pico)
                0x00003a70                pci_find_dev
 *fill*         0x00003b4a        0x6 
 .text          0x00003b50      0x101 libsys_pic.a(pci_dev_name.pico)
                0x00003b50                pci_dev_name
 *fill*         0x00003c51        0xf 
 .text          0x00003c60       0x9f libsys_pic.a(pci_del_acl.pico)
                0x00003c60                pci_del_acl
 *fill*         0x00003cff        0x1 
 .text          0x00003d00       0x89 libsys_pic.a(pci_attr_w8.pico)
                0x00003d00                pci_attr_w8
 *fill*         0x00003d89        0x7 
 .text          0x00003d90       0x88 libsys_pic.a(pci_attr_w32.pico)
                0x00003d90                pci_attr_w32
 *fill*         0x00003e18        0x8 
 .text          0x00003e20       0x89 libsys_pic.a(pci_attr_w16.pico)
                0x00003e20                pci_attr_w16
 *fill*         0x00003ea9        0x7 
 .text          0x00003eb0       0x86 libsys_pic.a(pci_attr_r8.pico)
                0x00003eb0                pci_attr_r8
 *fill*         0x00003f36        0xa 
 .text          0x00003f40       0x85 libsys_pic.a(pci_attr_r32.pico)
                0x00003f40                pci_attr_r32
 *fill*         0x00003fc5        0xb 
 .text          0x00003fd0       0x86 libsys_pic.a(pci_attr_r16.pico)
                0x00003fd0                pci_attr_r16
 *fill*         0x00004056        0xa 
 .text          0x00004060       0x6a libsys_pic.a(vm_set_priv.pico)
                0x00004060                vm_set_priv
 *fill*         0x000040ca        0x6 
 .text          0x000040d0       0xde libsys_pic.a(vm_query_exit.pico)
                0x000040d0                vm_query_exit
                0x00004150                vm_watch_exit
 *fill*         0x000041ae        0x2 
 .text          0x000041b0       0xfb libsys_pic.a(vm_procctl.pico)
                0x000041b0                vm_procctl_clear
                0x00004230                vm_procctl_handlemem
 *fill*         0x000042ab        0x5 
 .text          0x000042b0       0x63 libsys_pic.a(vm_notify_sig.pico)
                0x000042b0                vm_notify_sig
 *fill*         0x00004313        0xd 
 .text          0x00004320       0x63 libsys_pic.a(vm_memctl.pico)
                0x00004320                vm_memctl
 *fill*         0x00004383        0xd 
 .text          0x00004390       0xe5 libsys_pic.a(vm_map_phys.pico)
                0x00004390                vm_map_phys
                0x00004410                vm_unmap_phys
 *fill*         0x00004475        0xb 
 .text          0x00004480      0x16b libsys_pic.a(vm_info.pico)
                0x00004480                vm_info_stats
                0x000044f0                vm_info_usage
                0x00004560                vm_info_region
 *fill*         0x000045eb        0x5 
 .text          0x000045f0       0x6c libsys_pic.a(vm_fork.pico)
                0x000045f0                vm_fork
 *fill*         0x0000465c        0x4 
 .text          0x00004660       0xbe libsys_pic.a(vm_exit.pico)
                0x00004660                vm_exit
                0x000046c0                vm_willexit
 *fill*         0x0000471e        0x2 
 .text          0x00004720      0x318 libsys_pic.a(vm_cache.pico)
                0x00004720                vm_map_cacheblock
                0x00004910                vm_set_cacheblock
                0x000049a0                vm_clear_cache
 *fill*         0x00004a38        0x8 
 .text          0x00004a40      0x19c libsys_pic.a(timers.pico)
                0x00004a40                init_timer
                0x00004a60                set_timer
                0x00004b00                cancel_timer
                0x00004b70                expire_timers
 *fill*         0x00004bdc        0x4 
 .text          0x00004be0       0x74 libsys_pic.a(sys_vumap.pico)
                0x00004be0                sys_vumap
 *fill*         0x00004c54        0xc 
 .text          0x00004c60       0x6f libsys_pic.a(sys_vtimer.pico)
                0x00004c60                sys_vtimer
 *fill*         0x00004ccf        0x1 
 .text          0x00004cd0       0x41 libsys_pic.a(sys_vsafecopy.pico)
                0x00004cd0                sys_vsafecopy
 *fill*         0x00004d11        0xf 
 .text          0x00004d20      0x241 libsys_pic.a(sys_vmctl.pico)
                0x00004d20                sys_vmctl
                0x00004d70                sys_vmctl_get_pdbr
                0x00004dc0                sys_vmctl_set_addrspace
                0x00004e10                sys_vmctl_get_memreq
                0x00004ea0                sys_vmctl_get_mapping
                0x00004f10                sys_vmctl_reply_mapping
 *fill*         0x00004f61        0xf 
 .text          0x00004f70       0x7f libsys_pic.a(sys_vircopy.pico)
                0x00004f70                sys_vircopy
 *fill*         0x00004fef        0x1 
 .text          0x00004ff0       0x41 libsys_pic.a(sys_update.pico)
                0x00004ff0                sys_update
 *fill*         0x00005031        0xf 
 .text          0x00005040       0x73 libsys_pic.a(sys_trace.pico)
                0x00005040                sys_trace
 *fill*         0x000050b3        0xd 
 .text          0x000050c0       0x41 libsys_pic.a(sys_stime.pico)
                0x000050c0                sys_stime
 *fill*         0x00005101        0xf 
 .text          0x00005110       0x3a libsys_pic.a(sys_statectl.pico)
                0x00005110                sys_statectl
 *fill*         0x0000514a        0x2 
 .text          0x0000514c        0x0 libsys_pic.a(sys_sprof.pico)
 *fill*         0x0000514c        0x4 
 .text          0x00005150       0x41 libsys_pic.a(sys_sigsend.pico)
                0x00005150                sys_sigsend
 *fill*         0x00005191        0xf 
 .text          0x000051a0       0x41 libsys_pic.a(sys_sigreturn.pico)
                0x000051a0                sys_sigreturn
 *fill*         0x000051e1        0xf 
 .text          0x000051f0       0x56 libsys_pic.a(sys_settime.pico)
                0x000051f0                sys_settime
 *fill*         0x00005246        0xa 
 .text          0x00005250       0x41 libsys_pic.a(sys_setalarm.pico)
                0x00005250                sys_setalarm
 *fill*         0x00005291        0xf 
 .text          0x000052a0       0x4f libsys_pic.a(sys_schedule.pico)
                0x000052a0                sys_schedule
 *fill*         0x000052ef        0x1 
 .text          0x000052f0       0x56 libsys_pic.a(sys_safememset.pico)
                0x000052f0                sys_safememset
 *fill*         0x00005346        0xa 
 .text          0x00005350       0xba libsys_pic.a(sys_safecopy.pico)
                0x00005350                sys_safecopyfrom
                0x000053b0                sys_safecopyto
 *fill*         0x0000540a        0x6 
 .text          0x00005410       0x48 libsys_pic.a(sys_runctl.pico)
                0x00005410                sys_runctl
 *fill*         0x00005458        0x8 
 .text          0x00005460       0xa0 libsys_pic.a(sys_privctl.pico)
                0x00005460                sys_privctl
                0x000054b0                sys_privquery_mem
 .text          0x00005500       0x67 libsys_pic.a(sys_physcopy.pico)
                0x00005500                sys_physcopy
 *fill*         0x00005567        0x9 
 .text          0x00005570       0x48 libsys_pic.a(sys_padconf.pico)
                0x00005570                sys_padconf
 *fill*         0x000055b8        0x8 
 .text          0x000055c0       0x57 libsys_pic.a(sys_memset.pico)
                0x000055c0                sys_memset
 *fill*         0x00005617        0x9 
 .text          0x00005620       0x91 libsys_pic.a(sys_mcontext.pico)
                0x00005620                sys_getmcontext
                0x00005670                sys_setmcontext
 *fill*         0x000056b1        0xf 
 .text          0x000056c0       0x41 libsys_pic.a(sys_kill.pico)
                0x000056c0                sys_kill
 *fill*         0x00005701        0xf 
 .text          0x00005710       0x68 libsys_pic.a(sys_irqctl.pico)
                0x00005710                sys_irqctl
 *fill*         0x00005778        0x8 
 .text          0x00005780       0x5a libsys_pic.a(sys_fork.pico)
                0x00005780                sys_fork
 *fill*         0x000057da        0x6 
 .text          0x000057e0       0x56 libsys_pic.a(sys_exec.pico)
                0x000057e0                sys_exec
 *fill*         0x00005836        0xa 
 .text          0x00005840       0x3a libsys_pic.a(sys_clear.pico)
                0x00005840                sys_clear
 *fill*         0x0000587a        0x6 
 .text          0x00005880       0x3a libsys_pic.a(sys_abort.pico)
                0x00005880                sys_abort
 *fill*         0x000058ba        0x6 
 .text          0x000058c0       0x63 libsys_pic.a(srv_kill.pico)
                0x000058c0                srv_kill
 *fill*         0x00005923        0xd 
 .text          0x00005930       0x63 libsys_pic.a(srv_fork.pico)
                0x00005930                srv_fork
 *fill*         0x00005993        0xd 
 .text          0x000059a0      0x11f libsys_pic.a(sqrt_approx.pico)
                0x000059a0                sqrt_approx
 *fill*         0x00005abf        0x1 
 .text          0x00005ac0       0xe9 libsys_pic.a(sched_stop.pico)
                0x00005ac0                sched_stop
 *fill*         0x00005ba9        0x7 
 .text          0x00005bb0      0x3d4 libsys_pic.a(sched_start.pico)
                0x00005bb0                sched_inherit
                0x00005d60                sched_start
 *fill*         0x00005f84        0xc 
 .text          0x00005f90      0x1e5 libsys_pic.a(optset.pico)
                0x00005f90                optset_parse
 *fill*         0x00006175        0xb 
 .text          0x00006180       0x70 libsys_pic.a(mapdriver.pico)
                0x00006180                mapdriver
 .text          0x000061f0       0x53 libsys_pic.a(kputs.pico)
                0x000061f0                puts
 *fill*         0x00006243        0xd 
 .text          0x00006250       0x73 libsys_pic.a(kputc.pico)
                0x00006250                kputc
 *fill*         0x000062c3        0xd 
 .text          0x000062d0       0x9c libsys_pic.a(getsysinfo.pico)
                0x000062d0                getsysinfo
 *fill*         0x0000636c        0x4 
 .text          0x00006370       0x69 libsys_pic.a(getprocnr.pico)
                0x00006370                getprocnr
 *fill*         0x000063d9        0x7 
 .text          0x000063e0      0x1e8 libsys_pic.a(getepinfo.pico)
                0x000063e0                getnpid
                0x00006440                getnuid
                0x000064b0                getngid
                0x00006520                getnucred
 *fill*         0x000065c8        0x8 
 .text          0x000065d0       0x99 libsys_pic.a(fkey_ctl.pico)
                0x000065d0                fkey_ctl
 *fill*         0x00006669        0x7 
 .text          0x00006670       0xc5 libsys_pic.a(env_prefix.pico)
                0x00006670                env_prefix
 *fill*         0x00006735        0xb 
 .text          0x00006740      0x242 libsys_pic.a(env_parse.pico)
                0x00006740                env_parse
 *fill*         0x00006982        0xe 
 .text          0x00006990       0x62 libsys_pic.a(env_panic.pico)
                0x00006990                env_panic
 *fill*         0x000069f2        0xe 
 .text          0x00006a00      0x1fe libsys_pic.a(env_get_prm.pico)
                0x00006a00                env_setargs
                0x00006a30                env_get_param
 *fill*         0x00006bfe        0x2 
 .text          0x00006c00       0x6a libsys_pic.a(copyfd.pico)
                0x00006c00                copyfd
 *fill*         0x00006c6a        0x6 
 .text          0x00006c70       0xb0 libsys_pic.a(clock_time.pico)
                0x00006c70                clock_time
 .text          0x00006d20       0xa3 libsys_pic.a(checkperms.pico)
                0x00006d20                checkperms
 *fill*         0x00006dc3        0xd 
 .text          0x00006dd0      0x3cd libsys_pic.a(asynsend.pico)
                0x00006dd0                asynsend3
                0x00007100                asyn_geterror
 *fill*         0x0000719d        0x3 
 .text          0x000071a0       0xe8 libsys_pic.a(alloc_util.pico)
                0x000071a0                alloc_contig
                0x00007270                free_contig
 *fill*         0x00007288        0x8 
 .text          0x00007290      0x613 libsys_pic.a(vbox.pico)
                0x00007290                vbox_init
                0x000072e0                vbox_open
                0x000073d0                vbox_close
                0x00007470                vbox_call
                0x00007670                vbox_put
                0x000076c0                vbox_set_u32
                0x000076e0                vbox_set_u64
                0x00007700                vbox_set_ptr
                0x00007790                vbox_set_grant
                0x00007800                vbox_get_u32
                0x00007850                vbox_get_u64
 *fill*         0x000078a3        0xd 
 .text          0x000078b0       0x49 libsys_pic.a(sys_voutw.pico)
                0x000078b0                sys_voutw
 *fill*         0x000078f9        0x7 
 .text          0x00007900       0x49 libsys_pic.a(sys_voutl.pico)
                0x00007900                sys_voutl
 *fill*         0x00007949        0x7 
 .text          0x00007950       0x49 libsys_pic.a(sys_voutb.pico)
                0x00007950                sys_voutb
 *fill*         0x00007999        0x7 
 .text          0x000079a0       0x49 libsys_pic.a(sys_vinw.pico)
                0x000079a0                sys_vinw
 *fill*         0x000079e9        0x7 
 .text          0x000079f0       0x49 libsys_pic.a(sys_vinl.pico)
                0x000079f0                sys_vinl
 *fill*         0x00007a39        0x7 
 .text          0x00007a40       0x49 libsys_pic.a(sys_vinb.pico)
                0x00007a40                sys_vinb
 *fill*         0x00007a89        0x7 
 .text          0x00007a90       0x5f libsys_pic.a(sys_umap_remote.pico)
                0x00007a90                sys_umap_remote
 *fill*         0x00007aef        0x1 
 .text          0x00007af0       0x5d libsys_pic.a(sys_sdevio.pico)
                0x00007af0                sys_sdevio
 *fill*         0x00007b4d        0x3 
 .text          0x00007b50       0x48 libsys_pic.a(sys_readbios.pico)
                0x00007b50                sys_readbios
 *fill*         0x00007b98        0x8 
 .text          0x00007ba0       0x3a libsys_pic.a(sys_int86.pico)
                0x00007ba0                sys_int86
 *fill*         0x00007bda        0x6 
 .text          0x00007be0       0x3a libsys_pic.a(sys_eniop.pico)
                0x00007be0                sys_enable_iop
 *fill*         0x00007c1a        0x6 
 .text          0x00007c20      0x123 libsys_pic.a(spin.pico)
                0x00007c20                spin_init
                0x00007c40                spin_check
 *fill*         0x00007d43        0xd 
 .text          0x00007d50       0x6f libsys_pic.a(ser_putc.pico)
                0x00007d50                ser_putc
 *fill*         0x00007dbf        0x1 
 .text          0x00007dc0      0x1bd libsys_pic.a(getidle.pico)
                0x00007dc0                getidle
 *fill*         0x00007f7d        0x3 
 .text          0x00007f80       0x97 libsys_pic.a(get_randomness.pico)
                0x00007f80                get_randomness
 *fill*         0x00008017        0x9 
 .text          0x00008020       0x9d libsys_pic.a(pci_init.pico)
                0x00008020                pci_init
 *fill*         0x000080bd        0x3 
 .text          0x000080c0       0x58 libsys_pic.a(sys_umap.pico)
                0x000080c0                sys_umap
 *fill*         0x00008118        0x8 
 .text          0x00008120       0x56 libsys_pic.a(sys_schedctl.pico)
                0x00008120                sys_schedctl
 *fill*         0x00008176        0xa 
 .text          0x00008180       0x72 libsys_pic.a(sys_diagctl.pico)
                0x00008180                sys_diagctl
 *fill*         0x000081f2        0xe 
 .text          0x00008200       0x65 libsys_pic.a(getuptime.pico)
                0x00008200                getuptime
 *fill*         0x00008265        0xb 
 .text          0x00008270       0x4c libsys_pic.a(getticks.pico)
                0x00008270                getticks
 *fill*         0x000082bc        0x4 
 .text          0x000082c0      0xc0b libsys_pic.a(ds.pico)
                0x000082c0                ds_publish_label
                0x00008380                ds_publish_u32
                0x00008440                ds_publish_str
                0x00008550                ds_publish_mem
                0x00008650                ds_retrieve_label_name
                0x00008700                ds_retrieve_label_endpt
                0x000087c0                ds_retrieve_u32
                0x00008880                ds_retrieve_str
                0x00008990                ds_retrieve_mem
                0x00008aa0                ds_delete_u32
                0x00008b50                ds_delete_str
                0x00008c00                ds_delete_mem
                0x00008cb0                ds_delete_label
                0x00008d60                ds_subscribe
                0x00008e10                ds_check
 *fill*         0x00008ecb        0x5 
 .text          0x00008ed0      0x3d1 libsys_pic.a(tsc_util.pico)
                0x00008ed0                tsc_calibrate
                0x00008f60                micro_delay
                0x000090d0                tsc_64_to_micros
                0x000091b0                tsc_to_micros
                0x000091e0                tsc_get_khz
                0x00009290                delta_frclock_64
 *fill*         0x000092a1        0xf 
 .text          0x000092b0       0x4b libsys_pic.a(sys_out.pico)
                0x000092b0                sys_out
 *fill*         0x000092fb        0x5 
 .text          0x00009300       0x4d libsys_pic.a(sys_in.pico)
                0x00009300                sys_in
 *fill*         0x0000934d        0x3 
 .text          0x00009350       0xa9 libsys_pic.a(tickdelay.pico)
                0x00009350                tickdelay
 *fill*         0x000093f9        0x7 
 .text          0x00009400      0x13d libsys_pic.a(sys_hz.pico)
                0x00009400                sys_hz
                0x00009490                micros_to_ticks
 *fill*         0x0000953d        0x3 
 .text          0x00009540      0x835 libsys_pic.a(safecopies.pico)
                0x00009540                cpf_grant_direct
                0x000098e0                cpf_setgrant_direct
                0x00009950                cpf_revoke
                0x000099a0                cpf_grant_indirect
                0x00009a60                cpf_setgrant_indirect
                0x00009ac0                cpf_grant_magic
                0x00009ba0                cpf_setgrant_magic
                0x00009c10                cpf_lookup
                0x00009ca0                cpf_getgrants
                0x00009cf0                cpf_setgrant_disable
                0x00009d40                cpf_reload
 *fill*         0x00009d75        0xb 
 .text          0x00009d80       0x41 libsys_pic.a(sys_setgrant.pico)
                0x00009d80                sys_setgrant
 *fill*         0x00009dc1        0xf 
 .text          0x00009dd0      0x2ff libsys_pic.a(sef_signal.pico)
                0x00009dd0                do_sef_signal_request
                0x00009f80                sef_setcb_signal_handler
                0x00009fe0                sef_setcb_signal_manager
                0x0000a040                sef_cb_signal_handler_null
                0x0000a050                sef_cb_signal_manager_null
                0x0000a060                sef_cb_signal_handler_term
                0x0000a090                sef_cb_signal_handler_posix_default
 *fill*         0x0000a0cf        0x1 
 .text          0x0000a0d0       0x5c libsys_pic.a(sys_getsig.pico)
                0x0000a0d0                sys_getksig
 *fill*         0x0000a12c        0x4 
 .text          0x0000a130       0x3a libsys_pic.a(sys_endsig.pico)
                0x0000a130                sys_endksig
 *fill*         0x0000a16a        0x6 
 .text          0x0000a170      0x5e8 libsys_pic.a(sef_liveupdate.pico)
                0x0000a170                do_sef_lu_before_receive
                0x0000a320                do_sef_lu_request
                0x0000a3b0                sef_cb_lu_state_isvalid_null
                0x0000a3c0                sef_setcb_lu_prepare
                0x0000a420                sef_setcb_lu_state_isvalid
                0x0000a480                sef_setcb_lu_state_changed
                0x0000a4e0                sef_setcb_lu_state_dump
                0x0000a540                sef_setcb_lu_state_save
                0x0000a5a0                sef_setcb_lu_response
                0x0000a600                sef_cb_lu_prepare_null
                0x0000a610                sef_cb_lu_state_changed_null
                0x0000a620                sef_cb_lu_state_dump_null
                0x0000a650                sef_cb_lu_state_save_null
                0x0000a660                sef_cb_lu_response_null
                0x0000a670                sef_cb_lu_prepare_always_ready
                0x0000a680                sef_cb_lu_prepare_never_ready
                0x0000a6c0                sef_cb_lu_prepare_crash
                0x0000a6e0                sef_cb_lu_state_isvalid_standard
                0x0000a700                sef_cb_lu_state_isvalid_workfree
                0x0000a710                sef_cb_lu_response_rs_reply
 *fill*         0x0000a758        0x8 
 .text          0x0000a760      0x3f0 libsys_pic.a(sef_init.pico)
                0x0000a760                do_sef_rs_init
                0x0000a860                do_sef_init_request
                0x0000a940                sef_setcb_init_fresh
                0x0000a9a0                sef_setcb_init_lu
                0x0000aa00                sef_setcb_init_restart
                0x0000aa60                sef_setcb_init_response
                0x0000aac0                sef_cb_init_null
                0x0000aad0                sef_cb_init_response_null
                0x0000aae0                sef_cb_init_fail
                0x0000aaf0                sef_cb_init_reset
                0x0000ab00                sef_cb_init_crash
                0x0000ab20                sef_cb_init_response_rs_reply
 .text          0x0000ab50      0x509 libsys_pic.a(sef.pico)
                0x0000ab50                sef_startup
                0x0000ace0                sef_receive_status
                0x0000ae20                sef_self
                0x0000ae60                sef_cancel
                0x0000ae80                __exit
                0x0000ae80                sef_exit
                0x0000ae80                _exit
                0x0000aed0                sef_debug_header
 *fill*         0x0000b059        0x7 
 .text          0x0000b060       0x63 libsys_pic.a(vm_update.pico)
                0x0000b060                vm_update
 *fill*         0x0000b0c3        0xd 
 .text          0x0000b0d0       0x3e libsys_pic.a(taskcall.pico)
                0x0000b0d0                _taskcall
 *fill*         0x0000b10e        0x2 
 .text          0x0000b110       0x77 libsys_pic.a(sys_times.pico)
                0x0000b110                sys_times
 *fill*         0x0000b187        0x9 
 .text          0x0000b190       0x33 libsys_pic.a(sys_exit.pico)
                0x0000b190                sys_exit
 *fill*         0x0000b1c3        0xd 
 .text          0x0000b1d0       0xbb libsys_pic.a(sef_ping.pico)
                0x0000b1d0                do_sef_ping_request
                0x0000b200                sef_setcb_ping_reply
                0x0000b260                sef_cb_ping_reply_null
                0x0000b270                sef_cb_ping_reply_pong
 *fill*         0x0000b28b        0x5 
 .text          0x0000b290       0x2b libsys_pic.a(sef_fi.pico)
                0x0000b290                do_sef_fi_request
 *fill*         0x0000b2bb        0x5 
 .text          0x0000b2c0       0xa4 libsys_pic.a(assert.pico)
                0x0000b2c0                __assert13
                0x0000b330                __assert
 *fill*         0x0000b364        0xc 
 .text          0x0000b370       0xd4 libsys_pic.a(panic.pico)
                0x0000b370                panic_hook
                0x0000b370                __panic_hook
                0x0000b380                panic
 *fill*         0x0000b444        0xc 
 .text          0x0000b450       0xec libsys_pic.a(sys_getinfo.pico)
                0x0000b450                sys_getinfo
                0x0000b4b0                sys_whoami
 *fill*         0x0000b53c        0x4 
 .text          0x0000b540       0x70 libsys_pic.a(stacktrace.pico)
                0x0000b540                util_stacktrace
 .text          0x0000b5b0       0x2e libsys_pic.a(kprintf.pico)
                0x0000b5b0                printf
 *fill*         0x0000b5de        0x2 
 .text          0x0000b5e0       0x31 libsys_pic.a(kernel_call.pico)
                0x0000b5e0                _kernel_call
 *fill*         0x0000b611        0x3 
 .text          0x0000b614        0x0 /usr/lib/crtendS.o
 .text          0x0000b614        0x0 /usr/lib/crtn.o
 *(.gnu.warning)

.fini           0x0000b620        0xa
 *(SORT(.fini))
 .fini          0x0000b620        0x3 /usr/lib/crti.o
                0x0000b620                _fini
 .fini          0x0000b623        0x5 /usr/lib/crtbeginS.o
 .fini          0x0000b628        0x2 /usr/lib/crtn.o
                0x0000b62a                PROVIDE (__etext, .)
                0x0000b62a                PROVIDE (_etext, .)
                0x0000b62a                PROVIDE (etext, .)

.rodata         0x0000b62c     0x10ff
 *(.rodata .rodata.* .gnu.linkonce.r.*)
 .rodata.str1.1
                0x0000b62c       0x7a libsys_pic.a(pci_slot_name.pico)
 .rodata.str1.1
                0x0000b6a6       0x8b libsys_pic.a(pci_set_acl.pico)
 .rodata.str1.1
                0x0000b731       0x4b libsys_pic.a(pci_reserve.pico)
 .rodata.str1.1
                0x0000b77c       0x51 libsys_pic.a(pci_rescan_bus.pico)
 .rodata.str1.1
                0x0000b7cd       0x4d libsys_pic.a(pci_next_dev.pico)
 .rodata.str1.1
                0x0000b81a       0x57 libsys_pic.a(pci_ids.pico)
 .rodata.str1.1
                0x0000b871       0x23 libsys_pic.a(pci_get_bar.pico)
 .rodata.str1.1
                0x0000b894       0x4f libsys_pic.a(pci_first_dev.pico)
 .rodata.str1.1
                0x0000b8e3       0x92 libsys_pic.a(pci_find_dev.pico)
 .rodata.str1.1
                0x0000b975       0x4d libsys_pic.a(pci_dev_name.pico)
                                 0x78 (size before relaxing)
 .rodata.str1.1
                0x0000b9c2       0x5d libsys_pic.a(pci_del_acl.pico)
                                 0x61 (size before relaxing)
 .rodata.str1.1
                0x0000ba1f       0x4b libsys_pic.a(pci_attr_w8.pico)
 .rodata.str1.1
                0x0000ba6a       0x4d libsys_pic.a(pci_attr_w32.pico)
 .rodata.str1.1
                0x0000bab7       0x4d libsys_pic.a(pci_attr_w16.pico)
 .rodata.str1.1
                0x0000bb04       0x4b libsys_pic.a(pci_attr_r8.pico)
 .rodata.str1.1
                0x0000bb4f       0x4d libsys_pic.a(pci_attr_r32.pico)
 .rodata.str1.1
                0x0000bb9c       0x4d libsys_pic.a(pci_attr_r16.pico)
 .rodata.str1.1
                0x0000bbe9       0xda libsys_pic.a(vm_cache.pico)
 .rodata.str1.1
                0x0000bcc3       0x80 libsys_pic.a(timers.pico)
 .rodata.str1.1
                0x0000bd43       0x54 libsys_pic.a(sched_stop.pico)
 .rodata.str1.1
                0x0000bd97       0x85 libsys_pic.a(sched_start.pico)
                                 0xc1 (size before relaxing)
 .rodata        0x0000be1c       0x1c libsys_pic.a(getsysinfo.pico)
 .rodata.str1.1
                0x0000be38       0x3a libsys_pic.a(env_prefix.pico)
 .rodata.str1.1
                0x0000be72       0x38 libsys_pic.a(env_parse.pico)
                                 0x40 (size before relaxing)
 .rodata.str1.1
                0x0000beaa       0x58 libsys_pic.a(env_panic.pico)
 .rodata.str1.1
                0x0000bf02       0x1b libsys_pic.a(env_get_prm.pico)
 .rodata.str1.1
                0x0000bf1d       0x21 libsys_pic.a(clock_time.pico)
 .rodata.str1.1
                0x0000bf3e       0x89 libsys_pic.a(asynsend.pico)
 .rodata.str1.1
                0x0000bfc7       0x18 libsys_pic.a(alloc_util.pico)
 .rodata.str1.1
                0x0000bfdf       0xb2 libsys_pic.a(vbox.pico)
 *fill*         0x0000c091        0x3 
 .rodata        0x0000c094       0x10 libsys_pic.a(spin.pico)
 .rodata.str1.1
                0x0000c0a4       0x1d libsys_pic.a(spin.pico)
 *fill*         0x0000c0c1        0x3 
 .rodata.cst4   0x0000c0c4        0x8 libsys_pic.a(getidle.pico)
 .rodata.str1.1
                0x0000c0cc       0x74 libsys_pic.a(pci_init.pico)
                                 0x78 (size before relaxing)
 .rodata.str1.1
                0x0000c140       0x20 libsys_pic.a(sys_diagctl.pico)
 .rodata.str1.1
                0x0000c160       0x5d libsys_pic.a(tsc_util.pico)
 .rodata.str1.1
                0x0000c1bd       0x39 libsys_pic.a(sys_hz.pico)
 .rodata.str1.1
                0x0000c1f6       0xb8 libsys_pic.a(safecopies.pico)
 .rodata.str1.1
                0x0000c2ae       0x82 libsys_pic.a(sef_signal.pico)
 .rodata.str1.1
                0x0000c330      0x1b7 libsys_pic.a(sef_liveupdate.pico)
                                0x1c3 (size before relaxing)
 .rodata.str1.1
                0x0000c4e7       0x8e libsys_pic.a(sef_init.pico)
                                 0x99 (size before relaxing)
 .rodata.str1.1
                0x0000c575      0x101 libsys_pic.a(sef.pico)
 .rodata.str1.1
                0x0000c676       0x20 libsys_pic.a(sef_ping.pico)
                                 0x2b (size before relaxing)
 .rodata.str1.1
                0x0000c696       0x38 libsys_pic.a(assert.pico)
                                 0x3a (size before relaxing)
 .rodata.str1.1
                0x0000c6ce       0x56 libsys_pic.a(panic.pico)
                                 0x58 (size before relaxing)
 .rodata.str1.1
                0x0000c724        0x7 libsys_pic.a(stacktrace.pico)
                                  0x9 (size before relaxing)

.rodata1
 *(.rodata1)

.eh_frame_hdr   0x0000c72c      0x7b4
 *(.eh_frame_hdr)
 .eh_frame_hdr  0x0000c72c      0x7b4 libsys_pic.a(pci_slot_name.pico)

.eh_frame       0x0000cee0     0x1cc0
 *(.eh_frame)
 .eh_frame      0x0000cee0       0x3c /usr/lib/crti.o
                                 0x40 (size before relaxing)
 .eh_frame      0x0000cf1c        0x0 /usr/lib/crtbeginS.o
 .eh_frame      0x0000cf1c       0x20 libsys_pic.a(pci_slot_name.pico)
                                 0x38 (size before relaxing)
 .eh_frame      0x0000cf3c       0x20 libsys_pic.a(pci_set_acl.pico)
                                 0x38 (size before relaxing)
 .eh_frame      0x0000cf5c       0x38 libsys_pic.a(pci_reserve.pico)
                                 0x50 (size before relaxing)
 .eh_frame      0x0000cf94       0x1c libsys_pic.a(pci_rescan_bus.pico)
                                 0x34 (size before relaxing)
 .eh_frame      0x0000cfb0       0x20 libsys_pic.a(pci_next_dev.pico)
                                 0x38 (size before relaxing)
 .eh_frame      0x0000cfd0       0x1c libsys_pic.a(pci_ids.pico)
                                 0x34 (size before relaxing)
 .eh_frame      0x0000cfec       0x20 libsys_pic.a(pci_get_bar.pico)
                                 0x38 (size before relaxing)
 .eh_frame      0x0000d00c       0x20 libsys_pic.a(pci_first_dev.pico)
                                 0x38 (size before relaxing)
 .eh_frame      0x0000d02c       0x20 libsys_pic.a(pci_find_dev.pico)
                                 0x38 (size before relaxing)
 .eh_frame      0x0000d04c       0x20 libsys_pic.a(pci_dev_name.pico)
                                 0x38 (size before relaxing)
 .eh_frame      0x0000d06c       0x20 libsys_pic.a(pci_del_acl.pico)
                                 0x38 (size before relaxing)
 .eh_frame      0x0000d08c       0x1c libsys_pic.a(pci_attr_w8.pico)
                                 0x34 (size before relaxing)
 .eh_frame      0x0000d0a8       0x1c libsys_pic.a(pci_attr_w32.pico)
                                 0x34 (size before relaxing)
 .eh_frame      0x0000d0c4       0x1c libsys_pic.a(pci_attr_w16.pico)
                                 0x34 (size before relaxing)
 .eh_frame      0x0000d0e0       0x1c libsys_pic.a(pci_attr_r8.pico)
                                 0x34 (size before relaxing)
 .eh_frame      0x0000d0fc       0x1c libsys_pic.a(pci_attr_r32.pico)
                                 0x34 (size before relaxing)
 .eh_frame      0x0000d118       0x1c libsys_pic.a(pci_attr_r16.pico)
                                 0x34 (size before relaxing)
 .eh_frame      0x0000d134       0x20 libsys_pic.a(vm_set_priv.pico)
                                 0x38 (size before relaxing)
 .eh_frame      0x0000d154       0x40 libsys_pic.a(vm_query_exit.pico)
                                 0x58 (size before relaxing)
 .eh_frame      0x0000d194       0x40 libsys_pic.a(vm_procctl.pico)
                                 0x58 (size before relaxing)
 .eh_frame      0x0000d1d4       0x20 libsys_pic.a(vm_notify_sig.pico)
                                 0x38 (size before relaxing)
 .eh_frame      0x0000d1f4       0x20 libsys_pic.a(vm_memctl.pico)
                                 0x38 (size before relaxing)
 .eh_frame      0x0000d214       0x40 libsys_pic.a(vm_map_phys.pico)
                                 0x58 (size before relaxing)
 .eh_frame      0x0000d254       0x60 libsys_pic.a(vm_info.pico)
                                 0x78 (size before relaxing)
 .eh_frame      0x0000d2b4       0x20 libsys_pic.a(vm_fork.pico)
                                 0x38 (size before relaxing)
 .eh_frame      0x0000d2d4       0x40 libsys_pic.a(vm_exit.pico)
                                 0x58 (size before relaxing)
 .eh_frame      0x0000d314       0x7c libsys_pic.a(vm_cache.pico)
                                 0x94 (size before relaxing)
 .eh_frame      0x0000d390       0x74 libsys_pic.a(timers.pico)
                                 0x8c (size before relaxing)
 .eh_frame      0x0000d404       0x20 libsys_pic.a(sys_vumap.pico)
                                 0x38 (size before relaxing)
 .eh_frame      0x0000d424       0x20 libsys_pic.a(sys_vtimer.pico)
                                 0x38 (size before relaxing)
 .eh_frame      0x0000d444       0x1c libsys_pic.a(sys_vsafecopy.pico)
                                 0x34 (size before relaxing)
 .eh_frame      0x0000d460       0xac libsys_pic.a(sys_vmctl.pico)
                                 0xc4 (size before relaxing)
 .eh_frame      0x0000d50c       0x20 libsys_pic.a(sys_vircopy.pico)
                                 0x38 (size before relaxing)
 .eh_frame      0x0000d52c       0x1c libsys_pic.a(sys_update.pico)
                                 0x34 (size before relaxing)
 .eh_frame      0x0000d548       0x20 libsys_pic.a(sys_trace.pico)
                                 0x38 (size before relaxing)
 .eh_frame      0x0000d568       0x1c libsys_pic.a(sys_stime.pico)
                                 0x34 (size before relaxing)
 .eh_frame      0x0000d584       0x1c libsys_pic.a(sys_statectl.pico)
                                 0x34 (size before relaxing)
 .eh_frame      0x0000d5a0       0x1c libsys_pic.a(sys_sigsend.pico)
                                 0x34 (size before relaxing)
 .eh_frame      0x0000d5bc       0x1c libsys_pic.a(sys_sigreturn.pico)
                                 0x34 (size before relaxing)
 .eh_frame      0x0000d5d8       0x1c libsys_pic.a(sys_settime.pico)
                                 0x34 (size before relaxing)
 .eh_frame      0x0000d5f4       0x1c libsys_pic.a(sys_setalarm.pico)
                                 0x34 (size before relaxing)
 .eh_frame      0x0000d610       0x1c libsys_pic.a(sys_schedule.pico)
                                 0x34 (size before relaxing)
 .eh_frame      0x0000d62c       0x1c libsys_pic.a(sys_safememset.pico)
                                 0x34 (size before relaxing)
 .eh_frame      0x0000d648       0x3c libsys_pic.a(sys_safecopy.pico)
                                 0x54 (size before relaxing)
 .eh_frame      0x0000d684       0x1c libsys_pic.a(sys_runctl.pico)
                                 0x34 (size before relaxing)
 .eh_frame      0x0000d6a0       0x38 libsys_pic.a(sys_privctl.pico)
                                 0x50 (size before relaxing)
 .eh_frame      0x0000d6d8       0x20 libsys_pic.a(sys_physcopy.pico)
                                 0x38 (size before relaxing)
 .eh_frame      0x0000d6f8       0x1c libsys_pic.a(sys_padconf.pico)
                                 0x34 (size before relaxing)
 .eh_frame      0x0000d714       0x20 libsys_pic.a(sys_memset.pico)
                                 0x38 (size before relaxing)
 .eh_frame      0x0000d734       0x38 libsys_pic.a(sys_mcontext.pico)
                                 0x50 (size before relaxing)
 .eh_frame      0x0000d76c       0x1c libsys_pic.a(sys_kill.pico)
                                 0x34 (size before relaxing)
 .eh_frame      0x0000d788       0x20 libsys_pic.a(sys_irqctl.pico)
                                 0x38 (size before relaxing)
 .eh_frame      0x0000d7a8       0x1c libsys_pic.a(sys_fork.pico)
                                 0x34 (size before relaxing)
 .eh_frame      0x0000d7c4       0x1c libsys_pic.a(sys_exec.pico)
                                 0x34 (size before relaxing)
 .eh_frame      0x0000d7e0       0x1c libsys_pic.a(sys_clear.pico)
                                 0x34 (size before relaxing)
 .eh_frame      0x0000d7fc       0x1c libsys_pic.a(sys_abort.pico)
                                 0x34 (size before relaxing)
 .eh_frame      0x0000d818       0x20 libsys_pic.a(srv_kill.pico)
                                 0x38 (size before relaxing)
 .eh_frame      0x0000d838       0x20 libsys_pic.a(srv_fork.pico)
                                 0x38 (size before relaxing)
 .eh_frame      0x0000d858       0x1c libsys_pic.a(sqrt_approx.pico)
                                 0x34 (size before relaxing)
 .eh_frame      0x0000d874       0x20 libsys_pic.a(sched_stop.pico)
                                 0x38 (size before relaxing)
 .eh_frame      0x0000d894       0x40 libsys_pic.a(sched_start.pico)
                                 0x58 (size before relaxing)
 .eh_frame      0x0000d8d4       0x20 libsys_pic.a(optset.pico)
                                 0x38 (size before relaxing)
 .eh_frame      0x0000d8f4       0x20 libsys_pic.a(mapdriver.pico)
                                 0x38 (size before relaxing)
 .eh_frame      0x0000d914       0x20 libsys_pic.a(kputs.pico)
                                 0x38 (size before relaxing)
 .eh_frame      0x0000d934       0x20 libsys_pic.a(kputc.pico)
                                 0x38 (size before relaxing)
 .eh_frame      0x0000d954       0x20 libsys_pic.a(getsysinfo.pico)
                                 0x38 (size before relaxing)
 .eh_frame      0x0000d974       0x20 libsys_pic.a(getprocnr.pico)
                                 0x38 (size before relaxing)
 .eh_frame      0x0000d994       0x80 libsys_pic.a(getepinfo.pico)
                                 0x98 (size before relaxing)
 .eh_frame      0x0000da14       0x20 libsys_pic.a(fkey_ctl.pico)
                                 0x38 (size before relaxing)
 .eh_frame      0x0000da34       0x20 libsys_pic.a(env_prefix.pico)
                                 0x38 (size before relaxing)
 .eh_frame      0x0000da54       0x20 libsys_pic.a(env_parse.pico)
                                 0x38 (size before relaxing)
 .eh_frame      0x0000da74       0x20 libsys_pic.a(env_panic.pico)
                                 0x38 (size before relaxing)
 .eh_frame      0x0000da94       0x3c libsys_pic.a(env_get_prm.pico)
                                 0x54 (size before relaxing)
 .eh_frame      0x0000dad0       0x20 libsys_pic.a(copyfd.pico)
                                 0x38 (size before relaxing)
 .eh_frame      0x0000daf0       0x20 libsys_pic.a(clock_time.pico)
                                 0x38 (size before relaxing)
 .eh_frame      0x0000db10       0x20 libsys_pic.a(checkperms.pico)
                                 0x38 (size before relaxing)
 .eh_frame      0x0000db30       0x40 libsys_pic.a(asynsend.pico)
                                 0x58 (size before relaxing)
 .eh_frame      0x0000db70       0x3c libsys_pic.a(alloc_util.pico)
                                 0x54 (size before relaxing)
 .eh_frame      0x0000dbac      0x14c libsys_pic.a(vbox.pico)
                                0x164 (size before relaxing)
 .eh_frame      0x0000dcf8       0x1c libsys_pic.a(sys_voutw.pico)
                                 0x34 (size before relaxing)
 .eh_frame      0x0000dd14       0x1c libsys_pic.a(sys_voutl.pico)
                                 0x34 (size before relaxing)
 .eh_frame      0x0000dd30       0x1c libsys_pic.a(sys_voutb.pico)
                                 0x34 (size before relaxing)
 .eh_frame      0x0000dd4c       0x1c libsys_pic.a(sys_vinw.pico)
                                 0x34 (size before relaxing)
 .eh_frame      0x0000dd68       0x1c libsys_pic.a(sys_vinl.pico)
                                 0x34 (size before relaxing)
 .eh_frame      0x0000dd84       0x1c libsys_pic.a(sys_vinb.pico)
                                 0x34 (size before relaxing)
 .eh_frame      0x0000dda0       0x1c libsys_pic.a(sys_umap_remote.pico)
                                 0x34 (size before relaxing)
 .eh_frame      0x0000ddbc       0x1c libsys_pic.a(sys_sdevio.pico)
                                 0x34 (size before relaxing)
 .eh_frame      0x0000ddd8       0x1c libsys_pic.a(sys_readbios.pico)
                                 0x34 (size before relaxing)
 .eh_frame      0x0000ddf4       0x1c libsys_pic.a(sys_int86.pico)
                                 0x34 (size before relaxing)
 .eh_frame      0x0000de10       0x1c libsys_pic.a(sys_eniop.pico)
                                 0x34 (size before relaxing)
 .eh_frame      0x0000de2c       0x3c libsys_pic.a(spin.pico)
                                 0x54 (size before relaxing)
 .eh_frame      0x0000de68       0x20 libsys_pic.a(ser_putc.pico)
                                 0x38 (size before relaxing)
 .eh_frame      0x0000de88       0x20 libsys_pic.a(getidle.pico)
                                 0x38 (size before relaxing)
 .eh_frame      0x0000dea8       0x20 libsys_pic.a(get_randomness.pico)
                                 0x38 (size before relaxing)
 .eh_frame      0x0000dec8       0x20 libsys_pic.a(pci_init.pico)
                                 0x38 (size before relaxing)
 .eh_frame      0x0000dee8       0x1c libsys_pic.a(sys_umap.pico)
                                 0x34 (size before relaxing)
 .eh_frame      0x0000df04       0x1c libsys_pic.a(sys_schedctl.pico)
                                 0x34 (size before relaxing)
 .eh_frame      0x0000df20       0x1c libsys_pic.a(sys_diagctl.pico)
                                 0x34 (size before relaxing)
 .eh_frame      0x0000df3c       0x1c libsys_pic.a(getuptime.pico)
                                 0x34 (size before relaxing)
 .eh_frame      0x0000df58       0x1c libsys_pic.a(getticks.pico)
                                 0x34 (size before relaxing)
 .eh_frame      0x0000df74      0x1e0 libsys_pic.a(ds.pico)
                                0x1f8 (size before relaxing)
 .eh_frame      0x0000e154       0xb0 libsys_pic.a(tsc_util.pico)
                                 0xc8 (size before relaxing)
 .eh_frame      0x0000e204       0x1c libsys_pic.a(sys_out.pico)
                                 0x34 (size before relaxing)
 .eh_frame      0x0000e220       0x1c libsys_pic.a(sys_in.pico)
                                 0x34 (size before relaxing)
 .eh_frame      0x0000e23c       0x20 libsys_pic.a(tickdelay.pico)
                                 0x38 (size before relaxing)
 .eh_frame      0x0000e25c       0x38 libsys_pic.a(sys_hz.pico)
                                 0x50 (size before relaxing)
 .eh_frame      0x0000e294      0x170 libsys_pic.a(safecopies.pico)
                                0x188 (size before relaxing)
 .eh_frame      0x0000e404       0x1c libsys_pic.a(sys_setgrant.pico)
                                 0x34 (size before relaxing)
 .eh_frame      0x0000e420       0xc8 libsys_pic.a(sef_signal.pico)
                                 0xe0 (size before relaxing)
 .eh_frame      0x0000e4e8       0x20 libsys_pic.a(sys_getsig.pico)
                                 0x38 (size before relaxing)
 .eh_frame      0x0000e508       0x1c libsys_pic.a(sys_endsig.pico)
                                 0x34 (size before relaxing)
 .eh_frame      0x0000e524      0x258 libsys_pic.a(sef_liveupdate.pico)
                                0x270 (size before relaxing)
 .eh_frame      0x0000e77c      0x158 libsys_pic.a(sef_init.pico)
                                0x170 (size before relaxing)
 .eh_frame      0x0000e8d4       0xb4 libsys_pic.a(sef.pico)
                                 0xcc (size before relaxing)
 .eh_frame      0x0000e988       0x20 libsys_pic.a(vm_update.pico)
                                 0x38 (size before relaxing)
 .eh_frame      0x0000e9a8       0x20 libsys_pic.a(taskcall.pico)
                                 0x38 (size before relaxing)
 .eh_frame      0x0000e9c8       0x20 libsys_pic.a(sys_times.pico)
                                 0x38 (size before relaxing)
 .eh_frame      0x0000e9e8       0x1c libsys_pic.a(sys_exit.pico)
                                 0x34 (size before relaxing)
 .eh_frame      0x0000ea04       0x70 libsys_pic.a(sef_ping.pico)
                                 0x88 (size before relaxing)
 .eh_frame      0x0000ea74       0x1c libsys_pic.a(sef_fi.pico)
                                 0x34 (size before relaxing)
 .eh_frame      0x0000ea90       0x38 libsys_pic.a(assert.pico)
                                 0x50 (size before relaxing)
 .eh_frame      0x0000eac8       0x3c libsys_pic.a(panic.pico)
                                 0x54 (size before relaxing)
 .eh_frame      0x0000eb04       0x3c libsys_pic.a(sys_getinfo.pico)
                                 0x54 (size before relaxing)
 .eh_frame      0x0000eb40       0x20 libsys_pic.a(stacktrace.pico)
                                 0x38 (size before relaxing)
 .eh_frame      0x0000eb60       0x1c libsys_pic.a(kprintf.pico)
                                 0x34 (size before relaxing)
 .eh_frame      0x0000eb7c       0x20 libsys_pic.a(kernel_call.pico)
                                 0x38 (size before relaxing)
 .eh_frame      0x0000eb9c        0x4 /usr/lib/crtendS.o

.note.minix.ident
                0x0000eba0       0x18
 .note.minix.ident
                0x0000eba0       0x18 /usr/lib/crti.o

.note.netbsd.pax
                0x0000ebb8       0x14
 .note.netbsd.pax
                0x0000ebb8       0x14 /usr/lib/crti.o

.gcc_except_table
 *(.gcc_except_table .gcc_except_table.*)

.exception_ranges
 *(.exception_ranges .exception_ranges*)
                0x0000ebcc                . = (ALIGN (0x1000) - ((0x1000 - .) & 0xfff))
                0x0000fbcc                . = DATA_SEGMENT_ALIGN (0x1000, 0x1000)

.eh_frame
 *(.eh_frame)

.gcc_except_table
 *(.gcc_except_table .gcc_except_table.*)

.exception_ranges
 *(.exception_ranges .exception_ranges*)

.tdata
 *(.tdata .tdata.* .gnu.linkonce.td.*)

.tbss
 *(.tbss .tbss.* .gnu.linkonce.tb.*)
 *(.tcommon)

.preinit_array
 *(.preinit_array)

.init_array
 *(SORT(.init_array.*))
 *(.init_array)

.fini_array
 *(SORT(.fini_array.*))
 *(.fini_array)

.ctors          0x0000fbcc        0x8
 *crtbegin.o(.ctors)
 *crtbegin?.o(.ctors)
 .ctors         0x0000fbcc        0x4 /usr/lib/crtbeginS.o
 *(EXCLUDE_FILE(*crtend?.o *crtend.o) .ctors)
 *(SORT(.ctors.*))
 *(.ctors)
 .ctors         0x0000fbd0        0x4 /usr/lib/crtendS.o
                0x0000fbd0                __CTOR_LIST_END__

.dtors          0x0000fbd4        0x8
 *crtbegin.o(.dtors)
 *crtbegin?.o(.dtors)
 .dtors         0x0000fbd4        0x4 /usr/lib/crtbeginS.o
 *(EXCLUDE_FILE(*crtend?.o *crtend.o) .dtors)
 *(SORT(.dtors.*))
 *(.dtors)
 .dtors         0x0000fbd8        0x4 /usr/lib/crtendS.o

.jcr            0x0000fbdc        0x4
 *(.jcr)
 .jcr           0x0000fbdc        0x0 /usr/lib/crtbeginS.o
 .jcr           0x0000fbdc        0x4 /usr/lib/crtendS.o

.data.rel.ro
 *(.data.rel.ro.local* .gnu.linkonce.d.rel.ro.local.*)
 *(.data.rel.ro .data.rel.ro.* .gnu.linkonce.d.rel.ro.*)

.dynamic        0x0000fbe0       0xa8
 *(.dynamic)
 .dynamic       0x0000fbe0       0xa8 /usr/lib/crti.o
                0x0000fbe0                _DYNAMIC

.got            0x0000fc88       0x40
 *(.got)
 .got           0x0000fc88       0x40 /usr/lib/crti.o
 *(.igot)
                0x0000fcc8                . = DATA_SEGMENT_RELRO_END (., (SIZEOF (.got.plt) >= 0xc)?0xc:0x0)

.got.plt        0x0000fcc8      0x134
 *(.got.plt)
 .got.plt       0x0000fcc8      0x134 /usr/lib/crti.o
                0x0000fcc8                _GLOBAL_OFFSET_TABLE_
 *(.igot.plt)

.data           0x0000fdfc       0xe8
 *(.data .data.* .gnu.linkonce.d.*)
 .data          0x0000fdfc        0x0 /usr/lib/crti.o
 .data          0x0000fdfc        0x0 /usr/lib/crtbeginS.o
 .data.rel      0x0000fdfc       0x26 /usr/lib/crtbeginS.o
                0x0000fdfc                __dso_handle
 *fill*         0x0000fe22        0x2 
 .data          0x0000fe24        0x0 libsys_pic.a(pci_slot_name.pico)
 .data          0x0000fe24        0x0 libsys_pic.a(pci_set_acl.pico)
 .data          0x0000fe24        0x0 libsys_pic.a(pci_reserve.pico)
 .data          0x0000fe24        0x0 libsys_pic.a(pci_rescan_bus.pico)
 .data          0x0000fe24        0x0 libsys_pic.a(pci_next_dev.pico)
 .data          0x0000fe24        0x0 libsys_pic.a(pci_ids.pico)
 .data          0x0000fe24        0x0 libsys_pic.a(pci_get_bar.pico)
 .data          0x0000fe24        0x0 libsys_pic.a(pci_first_dev.pico)
 .data          0x0000fe24        0x0 libsys_pic.a(pci_find_dev.pico)
 .data          0x0000fe24        0x0 libsys_pic.a(pci_dev_name.pico)
 .data          0x0000fe24        0x0 libsys_pic.a(pci_del_acl.pico)
 .data          0x0000fe24        0x0 libsys_pic.a(pci_attr_w8.pico)
 .data          0x0000fe24        0x0 libsys_pic.a(pci_attr_w32.pico)
 .data          0x0000fe24        0x0 libsys_pic.a(pci_attr_w16.pico)
 .data          0x0000fe24        0x0 libsys_pic.a(pci_attr_r8.pico)
 .data          0x0000fe24        0x0 libsys_pic.a(pci_attr_r32.pico)
 .data          0x0000fe24        0x0 libsys_pic.a(pci_attr_r16.pico)
 .data          0x0000fe24        0x0 libsys_pic.a(vm_set_priv.pico)
 .data          0x0000fe24        0x0 libsys_pic.a(vm_query_exit.pico)
 .data          0x0000fe24        0x0 libsys_pic.a(vm_procctl.pico)
 .data          0x0000fe24        0x0 libsys_pic.a(vm_notify_sig.pico)
 .data          0x0000fe24        0x0 libsys_pic.a(vm_memctl.pico)
 .data          0x0000fe24        0x0 libsys_pic.a(vm_map_phys.pico)
 .data          0x0000fe24        0x0 libsys_pic.a(vm_info.pico)
 .data          0x0000fe24        0x0 libsys_pic.a(vm_fork.pico)
 .data          0x0000fe24        0x0 libsys_pic.a(vm_exit.pico)
 .data          0x0000fe24        0x0 libsys_pic.a(vm_cache.pico)
 .data          0x0000fe24        0x0 libsys_pic.a(timers.pico)
 .data          0x0000fe24        0x0 libsys_pic.a(sys_vumap.pico)
 .data          0x0000fe24        0x0 libsys_pic.a(sys_vtimer.pico)
 .data          0x0000fe24        0x0 libsys_pic.a(sys_vsafecopy.pico)
 .data          0x0000fe24        0x0 libsys_pic.a(sys_vmctl.pico)
 .data          0x0000fe24        0x0 libsys_pic.a(sys_vircopy.pico)
 .data          0x0000fe24        0x0 libsys_pic.a(sys_update.pico)
 .data          0x0000fe24        0x0 libsys_pic.a(sys_trace.pico)
 .data          0x0000fe24        0x0 libsys_pic.a(sys_stime.pico)
 .data          0x0000fe24        0x0 libsys_pic.a(sys_statectl.pico)
 .data          0x0000fe24        0x0 libsys_pic.a(sys_sprof.pico)
 .data          0x0000fe24        0x0 libsys_pic.a(sys_sigsend.pico)
 .data          0x0000fe24        0x0 libsys_pic.a(sys_sigreturn.pico)
 .data          0x0000fe24        0x0 libsys_pic.a(sys_settime.pico)
 .data          0x0000fe24        0x0 libsys_pic.a(sys_setalarm.pico)
 .data          0x0000fe24        0x0 libsys_pic.a(sys_schedule.pico)
 .data          0x0000fe24        0x0 libsys_pic.a(sys_safememset.pico)
 .data          0x0000fe24        0x0 libsys_pic.a(sys_safecopy.pico)
 .data          0x0000fe24        0x0 libsys_pic.a(sys_runctl.pico)
 .data          0x0000fe24        0x0 libsys_pic.a(sys_privctl.pico)
 .data          0x0000fe24        0x0 libsys_pic.a(sys_physcopy.pico)
 .data          0x0000fe24        0x0 libsys_pic.a(sys_padconf.pico)
 .data          0x0000fe24        0x0 libsys_pic.a(sys_memset.pico)
 .data          0x0000fe24        0x0 libsys_pic.a(sys_mcontext.pico)
 .data          0x0000fe24        0x0 libsys_pic.a(sys_kill.pico)
 .data          0x0000fe24        0x0 libsys_pic.a(sys_irqctl.pico)
 .data          0x0000fe24        0x0 libsys_pic.a(sys_fork.pico)
 .data          0x0000fe24        0x0 libsys_pic.a(sys_exec.pico)
 .data          0x0000fe24        0x0 libsys_pic.a(sys_clear.pico)
 .data          0x0000fe24        0x0 libsys_pic.a(sys_abort.pico)
 .data          0x0000fe24        0x0 libsys_pic.a(srv_kill.pico)
 .data          0x0000fe24        0x0 libsys_pic.a(srv_fork.pico)
 .data          0x0000fe24        0x0 libsys_pic.a(sqrt_approx.pico)
 .data          0x0000fe24        0x0 libsys_pic.a(sched_stop.pico)
 .data          0x0000fe24        0x0 libsys_pic.a(sched_start.pico)
 .data          0x0000fe24        0x0 libsys_pic.a(optset.pico)
 .data          0x0000fe24        0x0 libsys_pic.a(mapdriver.pico)
 .data          0x0000fe24        0x0 libsys_pic.a(kputs.pico)
 .data          0x0000fe24        0x0 libsys_pic.a(kputc.pico)
 .data          0x0000fe24        0x0 libsys_pic.a(getsysinfo.pico)
 .data          0x0000fe24        0x0 libsys_pic.a(getprocnr.pico)
 .data          0x0000fe24        0x0 libsys_pic.a(getepinfo.pico)
 .data          0x0000fe24        0x0 libsys_pic.a(fkey_ctl.pico)
 .data          0x0000fe24        0x0 libsys_pic.a(env_prefix.pico)
 .data          0x0000fe24        0x0 libsys_pic.a(env_parse.pico)
 .data          0x0000fe24       0x80 libsys_pic.a(env_panic.pico)
 .data          0x0000fea4        0x0 libsys_pic.a(env_get_prm.pico)
 .data          0x0000fea4        0x0 libsys_pic.a(copyfd.pico)
 .data          0x0000fea4        0x0 libsys_pic.a(clock_time.pico)
 .data          0x0000fea4        0x0 libsys_pic.a(checkperms.pico)
 .data          0x0000fea4        0x0 libsys_pic.a(asynsend.pico)
 .data          0x0000fea4        0x0 libsys_pic.a(alloc_util.pico)
 .data          0x0000fea4        0x4 libsys_pic.a(vbox.pico)
 .data          0x0000fea8        0x0 libsys_pic.a(sys_voutw.pico)
 .data          0x0000fea8        0x0 libsys_pic.a(sys_voutl.pico)
 .data          0x0000fea8        0x0 libsys_pic.a(sys_voutb.pico)
 .data          0x0000fea8        0x0 libsys_pic.a(sys_vinw.pico)
 .data          0x0000fea8        0x0 libsys_pic.a(sys_vinl.pico)
 .data          0x0000fea8        0x0 libsys_pic.a(sys_vinb.pico)
 .data          0x0000fea8        0x0 libsys_pic.a(sys_umap_remote.pico)
 .data          0x0000fea8        0x0 libsys_pic.a(sys_sdevio.pico)
 .data          0x0000fea8        0x0 libsys_pic.a(sys_readbios.pico)
 .data          0x0000fea8        0x0 libsys_pic.a(sys_int86.pico)
 .data          0x0000fea8        0x0 libsys_pic.a(sys_eniop.pico)
 .data          0x0000fea8        0x0 libsys_pic.a(spin.pico)
 .data          0x0000fea8        0x0 libsys_pic.a(ser_putc.pico)
 .data          0x0000fea8        0x0 libsys_pic.a(getidle.pico)
 .data          0x0000fea8        0x0 libsys_pic.a(get_randomness.pico)
 .data          0x0000fea8        0x4 libsys_pic.a(pci_init.pico)
                0x0000fea8                pci_procnr
 .data          0x0000feac        0x0 libsys_pic.a(sys_umap.pico)
 .data          0x0000feac        0x0 libsys_pic.a(sys_schedctl.pico)
 .data          0x0000feac        0x0 libsys_pic.a(sys_diagctl.pico)
 .data          0x0000feac        0x0 libsys_pic.a(getuptime.pico)
 .data          0x0000feac        0x0 libsys_pic.a(getticks.pico)
 .data          0x0000feac        0x0 libsys_pic.a(ds.pico)
 .data          0x0000feac        0x0 libsys_pic.a(tsc_util.pico)
 .data          0x0000feac        0x0 libsys_pic.a(sys_out.pico)
 .data          0x0000feac        0x0 libsys_pic.a(sys_in.pico)
 .data          0x0000feac        0x0 libsys_pic.a(tickdelay.pico)
 .data          0x0000feac        0x0 libsys_pic.a(sys_hz.pico)
 .data          0x0000feac        0x0 libsys_pic.a(safecopies.pico)
 .data          0x0000feac        0x0 libsys_pic.a(sys_setgrant.pico)
 .data          0x0000feac        0x0 libsys_pic.a(sef_signal.pico)
 .data.rel      0x0000feac        0x8 libsys_pic.a(sef_signal.pico)
 .data          0x0000feb4        0x0 libsys_pic.a(sys_getsig.pico)
 .data          0x0000feb4        0x0 libsys_pic.a(sys_endsig.pico)
 .data          0x0000feb4        0x0 libsys_pic.a(sef_liveupdate.pico)
 .data.rel      0x0000feb4       0x18 libsys_pic.a(sef_liveupdate.pico)
 .data          0x0000fecc        0x0 libsys_pic.a(sef_init.pico)
 .data.rel      0x0000fecc       0x10 libsys_pic.a(sef_init.pico)
 .data          0x0000fedc        0x4 libsys_pic.a(sef.pico)
                0x0000fedc                sef_self_endpoint
 .data          0x0000fee0        0x0 libsys_pic.a(vm_update.pico)
 .data          0x0000fee0        0x0 libsys_pic.a(taskcall.pico)
 .data          0x0000fee0        0x0 libsys_pic.a(sys_times.pico)
 .data          0x0000fee0        0x0 libsys_pic.a(sys_exit.pico)
 .data          0x0000fee0        0x0 libsys_pic.a(sef_ping.pico)
 .data.rel      0x0000fee0        0x4 libsys_pic.a(sef_ping.pico)
 .data          0x0000fee4        0x0 libsys_pic.a(sef_fi.pico)
 .data          0x0000fee4        0x0 libsys_pic.a(assert.pico)
 .data          0x0000fee4        0x0 libsys_pic.a(panic.pico)
 .data          0x0000fee4        0x0 libsys_pic.a(sys_getinfo.pico)
 .data          0x0000fee4        0x0 libsys_pic.a(stacktrace.pico)
 .data          0x0000fee4        0x0 libsys_pic.a(kprintf.pico)
 .data          0x0000fee4        0x0 libsys_pic.a(kernel_call.pico)
 .data          0x0000fee4        0x0 /usr/lib/crtendS.o
 .data          0x0000fee4        0x0 /usr/lib/crtn.o

.data1
 *(.data1)
                0x0000fee4                _edata = .
                0x0000fee4                PROVIDE (edata, .)
                0x0000fee4                . = .
                0x0000fee4                __bss_start = .

.bss            0x0000fef0     0xad8c
 *(.dynbss)
 .dynbss        0x00000000        0x0 /usr/lib/crti.o
 *(.bss .bss.* .gnu.linkonce.b.*)
 .bss           0x0000fef0        0x0 /usr/lib/crti.o
 .bss           0x0000fef0        0x0 /usr/lib/crtbeginS.o
 .bss           0x0000fef0       0x50 libsys_pic.a(pci_slot_name.pico)
 .bss           0x0000ff40        0x0 libsys_pic.a(pci_set_acl.pico)
 .bss           0x0000ff40        0x0 libsys_pic.a(pci_reserve.pico)
 .bss           0x0000ff40        0x0 libsys_pic.a(pci_rescan_bus.pico)
 .bss           0x0000ff40        0x0 libsys_pic.a(pci_next_dev.pico)
 .bss           0x0000ff40        0x0 libsys_pic.a(pci_ids.pico)
 .bss           0x0000ff40        0x0 libsys_pic.a(pci_get_bar.pico)
 .bss           0x0000ff40        0x0 libsys_pic.a(pci_first_dev.pico)
 .bss           0x0000ff40        0x0 libsys_pic.a(pci_find_dev.pico)
 .bss           0x0000ff40       0x50 libsys_pic.a(pci_dev_name.pico)
 .bss           0x0000ff90        0x0 libsys_pic.a(pci_del_acl.pico)
 .bss           0x0000ff90        0x0 libsys_pic.a(pci_attr_w8.pico)
 .bss           0x0000ff90        0x0 libsys_pic.a(pci_attr_w32.pico)
 .bss           0x0000ff90        0x0 libsys_pic.a(pci_attr_w16.pico)
 .bss           0x0000ff90        0x0 libsys_pic.a(pci_attr_r8.pico)
 .bss           0x0000ff90        0x0 libsys_pic.a(pci_attr_r32.pico)
 .bss           0x0000ff90        0x0 libsys_pic.a(pci_attr_r16.pico)
 .bss           0x0000ff90        0x0 libsys_pic.a(vm_set_priv.pico)
 .bss           0x0000ff90        0x0 libsys_pic.a(vm_query_exit.pico)
 .bss           0x0000ff90        0x0 libsys_pic.a(vm_procctl.pico)
 .bss           0x0000ff90        0x0 libsys_pic.a(vm_notify_sig.pico)
 .bss           0x0000ff90        0x0 libsys_pic.a(vm_memctl.pico)
 .bss           0x0000ff90        0x0 libsys_pic.a(vm_map_phys.pico)
 .bss           0x0000ff90        0x0 libsys_pic.a(vm_info.pico)
 .bss           0x0000ff90        0x0 libsys_pic.a(vm_fork.pico)
 .bss           0x0000ff90        0x0 libsys_pic.a(vm_exit.pico)
 .bss           0x0000ff90        0x0 libsys_pic.a(vm_cache.pico)
 .bss           0x0000ff90        0x5 libsys_pic.a(timers.pico)
 *fill*         0x0000ff95        0x3 
 .bss           0x0000ff98        0x0 libsys_pic.a(sys_vumap.pico)
 .bss           0x0000ff98        0x0 libsys_pic.a(sys_vtimer.pico)
 .bss           0x0000ff98        0x0 libsys_pic.a(sys_vsafecopy.pico)
 .bss           0x0000ff98        0x0 libsys_pic.a(sys_vmctl.pico)
 .bss           0x0000ff98        0x0 libsys_pic.a(sys_vircopy.pico)
 .bss           0x0000ff98        0x0 libsys_pic.a(sys_update.pico)
 .bss           0x0000ff98        0x0 libsys_pic.a(sys_trace.pico)
 .bss           0x0000ff98        0x0 libsys_pic.a(sys_stime.pico)
 .bss           0x0000ff98        0x0 libsys_pic.a(sys_statectl.pico)
 .bss           0x0000ff98        0x0 libsys_pic.a(sys_sprof.pico)
 .bss           0x0000ff98        0x0 libsys_pic.a(sys_sigsend.pico)
 .bss           0x0000ff98        0x0 libsys_pic.a(sys_sigreturn.pico)
 .bss           0x0000ff98        0x0 libsys_pic.a(sys_settime.pico)
 .bss           0x0000ff98        0x0 libsys_pic.a(sys_setalarm.pico)
 .bss           0x0000ff98        0x0 libsys_pic.a(sys_schedule.pico)
 .bss           0x0000ff98        0x0 libsys_pic.a(sys_safememset.pico)
 .bss           0x0000ff98        0x0 libsys_pic.a(sys_safecopy.pico)
 .bss           0x0000ff98        0x0 libsys_pic.a(sys_runctl.pico)
 .bss           0x0000ff98        0x0 libsys_pic.a(sys_privctl.pico)
 .bss           0x0000ff98        0x0 libsys_pic.a(sys_physcopy.pico)
 .bss           0x0000ff98        0x0 libsys_pic.a(sys_padconf.pico)
 .bss           0x0000ff98        0x0 libsys_pic.a(sys_memset.pico)
 .bss           0x0000ff98        0x0 libsys_pic.a(sys_mcontext.pico)
 .bss           0x0000ff98        0x0 libsys_pic.a(sys_kill.pico)
 .bss           0x0000ff98        0x0 libsys_pic.a(sys_irqctl.pico)
 .bss           0x0000ff98        0x0 libsys_pic.a(sys_fork.pico)
 .bss           0x0000ff98        0x0 libsys_pic.a(sys_exec.pico)
 .bss           0x0000ff98        0x0 libsys_pic.a(sys_clear.pico)
 .bss           0x0000ff98        0x0 libsys_pic.a(sys_abort.pico)
 .bss           0x0000ff98        0x0 libsys_pic.a(srv_kill.pico)
 .bss           0x0000ff98        0x0 libsys_pic.a(srv_fork.pico)
 .bss           0x0000ff98        0x0 libsys_pic.a(sqrt_approx.pico)
 .bss           0x0000ff98        0x0 libsys_pic.a(sched_stop.pico)
 .bss           0x0000ff98        0x0 libsys_pic.a(sched_start.pico)
 .bss           0x0000ff98        0x0 libsys_pic.a(optset.pico)
 .bss           0x0000ff98        0x0 libsys_pic.a(mapdriver.pico)
 .bss           0x0000ff98        0x0 libsys_pic.a(kputs.pico)
 .bss           0x0000ff98      0x7d4 libsys_pic.a(kputc.pico)
 .bss           0x0001076c        0x0 libsys_pic.a(getsysinfo.pico)
 .bss           0x0001076c        0x0 libsys_pic.a(getprocnr.pico)
 .bss           0x0001076c        0x0 libsys_pic.a(getepinfo.pico)
 .bss           0x0001076c        0x0 libsys_pic.a(fkey_ctl.pico)
 .bss           0x0001076c        0x0 libsys_pic.a(env_prefix.pico)
 .bss           0x0001076c        0x0 libsys_pic.a(env_parse.pico)
 .bss           0x0001076c        0x0 libsys_pic.a(env_panic.pico)
 .bss           0x0001076c      0x408 libsys_pic.a(env_get_prm.pico)
                0x0001076c                env_argc
                0x00010770                env_argv
 .bss           0x00010b74        0x0 libsys_pic.a(copyfd.pico)
 .bss           0x00010b74        0x0 libsys_pic.a(clock_time.pico)
 .bss           0x00010b74        0x0 libsys_pic.a(checkperms.pico)
 *fill*         0x00010b74        0xc 
 .bss           0x00010b80     0xa018 libsys_pic.a(asynsend.pico)
 .bss           0x0001ab98        0x0 libsys_pic.a(alloc_util.pico)
 .bss           0x0001ab98        0x0 libsys_pic.a(vbox.pico)
 .bss           0x0001ab98        0x0 libsys_pic.a(sys_voutw.pico)
 .bss           0x0001ab98        0x0 libsys_pic.a(sys_voutl.pico)
 .bss           0x0001ab98        0x0 libsys_pic.a(sys_voutb.pico)
 .bss           0x0001ab98        0x0 libsys_pic.a(sys_vinw.pico)
 .bss           0x0001ab98        0x0 libsys_pic.a(sys_vinl.pico)
 .bss           0x0001ab98        0x0 libsys_pic.a(sys_vinb.pico)
 .bss           0x0001ab98        0x0 libsys_pic.a(sys_umap_remote.pico)
 .bss           0x0001ab98        0x0 libsys_pic.a(sys_sdevio.pico)
 .bss           0x0001ab98        0x0 libsys_pic.a(sys_readbios.pico)
 .bss           0x0001ab98        0x0 libsys_pic.a(sys_int86.pico)
 .bss           0x0001ab98        0x0 libsys_pic.a(sys_eniop.pico)
 .bss           0x0001ab98        0x0 libsys_pic.a(spin.pico)
 .bss           0x0001ab98        0x0 libsys_pic.a(ser_putc.pico)
 .bss           0x0001ab98       0x18 libsys_pic.a(getidle.pico)
 .bss           0x0001abb0        0x0 libsys_pic.a(get_randomness.pico)
 .bss           0x0001abb0        0x0 libsys_pic.a(pci_init.pico)
 .bss           0x0001abb0        0x0 libsys_pic.a(sys_umap.pico)
 .bss           0x0001abb0        0x0 libsys_pic.a(sys_schedctl.pico)
 .bss           0x0001abb0        0x0 libsys_pic.a(sys_diagctl.pico)
 .bss           0x0001abb0        0x0 libsys_pic.a(getuptime.pico)
 .bss           0x0001abb0        0x0 libsys_pic.a(getticks.pico)
 .bss           0x0001abb0        0x0 libsys_pic.a(ds.pico)
 .bss           0x0001abb0        0x9 libsys_pic.a(tsc_util.pico)
 *fill*         0x0001abb9        0x3 
 .bss           0x0001abbc        0x0 libsys_pic.a(sys_out.pico)
 .bss           0x0001abbc        0x0 libsys_pic.a(sys_in.pico)
 .bss           0x0001abbc        0x0 libsys_pic.a(tickdelay.pico)
 .bss           0x0001abbc        0x4 libsys_pic.a(sys_hz.pico)
 .bss           0x0001abc0       0x50 libsys_pic.a(safecopies.pico)
 .bss           0x0001ac10        0x0 libsys_pic.a(sys_setgrant.pico)
 .bss           0x0001ac10        0x0 libsys_pic.a(sef_signal.pico)
 .bss           0x0001ac10        0x0 libsys_pic.a(sys_getsig.pico)
 .bss           0x0001ac10        0x0 libsys_pic.a(sys_endsig.pico)
 .bss           0x0001ac10        0x8 libsys_pic.a(sef_liveupdate.pico)
 .bss           0x0001ac18        0x0 libsys_pic.a(sef_init.pico)
 .bss           0x0001ac18       0x44 libsys_pic.a(sef.pico)
 .bss           0x0001ac5c        0x0 libsys_pic.a(vm_update.pico)
 .bss           0x0001ac5c        0x0 libsys_pic.a(taskcall.pico)
 .bss           0x0001ac5c        0x0 libsys_pic.a(sys_times.pico)
 .bss           0x0001ac5c        0x0 libsys_pic.a(sys_exit.pico)
 .bss           0x0001ac5c        0x0 libsys_pic.a(sef_ping.pico)
 .bss           0x0001ac5c        0x0 libsys_pic.a(sef_fi.pico)
 .bss           0x0001ac5c        0x0 libsys_pic.a(assert.pico)
 .bss           0x0001ac5c        0x0 libsys_pic.a(panic.pico)
 .bss           0x0001ac5c        0x0 libsys_pic.a(sys_getinfo.pico)
 .bss           0x0001ac5c        0x0 libsys_pic.a(stacktrace.pico)
 .bss           0x0001ac5c        0x0 libsys_pic.a(kprintf.pico)
 .bss           0x0001ac5c        0x0 libsys_pic.a(kernel_call.pico)
 .bss           0x0001ac5c        0x0 /usr/lib/crtendS.o
 .bss           0x0001ac5c        0x0 /usr/lib/crtn.o
 *(COMMON)
 COMMON         0x0001ac5c       0x20 libsys_pic.a(sef.pico)
                0x0001ac5c                sef_self_receiving
                0x0001ac60                sef_self_priv_flags
                0x0001ac64                sef_self_name
                0x0001ac78                sef_self_first_receive_done
                0x0001ac7c                . = ALIGN ((. != 0x0)?0x4:0x1)
                0x0001ac7c                . = ALIGN (0x4)
                0x0001ac7c                . = ALIGN (0x4)
                0x0001ac7c                _end = .
                0x0001ac7c                PROVIDE (end, .)
                0x0001ac7c                . = DATA_SEGMENT_END (.)

.stab
 *(.stab)

.stabstr
 *(.stabstr)

.stab.excl
 *(.stab.excl)

.stab.exclstr
 *(.stab.exclstr)

.stab.index
 *(.stab.index)

.stab.indexstr
 *(.stab.indexstr)

.comment        0x00000000       0x28
 *(.comment)
 .comment       0x00000000       0x28 libsys_pic.a(pci_slot_name.pico)
                                 0x29 (size before relaxing)
 .comment       0x00000000       0x29 libsys_pic.a(pci_set_acl.pico)
 .comment       0x00000000       0x29 libsys_pic.a(pci_reserve.pico)
 .comment       0x00000000       0x29 libsys_pic.a(pci_rescan_bus.pico)
 .comment       0x00000000       0x29 libsys_pic.a(pci_next_dev.pico)
 .comment       0x00000000       0x29 libsys_pic.a(pci_ids.pico)
 .comment       0x00000000       0x29 libsys_pic.a(pci_get_bar.pico)
 .comment       0x00000000       0x29 libsys_pic.a(pci_first_dev.pico)
 .comment       0x00000000       0x29 libsys_pic.a(pci_find_dev.pico)
 .comment       0x00000000       0x29 libsys_pic.a(pci_dev_name.pico)
 .comment       0x00000000       0x29 libsys_pic.a(pci_del_acl.pico)
 .comment       0x00000000       0x29 libsys_pic.a(pci_attr_w8.pico)
 .comment       0x00000000       0x29 libsys_pic.a(pci_attr_w32.pico)
 .comment       0x00000000       0x29 libsys_pic.a(pci_attr_w16.pico)
 .comment       0x00000000       0x29 libsys_pic.a(pci_attr_r8.pico)
 .comment       0x00000000       0x29 libsys_pic.a(pci_attr_r32.pico)
 .comment       0x00000000       0x29 libsys_pic.a(pci_attr_r16.pico)
 .comment       0x00000000       0x29 libsys_pic.a(vm_set_priv.pico)
 .comment       0x00000000       0x29 libsys_pic.a(vm_query_exit.pico)
 .comment       0x00000000       0x29 libsys_pic.a(vm_procctl.pico)
 .comment       0x00000000       0x29 libsys_pic.a(vm_notify_sig.pico)
 .comment       0x00000000       0x29 libsys_pic.a(vm_memctl.pico)
 .comment       0x00000000       0x29 libsys_pic.a(vm_map_phys.pico)
 .comment       0x00000000       0x29 libsys_pic.a(vm_info.pico)
 .comment       0x00000000       0x29 libsys_pic.a(vm_fork.pico)
 .comment       0x00000000       0x29 libsys_pic.a(vm_exit.pico)
 .comment       0x00000000       0x29 libsys_pic.a(vm_cache.pico)
 .comment       0x00000000       0x29 libsys_pic.a(timers.pico)
 .comment       0x00000000       0x29 libsys_pic.a(sys_vumap.pico)
 .comment       0x00000000       0x29 libsys_pic.a(sys_vtimer.pico)
 .comment       0x00000000       0x29 libsys_pic.a(sys_vsafecopy.pico)
 .comment       0x00000000       0x29 libsys_pic.a(sys_vmctl.pico)
 .comment       0x00000000       0x29 libsys_pic.a(sys_vircopy.pico)
 .comment       0x00000000       0x29 libsys_pic.a(sys_update.pico)
 .comment       0x00000000       0x29 libsys_pic.a(sys_trace.pico)
 .comment       0x00000000       0x29 libsys_pic.a(sys_stime.pico)
 .comment       0x00000000       0x29 libsys_pic.a(sys_statectl.pico)
 .comment       0x00000000       0x29 libsys_pic.a(sys_sprof.pico)
 .comment       0x00000000       0x29 libsys_pic.a(sys_sigsend.pico)
 .comment       0x00000000       0x29 libsys_pic.a(sys_sigreturn.pico)
 .comment       0x00000000       0x29 libsys_pic.a(sys_settime.pico)
 .comment       0x00000000       0x29 libsys_pic.a(sys_setalarm.pico)
 .comment       0x00000000       0x29 libsys_pic.a(sys_schedule.pico)
 .comment       0x00000000       0x29 libsys_pic.a(sys_safememset.pico)
 .comment       0x00000000       0x29 libsys_pic.a(sys_safecopy.pico)
 .comment       0x00000000       0x29 libsys_pic.a(sys_runctl.pico)
 .comment       0x00000000       0x29 libsys_pic.a(sys_privctl.pico)
 .comment       0x00000000       0x29 libsys_pic.a(sys_physcopy.pico)
 .comment       0x00000000       0x29 libsys_pic.a(sys_padconf.pico)
 .comment       0x00000000       0x29 libsys_pic.a(sys_memset.pico)
 .comment       0x00000000       0x29 libsys_pic.a(sys_mcontext.pico)
 .comment       0x00000000       0x29 libsys_pic.a(sys_kill.pico)
 .comment       0x00000000       0x29 libsys_pic.a(sys_irqctl.pico)
 .comment       0x00000000       0x29 libsys_pic.a(sys_fork.pico)
 .comment       0x00000000       0x29 libsys_pic.a(sys_exec.pico)
 .comment       0x00000000       0x29 libsys_pic.a(sys_clear.pico)
 .comment       0x00000000       0x29 libsys_pic.a(sys_abort.pico)
 .comment       0x00000000       0x29 libsys_pic.a(srv_kill.pico)
 .comment       0x00000000       0x29 libsys_pic.a(srv_fork.pico)
 .comment       0x00000000       0x29 libsys_pic.a(sqrt_approx.pico)
 .comment       0x00000000       0x29 libsys_pic.a(sched_stop.pico)
 .comment       0x00000000       0x29 libsys_pic.a(sched_start.pico)
 .comment       0x00000000       0x29 libsys_pic.a(optset.pico)
 .comment       0x00000000       0x29 libsys_pic.a(mapdriver.pico)
 .comment       0x00000000       0x29 libsys_pic.a(kputs.pico)
 .comment       0x00000000       0x29 libsys_pic.a(kputc.pico)
 .comment       0x00000000       0x29 libsys_pic.a(getsysinfo.pico)
 .comment       0x00000000       0x29 libsys_pic.a(getprocnr.pico)
 .comment       0x00000000       0x29 libsys_pic.a(getepinfo.pico)
 .comment       0x00000000       0x29 libsys_pic.a(fkey_ctl.pico)
 .comment       0x00000000       0x29 libsys_pic.a(env_prefix.pico)
 .comment       0x00000000       0x29 libsys_pic.a(env_parse.pico)
 .comment       0x00000000       0x29 libsys_pic.a(env_panic.pico)
 .comment       0x00000000       0x29 libsys_pic.a(env_get_prm.pico)
 .comment       0x00000000       0x29 libsys_pic.a(copyfd.pico)
 .comment       0x00000000       0x29 libsys_pic.a(clock_time.pico)
 .comment       0x00000000       0x29 libsys_pic.a(checkperms.pico)
 .comment       0x00000000       0x29 libsys_pic.a(asynsend.pico)
 .comment       0x00000000       0x29 libsys_pic.a(alloc_util.pico)
 .comment       0x00000000       0x29 libsys_pic.a(vbox.pico)
 .comment       0x00000000       0x29 libsys_pic.a(sys_voutw.pico)
 .comment       0x00000000       0x29 libsys_pic.a(sys_voutl.pico)
 .comment       0x00000000       0x29 libsys_pic.a(sys_voutb.pico)
 .comment       0x00000000       0x29 libsys_pic.a(sys_vinw.pico)
 .comment       0x00000000       0x29 libsys_pic.a(sys_vinl.pico)
 .comment       0x00000000       0x29 libsys_pic.a(sys_vinb.pico)
 .comment       0x00000000       0x29 libsys_pic.a(sys_umap_remote.pico)
 .comment       0x00000000       0x29 libsys_pic.a(sys_sdevio.pico)
 .comment       0x00000000       0x29 libsys_pic.a(sys_readbios.pico)
 .comment       0x00000000       0x29 libsys_pic.a(sys_int86.pico)
 .comment       0x00000000       0x29 libsys_pic.a(sys_eniop.pico)
 .comment       0x00000000       0x29 libsys_pic.a(spin.pico)
 .comment       0x00000000       0x29 libsys_pic.a(ser_putc.pico)
 .comment       0x00000000       0x29 libsys_pic.a(getidle.pico)
 .comment       0x00000000       0x29 libsys_pic.a(get_randomness.pico)
 .comment       0x00000000       0x29 libsys_pic.a(pci_init.pico)
 .comment       0x00000000       0x29 libsys_pic.a(sys_umap.pico)
 .comment       0x00000000       0x29 libsys_pic.a(sys_schedctl.pico)
 .comment       0x00000000       0x29 libsys_pic.a(sys_diagctl.pico)
 .comment       0x00000000       0x29 libsys_pic.a(getuptime.pico)
 .comment       0x00000000       0x29 libsys_pic.a(getticks.pico)
 .comment       0x00000000       0x29 libsys_pic.a(ds.pico)
 .comment       0x00000000       0x29 libsys_pic.a(tsc_util.pico)
 .comment       0x00000000       0x29 libsys_pic.a(sys_out.pico)
 .comment       0x00000000       0x29 libsys_pic.a(sys_in.pico)
 .comment       0x00000000       0x29 libsys_pic.a(tickdelay.pico)
 .comment       0x00000000       0x29 libsys_pic.a(sys_hz.pico)
 .comment       0x00000000       0x29 libsys_pic.a(safecopies.pico)
 .comment       0x00000000       0x29 libsys_pic.a(sys_setgrant.pico)
 .comment       0x00000000       0x29 libsys_pic.a(sef_signal.pico)
 .comment       0x00000000       0x29 libsys_pic.a(sys_getsig.pico)
 .comment       0x00000000       0x29 libsys_pic.a(sys_endsig.pico)
 .comment       0x00000000       0x29 libsys_pic.a(sef_liveupdate.pico)
 .comment       0x00000000       0x29 libsys_pic.a(sef_init.pico)
 .comment       0x00000000       0x29 libsys_pic.a(sef.pico)
 .comment       0x00000000       0x29 libsys_pic.a(vm_update.pico)
 .comment       0x00000000       0x29 libsys_pic.a(taskcall.pico)
 .comment       0x00000000       0x29 libsys_pic.a(sys_times.pico)
 .comment       0x00000000       0x29 libsys_pic.a(sys_exit.pico)
 .comment       0x00000000       0x29 libsys_pic.a(sef_ping.pico)
 .comment       0x00000000       0x29 libsys_pic.a(sef_fi.pico)
 .comment       0x00000000       0x29 libsys_pic.a(assert.pico)
 .comment       0x00000000       0x29 libsys_pic.a(panic.pico)
 .comment       0x00000000       0x29 libsys_pic.a(sys_getinfo.pico)
 .comment       0x00000000       0x29 libsys_pic.a(stacktrace.pico)
 .comment       0x00000000       0x29 libsys_pic.a(kprintf.pico)
 .comment       0x00000000       0x29 libsys_pic.a(kernel_call.pico)

.ident          0x00000000       0xde
 .ident         0x00000000       0x36 /usr/lib/crti.o
 .ident         0x00000036       0x3a /usr/lib/crtbeginS.o
 .ident         0x00000070       0x38 /usr/lib/crtendS.o
 .ident         0x000000a8       0x36 /usr/lib/crtn.o

.debug
 *(.debug)

.line
 *(.line)

.debug_srcinfo
 *(.debug_srcinfo)

.debug_sfnames
 *(.debug_sfnames)

.debug_aranges
 *(.debug_aranges)

.debug_pubnames
 *(.debug_pubnames)

.debug_info
 *(.debug_info .gnu.linkonce.wi.*)

.debug_abbrev
 *(.debug_abbrev)

.debug_line
 *(.debug_line)

.debug_frame
 *(.debug_frame)

.debug_str
 *(.debug_str)

.debug_loc
 *(.debug_loc)

.debug_macinfo
 *(.debug_macinfo)

.debug_weaknames
 *(.debug_weaknames)

.debug_funcnames
 *(.debug_funcnames)

.debug_typenames
 *(.debug_typenames)

.debug_varnames
 *(.debug_varnames)

.debug_pubtypes
 *(.debug_pubtypes)

.debug_ranges
 *(.debug_ranges)

.debug_macro
 *(.debug_macro)

.gnu.attributes
 *(.gnu.attributes)

/DISCARD/
 *(.note.GNU-stack)
 *(.gnu_debuglink)
 *(.gnu.lto_*)
OUTPUT(libsys.so.0.0 elf32-i386-minix)
